Component: ARM Compiler 5.06 update 4 (build 422) Tool: armlink [4d35d2]

==============================================================================

Section Cross References

    startup_stm32f10x_md.o(STACK) refers (Special) to heapauxi.o(.text) for __use_two_region_memory
    startup_stm32f10x_md.o(HEAP) refers (Special) to heapauxi.o(.text) for __use_two_region_memory
    startup_stm32f10x_md.o(RESET) refers (Special) to heapauxi.o(.text) for __use_two_region_memory
    startup_stm32f10x_md.o(RESET) refers to startup_stm32f10x_md.o(STACK) for __initial_sp
    startup_stm32f10x_md.o(RESET) refers to startup_stm32f10x_md.o(.text) for Reset_Handler
    startup_stm32f10x_md.o(RESET) refers to stm32f10x_it.o(.text) for NMI_Handler
    startup_stm32f10x_md.o(RESET) refers to candata.o(.text) for USB_LP_CAN1_RX0_IRQHandler
    startup_stm32f10x_md.o(RESET) refers to timirqhandler.o(.text) for TIM2_IRQHandler
    startup_stm32f10x_md.o(.text) refers (Special) to heapauxi.o(.text) for __use_two_region_memory
    startup_stm32f10x_md.o(.text) refers to system_stm32f10x.o(.text) for SystemInit
    startup_stm32f10x_md.o(.text) refers to __main.o(!!!main) for __main
    startup_stm32f10x_md.o(.text) refers to startup_stm32f10x_md.o(HEAP) for Heap_Mem
    startup_stm32f10x_md.o(.text) refers to startup_stm32f10x_md.o(STACK) for Stack_Mem
    function.o(.text) refers to candata.o(.text) for Send_CAN_DataFrame_Single
    function.o(.text) refers to stm32f10x_gpio.o(.text) for GPIO_SetBits
    function.o(.text) refers to function.o(.data) for passwordFlag
    function.o(.text) refers to function.o(.bss) for TxBuff
    function.o(.text) refers to timirqhandler.o(.text) for GetLedStatus
    function.o(.text) refers to stm32f10x_flash.o(.text) for FLASH_Unlock
    main.o(.text) refers to stm32f10x_iwdg.o(.text) for IWDG_WriteAccessCmd
    main.o(.text) refers to stm32f10x_can.o(.text) for CAN_FilterInit
    main.o(.text) refers to system_stm32f10x.o(.text) for SystemInit
    main.o(.text) refers to rccandnvic.o(.text) for RCC_Configuration
    main.o(.text) refers to gpioint.o(.text) for GPIOInit
    main.o(.text) refers to candata.o(.text) for CAN_Configuration
    main.o(.text) refers to timirqhandler.o(.text) for TIM_Configuration
    main.o(.text) refers to function.o(.text) for flashstor
    main.o(.text) refers to function.o(.data) for SendHeartbeatFlag
    systick.o(.text) refers to system_stm32f10x.o(.data) for SystemCoreClock
    systick.o(.text) refers to systick.o(.data) for TimingDelay
    candata.o(.text) refers to stm32f10x_can.o(.text) for CAN_DeInit
    candata.o(.text) refers to function.o(.text) for PASC
    candata.o(.text) refers to function.o(.data) for MAUFunFlag
    candata.o(.text) refers to candata.o(.data) for FuncNumber
    candata.o(.text) refers to function.o(.bss) for Receive_Buf
    candata.o(.text) refers to timirqhandler.o(.data) for RUNledstatus
    timirqhandler.o(.text) refers to stm32f10x_tim.o(.text) for TIM_DeInit
    timirqhandler.o(.text) refers to stm32f10x_gpio.o(.text) for GPIO_ResetBits
    timirqhandler.o(.text) refers to timirqhandler.o(.bss) for Led_Status
    timirqhandler.o(.text) refers to function.o(.bss) for LEDStatus
    timirqhandler.o(.text) refers to timirqhandler.o(.data) for HeartsendCnt
    timirqhandler.o(.text) refers to function.o(.data) for SendHeartbeatFlag
    timirqhandler.o(.text) refers to function.o(.text) for LEDALL
    timirqhandler.o(.text) refers to rt_memclr.o(.text) for __aeabi_memclr
    timirqhandler.o(.text) refers to candata.o(.data) for CPUOFFLINEFLAG
    gpioint.o(.text) refers to stm32f10x_gpio.o(.text) for GPIO_Init
    rccandnvic.o(.text) refers to stm32f10x_rcc.o(.text) for RCC_DeInit
    rccandnvic.o(.text) refers to stm32f10x_flash.o(.text) for FLASH_SetLatency
    rccandnvic.o(.text) refers to misc.o(.text) for NVIC_PriorityGroupConfig
    stm32f10x_adc.o(.text) refers to stm32f10x_rcc.o(.text) for RCC_APB2PeriphResetCmd
    stm32f10x_can.o(.text) refers to stm32f10x_rcc.o(.text) for RCC_APB1PeriphResetCmd
    stm32f10x_gpio.o(.text) refers to stm32f10x_rcc.o(.text) for RCC_APB2PeriphResetCmd
    stm32f10x_pwr.o(.text) refers to stm32f10x_rcc.o(.text) for RCC_APB1PeriphResetCmd
    stm32f10x_rcc.o(.text) refers to stm32f10x_rcc.o(.data) for APBAHBPrescTable
    stm32f10x_tim.o(.text) refers to stm32f10x_rcc.o(.text) for RCC_APB2PeriphResetCmd
    system_stm32f10x.o(.text) refers to system_stm32f10x.o(.data) for SystemCoreClock
    rt_memclr.o(.text) refers to rt_memclr_w.o(.text) for _memset_w
    __main.o(!!!main) refers to __rtentry.o(.ARM.Collect$$rtentry$$00000000) for __rt_entry
    __rtentry.o(.ARM.Collect$$rtentry$$00000000) refers (Special) to __rtentry2.o(.ARM.Collect$$rtentry$$0000000A) for __rt_entry_li
    __rtentry.o(.ARM.Collect$$rtentry$$00000000) refers (Special) to __rtentry2.o(.ARM.Collect$$rtentry$$0000000D) for __rt_entry_main
[...]
    __rtentry.o(.ARM.Collect$$rtentry$$00000000) refers (Special) to __rtentry2.o(.ARM.Collect$$rtentry$$00000002) for __rt_entry_presh_1
    __rtentry.o(.ARM.Collect$$rtentry$$00000000) refers (Special) to __rtentry4.o(.ARM.Collect$$rtentry$$00000004) for __rt_entry_sh
    __rtentry2.o(.ARM.Collect$$rtentry$$00000008) refers to boardinit2.o(.text) for _platform_post_stackheap_init
    __rtentry2.o(.ARM.Collect$$rtentry$$0000000A) refers to libinit.o(.ARM.Collect$$libinit$$00000000) for __rt_lib_init
    __rtentry2.o(.ARM.Collect$$rtentry$$0000000B) refers to boardinit3.o(.text) for _platform_post_lib_init
    __rtentry2.o(.ARM.Collect$$rtentry$$0000000D) refers to main.o(.text) for main
    __rtentry2.o(.ARM.Collect$$rtentry$$0000000D) refers to exit.o(.text) for exit
    __rtentry2.o(.ARM.exidx) refers to __rtentry2.o(.ARM.Collect$$rtentry$$00000001) for .ARM.Collect$$rtentry$$00000001
    __rtentry2.o(.ARM.exidx) refers to __rtentry2.o(.ARM.Collect$$rtentry$$00000008) for .ARM.Collect$$rtentry$$00000008
    __rtentry2.o(.ARM.exidx) refers to __rtentry2.o(.ARM.Collect$$rtentry$$0000000A) for .ARM.Collect$$rtentry$$0000000A
    __rtentry2.o(.ARM.exidx) refers to __rtentry2.o(.ARM.Collect$$rtentry$$0000000B) for .ARM.Collect$$rtentry$$0000000B
    __rtentry2.o(.ARM.exidx) refers to __rtentry2.o(.ARM.Collect$$rtentry$$0000000D) for .ARM.Collect$$rtentry$$0000000D
    __rtentry4.o(.ARM.Collect$$rtentry$$00000004) refers to sys_stackheap_outer.o(.text) for __user_setup_stackheap
    __rtentry4.o(.ARM.exidx) refers to __rtentry4.o(.ARM.Collect$$rtentry$$00000004) for .ARM.Collect$$rtentry$$00000004
    sys_stackheap_outer.o(.text) refers to libspace.o(.text) for __user_perproc_libspace
    sys_stackheap_outer.o(.text) refers to startup_stm32f10x_md.o(.text) for __user_initial_stackheap
    exit.o(.text) refers to rtexit.o(.ARM.Collect$$rtexit$$00000000) for __rt_exit
    libinit.o(.ARM.Collect$$libinit$$00000000) refers (Special) to libinit2.o(.ARM.Collect$$libinit$$0000002E) for __rt_lib_init_alloca_1
    libinit.o(.ARM.Collect$$libinit$$00000000) refers (Special) to libinit2.o(.ARM.Collect$$libinit$$0000002C) for __rt_lib_init_argv_1
    libinit.o(.ARM.Collect$$libinit$$00000000) refers (Special) to libinit2.o(.ARM.Collect$$libinit$$0000001B) for __rt_lib_init_atexit_1
    libinit.o(.ARM.Collect$$libinit$$00000000) refers (Special) to libinit2.o(.ARM.Collect$$libinit$$00000021) for __rt_lib_init_clock_1
    libinit.o(.ARM.Collect$$libinit$$00000000) refers (Special) to libinit2.o(.ARM.Collect$$libinit$$00000032) for __rt_lib_init_cpp_1
    libinit.o(.ARM.Collect$$libinit$$00000000) refers (Special) to libinit2.o(.ARM.Collect$$libinit$$00000030) for __rt_lib_init_exceptions_1
    libinit.o(.ARM.Collect$$libinit$$00000000) refers (Special) to libinit2.o(.ARM.Collect$$libinit$$00000002) for __rt_lib_init_fp_1
    libinit.o(.ARM.Collect$$libinit$$00000000) refers (Special) to libinit2.o(.ARM.Collect$$libinit$$0000001F) for __rt_lib_init_fp_trap_1
    libinit.o(.ARM.Collect$$libinit$$00000000) refers (Special) to libinit2.o(.ARM.Collect$$libinit$$00000023) for __rt_lib_init_getenv_1
    libinit.o(.ARM.Collect$$libinit$$00000000) refers (Special) to libinit2.o(.ARM.Collect$$libinit$$0000000A) for __rt_lib_init_heap_1
    libinit.o(.ARM.Collect$$libinit$$00000000) refers (Special) to libinit2.o(.ARM.Collect$$libinit$$00000011) for __rt_lib_init_lc_collate_1
    libinit.o(.ARM.Collect$$libinit$$00000000) refers (Special) to libinit2.o(.ARM.Collect$$libinit$$00000013) for __rt_lib_init_lc_ctype_1
    libinit.o(.ARM.Collect$$libinit$$00000000) refers (Special) to libinit2.o(.ARM.Collect$$libinit$$00000015) for __rt_lib_init_lc_monetary_1
    libinit.o(.ARM.Collect$$libinit$$00000000) refers (Special) to libinit2.o(.ARM.Collect$$libinit$$00000017) for __rt_lib_init_lc_numeric_1
    libinit.o(.ARM.Collect$$libinit$$00000000) refers (Special) to libinit2.o(.ARM.Collect$$libinit$$00000019) for __rt_lib_init_lc_time_1
    libinit.o(.ARM.Collect$$libinit$$00000000) refers (Special) to libinit2.o(.ARM.Collect$$libinit$$00000004) for __rt_lib_init_preinit_1
    libinit.o(.ARM.Collect$$libinit$$00000000) refers (Special) to libinit2.o(.ARM.Collect$$libinit$$0000000E) for __rt_lib_init_rand_1
    libinit.o(.ARM.Collect$$libinit$$00000000) refers (Special) to libinit2.o(.ARM.Collect$$libinit$$00000033) for __rt_lib_init_return
    libinit.o(.ARM.Collect$$libinit$$00000000) refers (Special) to libinit2.o(.ARM.Collect$$libinit$$0000001D) for __rt_lib_init_signal_1
    libinit.o(.ARM.Collect$$libinit$$00000000) refers (Special) to libinit2.o(.ARM.Collect$$libinit$$00000025) for __rt_lib_init_stdio_1
    libinit.o(.ARM.Collect$$libinit$$00000000) refers (Special) to libinit2.o(.ARM.Collect$$libinit$$0000000C) for __rt_lib_init_user_alloc_1
    libspace.o(.text) refers to libspace.o(.bss) for __libspace_start
    rtexit.o(.ARM.Collect$$rtexit$$00000000) refers (Special) to rtexit2.o(.ARM.Collect$$rtexit$$00000004) for __rt_exit_exit
    rtexit.o(.ARM.Collect$$rtexit$$00000000) refers (Special) to rtexit2.o(.ARM.Collect$$rtexit$$00000003) for __rt_exit_ls
    rtexit.o(.ARM.Collect$$rtexit$$00000000) refers (Special) to rtexit2.o(.ARM.Collect$$rtexit$$00000002) for __rt_exit_prels_1
    rtexit.o(.ARM.exidx) refers (Special) to rtexit2.o(.ARM.Collect$$rtexit$$00000004) for __rt_exit_exit
    rtexit.o(.ARM.exidx) refers (Special) to rtexit2.o(.ARM.Collect$$rtexit$$00000003) for __rt_exit_ls
    rtexit.o(.ARM.exidx) refers (Special) to rtexit2.o(.ARM.Collect$$rtexit$$00000002) for __rt_exit_prels_1
    rtexit.o(.ARM.exidx) refers to rtexit.o(.ARM.Collect$$rtexit$$00000000) for .ARM.Collect$$rtexit$$00000000
    libinit2.o(.ARM.Collect$$libinit$$00000010) refers to libinit2.o(.ARM.Collect$$libinit$$0000000F) for .ARM.Collect$$libinit$$0000000F
    libinit2.o(.ARM.Collect$$libinit$$00000012) refers to libinit2.o(.ARM.Collect$$libinit$$0000000F) for .ARM.Collect$$libinit$$0000000F
    libinit2.o(.ARM.Collect$$libinit$$00000014) refers to libinit2.o(.ARM.Collect$$libinit$$0000000F) for .ARM.Collect$$libinit$$0000000F
    libinit2.o(.ARM.Collect$$libinit$$00000016) refers to libinit2.o(.ARM.Collect$$libinit$$0000000F) for .ARM.Collect$$libinit$$0000000F
    libinit2.o(.ARM.Collect$$libinit$$00000018) refers to libinit2.o(.ARM.Collect$$libinit$$0000000F) for .ARM.Collect$$libinit$$0000000F
    libinit2.o(.ARM.Collect$$libinit$$00000026) refers to argv_veneer.o(.emb_text) for __ARM_argv_veneer
    libinit2.o(.ARM.Collect$$libinit$$00000027) refers to argv_veneer.o(.emb_text) for __ARM_argv_veneer
    rtexit2.o(.ARM.Collect$$rtexit$$00000003) refers to libshutdown.o(.ARM.Collect$$libshutdown$$00000000) for __rt_lib_shutdown
    rtexit2.o(.ARM.Collect$$rtexit$$00000004) refers to sys_exit.o(.text) for _sys_exit
    rtexit2.o(.ARM.exidx) refers to rtexit2.o(.ARM.Collect$$rtexit$$00000001) for .ARM.Collect$$rtexit$$00000001
    rtexit2.o(.ARM.exidx) refers to rtexit2.o(.ARM.Collect$$rtexit$$00000003) for .ARM.Collect$$rtexit$$00000003
    rtexit2.o(.ARM.exidx) refers to rtexit2.o(.ARM.Collect$$rtexit$$00000004) for .ARM.Collect$$rtexit$$00000004
    argv_veneer.o(.emb_text) refers to no_argv.o(.text) for __ARM_get_argv
    sys_exit.o(.text) refers (Special) to use_no_semi.o(.text) for __I$use$semihosting
    sys_exit.o(.text) refers (Special) to indicate_semi.o(.text) for __semihosting_library_function
    _get_argv_nomalloc.o(.text) refers (Special) to hrguard.o(.text) for __heap_region$guard
    _get_argv_nomalloc.o(.text) refers to defsig_rtmem_outer.o(.text) for __rt_SIGRTMEM
    _get_argv_nomalloc.o(.text) refers to sys_command.o(.text) for _sys_command_string
    libshutdown.o(.ARM.Collect$$libshutdown$$00000000) refers (Special) to libshutdown2.o(.ARM.Collect$$libshutdown$$00000002) for __rt_lib_shutdown_cpp_1
    libshutdown.o(.ARM.Collect$$libshutdown$$00000000) refers (Special) to libshutdown2.o(.ARM.Collect$$libshutdown$$00000007) for __rt_lib_shutdown_fp_trap_1
    libshutdown.o(.ARM.Collect$$libshutdown$$00000000) refers (Special) to libshutdown2.o(.ARM.Collect$$libshutdown$$0000000F) for __rt_lib_shutdown_heap_1
    libshutdown.o(.ARM.Collect$$libshutdown$$00000000) refers (Special) to libshutdown2.o(.ARM.Collect$$libshutdown$$00000010) for __rt_lib_shutdown_return
    libshutdown.o(.ARM.Collect$$libshutdown$$00000000) refers (Special) to libshutdown2.o(.ARM.Collect$$libshutdown$$0000000A) for __rt_lib_shutdown_signal_1
    libshutdown.o(.ARM.Collect$$libshutdown$$00000000) refers (Special) to libshutdown2.o(.ARM.Collect$$libshutdown$$00000004) for __rt_lib_shutdown_stdio_1
    libshutdown.o(.ARM.Collect$$libshutdown$$00000000) refers (Special) to libshutdown2.o(.ARM.Collect$$libshutdown$$0000000C) for __rt_lib_shutdown_user_alloc_1
    sys_command.o(.text) refers (Special) to use_no_semi.o(.text) for __I$use$semihosting
    sys_command.o(.text) refers (Special) to indicate_semi.o(.text) for __semihosting_library_function
    defsig_rtmem_outer.o(.text) refers to defsig_rtmem_inner.o(.text) for __rt_SIGRTMEM_inner
    defsig_rtmem_outer.o(.text) refers to defsig_exit.o(.text) for __sig_exit
    defsig_rtmem_formal.o(.text) refers to rt_raise.o(.text) for __rt_raise
    rt_raise.o(.text) refers to __raise.o(.text) for __raise
    rt_raise.o(.text) refers to sys_exit.o(.text) for _sys_exit
    defsig_exit.o(.text) refers to sys_exit.o(.text) for _sys_exit
    defsig_rtmem_inner.o(.text) refers to defsig_general.o(.text) for __default_signal_display
    __raise.o(.text) refers to defsig.o(CL$$defsig) for __default_signal_handler
    defsig_general.o(.text) refers to sys_wrch.o(.text) for _ttywrch
    sys_wrch.o(.text) refers (Special) to use_no_semi.o(.text) for __I$use$semihosting
    sys_wrch.o(.text) refers (Special) to indicate_semi.o(.text) for __semihosting_library_function
    defsig.o(CL$$defsig) refers to defsig_rtmem_inner.o(.text) for __rt_SIGRTMEM_inner
    defsig_abrt_inner.o(.text) refers to defsig_general.o(.text) for __default_signal_display
    defsig_fpe_inner.o(.text) refers to defsig_general.o(.text) for __default_signal_display
    defsig_rtred_inner.o(.text) refers to defsig_general.o(.text) for __default_signal_display
    defsig_stak_inner.o(.text) refers to defsig_general.o(.text) for __default_signal_display
    defsig_pvfn_inner.o(.text) refers to defsig_general.o(.text) for __default_signal_display
    defsig_cppl_inner.o(.text) refers to defsig_general.o(.text) for __default_signal_display
    defsig_segv_inner.o(.text) refers to defsig_general.o(.text) for __default_signal_display
    defsig_other.o(.text) refers to defsig_general.o(.text) for __default_signal_display


==============================================================================

Removing Unused input sections from the image.

    Removing function.o(.rev16_text), (4 bytes).
    Removing function.o(.revsh_text), (4 bytes).
    Removing function.o(.rrx_text), (6 bytes).
    Removing main.o(.rev16_text), (4 bytes).
    Removing main.o(.revsh_text), (4 bytes).
    Removing main.o(.rrx_text), (6 bytes).
    Removing stm32f10x_it.o(.rev16_text), (4 bytes).
    Removing stm32f10x_it.o(.revsh_text), (4 bytes).
    Removing stm32f10x_it.o(.rrx_text), (6 bytes).
    Removing systick.o(.rev16_text), (4 bytes).
    Removing systick.o(.revsh_text), (4 bytes).
    Removing systick.o(.rrx_text), (6 bytes).
    Removing systick.o(.text), (220 bytes).
    Removing systick.o(.data), (4 bytes).
    Removing candata.o(.rev16_text), (4 bytes).
    Removing candata.o(.revsh_text), (4 bytes).
    Removing candata.o(.rrx_text), (6 bytes).
    Removing timirqhandler.o(.rev16_text), (4 bytes).
    Removing timirqhandler.o(.revsh_text), (4 bytes).
    Removing timirqhandler.o(.rrx_text), (6 bytes).
    Removing gpioint.o(.rev16_text), (4 bytes).
    Removing gpioint.o(.revsh_text), (4 bytes).
    Removing gpioint.o(.rrx_text), (6 bytes).
    Removing rccandnvic.o(.rev16_text), (4 bytes).
    Removing rccandnvic.o(.revsh_text), (4 bytes).
    Removing rccandnvic.o(.rrx_text), (6 bytes).
    Removing misc.o(.rev16_text), (4 bytes).
    Removing misc.o(.revsh_text), (4 bytes).
    Removing misc.o(.rrx_text), (6 bytes).
    Removing stm32f10x_adc.o(.rev16_text), (4 bytes).
    Removing stm32f10x_adc.o(.revsh_text), (4 bytes).
    Removing stm32f10x_adc.o(.rrx_text), (6 bytes).
    Removing stm32f10x_adc.o(.text), (1102 bytes).
    Removing stm32f10x_can.o(.rev16_text), (4 bytes).
    Removing stm32f10x_can.o(.revsh_text), (4 bytes).
    Removing stm32f10x_can.o(.rrx_text), (6 bytes).
    Removing stm32f10x_dma.o(.rev16_text), (4 bytes).
    Removing stm32f10x_dma.o(.revsh_text), (4 bytes).
    Removing stm32f10x_dma.o(.rrx_text), (6 bytes).
    Removing stm32f10x_dma.o(.text), (596 bytes).
    Removing stm32f10x_flash.o(.rev16_text), (4 bytes).
    Removing stm32f10x_flash.o(.revsh_text), (4 bytes).
    Removing stm32f10x_flash.o(.rrx_text), (6 bytes).
    Removing stm32f10x_gpio.o(.rev16_text), (4 bytes).
    Removing stm32f10x_gpio.o(.revsh_text), (4 bytes).
    Removing stm32f10x_gpio.o(.rrx_text), (6 bytes).
    Removing stm32f10x_iwdg.o(.rev16_text), (4 bytes).
    Removing stm32f10x_iwdg.o(.revsh_text), (4 bytes).
    Removing stm32f10x_iwdg.o(.rrx_text), (6 bytes).
    Removing stm32f10x_pwr.o(.rev16_text), (4 bytes).
    Removing stm32f10x_pwr.o(.revsh_text), (4 bytes).
    Removing stm32f10x_pwr.o(.rrx_text), (6 bytes).
    Removing stm32f10x_pwr.o(.text), (204 bytes).
    Removing stm32f10x_rcc.o(.rev16_text), (4 bytes).
    Removing stm32f10x_rcc.o(.revsh_text), (4 bytes).
    Removing stm32f10x_rcc.o(.rrx_text), (6 bytes).
    Removing stm32f10x_tim.o(.rev16_text), (4 bytes).
    Removing stm32f10x_tim.o(.revsh_text), (4 bytes).
    Removing stm32f10x_tim.o(.rrx_text), (6 bytes).
    Removing core_cm3.o(.emb_text), (32 bytes).
    Removing system_stm32f10x.o(.rev16_text), (4 bytes).
    Removing system_stm32f10x.o(.revsh_text), (4 bytes).
    Removing system_stm32f10x.o(.rrx_text), (6 bytes).

63 unused section(s) (total 2424 bytes) removed from the image.

==============================================================================

Image Symbol Table

    Local Symbols

    Symbol Name                              Value     Ov Type        Size  Object(Section)

    ../clib/angel/boardlib.s                 0x00000000   Number         0  boardinit3.o ABSOLUTE
    ../clib/angel/boardlib.s                 0x00000000   Number         0  boardinit2.o ABSOLUTE
    ../clib/angel/boardlib.s                 0x00000000   Number         0  boardshut.o ABSOLUTE
    ../clib/angel/boardlib.s                 0x00000000   Number         0  boardinit1.o ABSOLUTE
    ../clib/angel/handlers.s                 0x00000000   Number         0  __scatter_zi.o ABSOLUTE
    ../clib/angel/handlers.s                 0x00000000   Number         0  __scatter_copy.o ABSOLUTE
    ../clib/angel/kernel.s                   0x00000000   Number         0  rtexit2.o ABSOLUTE
    ../clib/angel/kernel.s                   0x00000000   Number         0  __rtentry2.o ABSOLUTE
    ../clib/angel/kernel.s                   0x00000000   Number         0  rtexit.o ABSOLUTE
    ../clib/angel/kernel.s                   0x00000000   Number         0  __rtentry.o ABSOLUTE
    ../clib/angel/kernel.s                   0x00000000   Number         0  __rtentry4.o ABSOLUTE
    ../clib/angel/rt.s                       0x00000000   Number         0  rt_raise.o ABSOLUTE
    ../clib/angel/scatter.s                  0x00000000   Number         0  __scatter.o ABSOLUTE
    ../clib/angel/startup.s                  0x00000000   Number         0  __main.o ABSOLUTE
    ../clib/angel/sys.s                      0x00000000   Number         0  indicate_semi.o ABSOLUTE
    ../clib/angel/sys.s                      0x00000000   Number         0  use_no_semi.o ABSOLUTE
    ../clib/angel/sys.s                      0x00000000   Number         0  sys_stackheap_outer.o ABSOLUTE
    ../clib/angel/sys.s                      0x00000000   Number         0  libspace.o ABSOLUTE
    ../clib/angel/sysapp.c                   0x00000000   Number         0  sys_wrch.o ABSOLUTE
    ../clib/angel/sysapp.c                   0x00000000   Number         0  sys_exit.o ABSOLUTE
    ../clib/angel/sysapp.c                   0x00000000   Number         0  sys_command.o ABSOLUTE
    ../clib/armsys.c                         0x00000000   Number         0  argv_veneer.o ABSOLUTE
    ../clib/armsys.c                         0x00000000   Number         0  _get_argv_nomalloc.o ABSOLUTE
    ../clib/armsys.c                         0x00000000   Number         0  no_argv.o ABSOLUTE
    ../clib/armsys.c                         0x00000000   Number         0  argv_veneer.o ABSOLUTE
    ../clib/heapalloc.c                      0x00000000   Number         0  hrguard.o ABSOLUTE
    ../clib/heapaux.c                        0x00000000   Number         0  heapauxi.o ABSOLUTE
    ../clib/libinit.s                        0x00000000   Number         0  libinit2.o ABSOLUTE
    ../clib/libinit.s                        0x00000000   Number         0  libshutdown.o ABSOLUTE
    ../clib/libinit.s                        0x00000000   Number         0  libinit.o ABSOLUTE
    ../clib/libinit.s                        0x00000000   Number         0  libshutdown2.o ABSOLUTE
    ../clib/memcpset.s                       0x00000000   Number         0  rt_memclr.o ABSOLUTE
    ../clib/memcpset.s                       0x00000000   Number         0  rt_memclr_w.o ABSOLUTE
    ../clib/signal.c                         0x00000000   Number         0  defsig_fpe_inner.o ABSOLUTE
    ../clib/signal.c                         0x00000000   Number         0  defsig_rtmem_outer.o ABSOLUTE
    ../clib/signal.c                         0x00000000   Number         0  defsig_other.o ABSOLUTE
    ../clib/signal.c                         0x00000000   Number         0  defsig_segv_inner.o ABSOLUTE
    ../clib/signal.c                         0x00000000   Number         0  defsig_cppl_inner.o ABSOLUTE
    ../clib/signal.c                         0x00000000   Number         0  defsig_general.o ABSOLUTE
    ../clib/signal.c                         0x00000000   Number         0  defsig_pvfn_inner.o ABSOLUTE
    ../clib/signal.c                         0x00000000   Number         0  defsig_stak_inner.o ABSOLUTE
    ../clib/signal.c                         0x00000000   Number         0  defsig_rtred_inner.o ABSOLUTE
    ../clib/signal.c                         0x00000000   Number         0  defsig_abrt_inner.o ABSOLUTE
    ../clib/signal.c                         0x00000000   Number         0  __raise.o ABSOLUTE
    ../clib/signal.c                         0x00000000   Number         0  defsig_rtmem_inner.o ABSOLUTE
    ../clib/signal.c                         0x00000000   Number         0  defsig_exit.o ABSOLUTE
    ../clib/signal.c                         0x00000000   Number         0  defsig_rtmem_formal.o ABSOLUTE
    ../clib/signal.s                         0x00000000   Number         0  defsig.o ABSOLUTE
    ../clib/stdlib.c                         0x00000000   Number         0  exit.o ABSOLUTE
    ../fplib/fpinit.s                        0x00000000   Number         0  fpinit.o ABSOLUTE
    ..\CMSIS\CoreSupport\core_cm3.c          0x00000000   Number         0  core_cm3.o ABSOLUTE
    ..\CMSIS\DeviceSupport\ST\STM32F10x\system_stm32f10x.c 0x00000000   Number         0  system_stm32f10x.o ABSOLUTE
    ..\FWlib\src\misc.c                      0x00000000   Number         0  misc.o ABSOLUTE
    ..\FWlib\src\stm32f10x_adc.c             0x00000000   Number         0  stm32f10x_adc.o ABSOLUTE
    ..\FWlib\src\stm32f10x_can.c             0x00000000   Number         0  stm32f10x_can.o ABSOLUTE
    ..\FWlib\src\stm32f10x_dma.c             0x00000000   Number         0  stm32f10x_dma.o ABSOLUTE
    ..\FWlib\src\stm32f10x_flash.c           0x00000000   Number         0  stm32f10x_flash.o ABSOLUTE
    ..\FWlib\src\stm32f10x_gpio.c            0x00000000   Number         0  stm32f10x_gpio.o ABSOLUTE
    ..\FWlib\src\stm32f10x_iwdg.c            0x00000000   Number         0  stm32f10x_iwdg.o ABSOLUTE
    ..\FWlib\src\stm32f10x_pwr.c             0x00000000   Number         0  stm32f10x_pwr.o ABSOLUTE
    ..\FWlib\src\stm32f10x_rcc.c             0x00000000   Number         0  stm32f10x_rcc.o ABSOLUTE
    ..\FWlib\src\stm32f10x_tim.c             0x00000000   Number         0  stm32f10x_tim.o ABSOLUTE
    ..\USER\RCCANDNVIC.c                     0x00000000   Number         0  rccandnvic.o ABSOLUTE
    ..\USER\SysTick.c                        0x00000000   Number         0  systick.o ABSOLUTE
    ..\USER\TIMIRQHandler.c                  0x00000000   Number         0  timirqhandler.o ABSOLUTE
    ..\USER\candata.c                        0x00000000   Number         0  candata.o ABSOLUTE
    ..\USER\function.c                       0x00000000   Number         0  function.o ABSOLUTE
    ..\USER\gpioint.c                        0x00000000   Number         0  gpioint.o ABSOLUTE
    ..\USER\main.c                           0x00000000   Number         0  main.o ABSOLUTE
    ..\USER\stm32f10x_it.c                   0x00000000   Number         0  stm32f10x_it.o ABSOLUTE
    ..\\CMSIS\\CoreSupport\\core_cm3.c       0x00000000   Number         0  core_cm3.o ABSOLUTE
    ..\\CMSIS\\DeviceSupport\\ST\\STM32F10x\\system_stm32f10x.c 0x00000000   Number         0  system_stm32f10x.o ABSOLUTE
    ..\\FWlib\\src\\misc.c                   0x00000000   Number         0  misc.o ABSOLUTE
    ..\\FWlib\\src\\stm32f10x_adc.c          0x00000000   Number         0  stm32f10x_adc.o ABSOLUTE
    ..\\FWlib\\src\\stm32f10x_can.c          0x00000000   Number         0  stm32f10x_can.o ABSOLUTE
    ..\\FWlib\\src\\stm32f10x_dma.c          0x00000000   Number         0  stm32f10x_dma.o ABSOLUTE
    ..\\FWlib\\src\\stm32f10x_flash.c        0x00000000   Number         0  stm32f10x_flash.o ABSOLUTE
    ..\\FWlib\\src\\stm32f10x_gpio.c         0x00000000   Number         0  stm32f10x_gpio.o ABSOLUTE
    ..\\FWlib\\src\\stm32f10x_iwdg.c         0x00000000   Number         0  stm32f10x_iwdg.o ABSOLUTE
    ..\\FWlib\\src\\stm32f10x_pwr.c          0x00000000   Number         0  stm32f10x_pwr.o ABSOLUTE
    ..\\FWlib\\src\\stm32f10x_rcc.c          0x00000000   Number         0  stm32f10x_rcc.o ABSOLUTE
    ..\\FWlib\\src\\stm32f10x_tim.c          0x00000000   Number         0  stm32f10x_tim.o ABSOLUTE
    ..\\USER\\RCCANDNVIC.c                   0x00000000   Number         0  rccandnvic.o ABSOLUTE
    ..\\USER\\SysTick.c                      0x00000000   Number         0  systick.o ABSOLUTE
    ..\\USER\\TIMIRQHandler.c                0x00000000   Number         0  timirqhandler.o ABSOLUTE
    ..\\USER\\candata.c                      0x00000000   Number         0  candata.o ABSOLUTE
    ..\\USER\\function.c                     0x00000000   Number         0  function.o ABSOLUTE
    ..\\USER\\gpioint.c                      0x00000000   Number         0  gpioint.o ABSOLUTE
    ..\\USER\\main.c                         0x00000000   Number         0  main.o ABSOLUTE
    ..\\USER\\stm32f10x_it.c                 0x00000000   Number         0  stm32f10x_it.o ABSOLUTE
    dc.s                                     0x00000000   Number         0  dc.o ABSOLUTE
    startup_stm32f10x_md.s                   0x00000000   Number         0  startup_stm32f10x_md.o ABSOLUTE
    RESET                                    0x08000000   Section      236  startup_stm32f10x_md.o(RESET)
    !!!main                                  0x080000ec   Section        8  __main.o(!!!main)
    !!!scatter                               0x080000f4   Section       52  __scatter.o(!!!scatter)
    !!handler_copy                           0x08000128   Section       26  __scatter_copy.o(!!handler_copy)
    !!handler_zi                             0x08000144   Section       28  __scatter_zi.o(!!handler_zi)
    .ARM.Collect$$libinit$$00000000          0x08000160   Section        2  libinit.o(.ARM.Collect$$libinit$$00000000)
    .ARM.Collect$$libinit$$00000002          0x08000162   Section        0  libinit2.o(.ARM.Collect$$libinit$$00000002)
    .ARM.Collect$$libinit$$00000004          0x08000162   Section        0  libinit2.o(.ARM.Collect$$libinit$$00000004)
    .ARM.Collect$$libinit$$0000000A          0x08000162   Section        0  libinit2.o(.ARM.Collect$$libinit$$0000000A)
    .ARM.Collect$$libinit$$0000000C          0x08000162   Section        0  libinit2.o(.ARM.Collect$$libinit$$0000000C)
    .ARM.Collect$$libinit$$0000000E          0x08000162   Section        0  libinit2.o(.ARM.Collect$$libinit$$0000000E)
    .ARM.Collect$$libinit$$00000011          0x08000162   Section        0  libinit2.o(.ARM.Collect$$libinit$$00000011)
    .ARM.Collect$$libinit$$00000013          0x08000162   Section        0  libinit2.o(.ARM.Collect$$libinit$$00000013)
    .ARM.Collect$$libinit$$00000015          0x08000162   Section        0  libinit2.o(.ARM.Collect$$libinit$$00000015)
    .ARM.Collect$$libinit$$00000017          0x08000162   Section        0  libinit2.o(.ARM.Collect$$libinit$$00000017)
    .ARM.Collect$$libinit$$00000019          0x08000162   Section        0  libinit2.o(.ARM.Collect$$libinit$$00000019)
    .ARM.Collect$$libinit$$0000001B          0x08000162   Section        0  libinit2.o(.ARM.Collect$$libinit$$0000001B)
    .ARM.Collect$$libinit$$0000001D          0x08000162   Section        0  libinit2.o(.ARM.Collect$$libinit$$0000001D)
    .ARM.Collect$$libinit$$0000001F          0x08000162   Section        0  libinit2.o(.ARM.Collect$$libinit$$0000001F)
    .ARM.Collect$$libinit$$00000021          0x08000162   Section        0  libinit2.o(.ARM.Collect$$libinit$$00000021)
    .ARM.Collect$$libinit$$00000023          0x08000162   Section        0  libinit2.o(.ARM.Collect$$libinit$$00000023)
    .ARM.Collect$$libinit$$00000025          0x08000162   Section        0  libinit2.o(.ARM.Collect$$libinit$$00000025)
    .ARM.Collect$$libinit$$0000002C          0x08000162   Section        0  libinit2.o(.ARM.Collect$$libinit$$0000002C)
    .ARM.Collect$$libinit$$0000002E          0x08000162   Section        0  libinit2.o(.ARM.Collect$$libinit$$0000002E)
    .ARM.Collect$$libinit$$00000030          0x08000162   Section        0  libinit2.o(.ARM.Collect$$libinit$$00000030)
    .ARM.Collect$$libinit$$00000032          0x08000162   Section        0  libinit2.o(.ARM.Collect$$libinit$$00000032)
    .ARM.Collect$$libinit$$00000033          0x08000162   Section        2  libinit2.o(.ARM.Collect$$libinit$$00000033)
    .ARM.Collect$$libshutdown$$00000000      0x08000164   Section        2  libshutdown.o(.ARM.Collect$$libshutdown$$00000000)
    .ARM.Collect$$libshutdown$$00000002      0x08000166   Section        0  libshutdown2.o(.ARM.Collect$$libshutdown$$00000002)
    .ARM.Collect$$libshutdown$$00000004      0x08000166   Section        0  libshutdown2.o(.ARM.Collect$$libshutdown$$00000004)
    .ARM.Collect$$libshutdown$$00000007      0x08000166   Section        0  libshutdown2.o(.ARM.Collect$$libshutdown$$00000007)
    .ARM.Collect$$libshutdown$$0000000A      0x08000166   Section        0  libshutdown2.o(.ARM.Collect$$libshutdown$$0000000A)
    .ARM.Collect$$libshutdown$$0000000C      0x08000166   Section        0  libshutdown2.o(.ARM.Collect$$libshutdown$$0000000C)
    .ARM.Collect$$libshutdown$$0000000F      0x08000166   Section        0  libshutdown2.o(.ARM.Collect$$libshutdown$$0000000F)
    .ARM.Collect$$libshutdown$$00000010      0x08000166   Section        2  libshutdown2.o(.ARM.Collect$$libshutdown$$00000010)
    .ARM.Collect$$rtentry$$00000000          0x08000168   Section        0  __rtentry.o(.ARM.Collect$$rtentry$$00000000)
    .ARM.Collect$$rtentry$$00000002          0x08000168   Section        0  __rtentry2.o(.ARM.Collect$$rtentry$$00000002)
    .ARM.Collect$$rtentry$$00000004          0x08000168   Section        6  __rtentry4.o(.ARM.Collect$$rtentry$$00000004)
    .ARM.Collect$$rtentry$$00000009          0x0800016e   Section        0  __rtentry2.o(.ARM.Collect$$rtentry$$00000009)
    .ARM.Collect$$rtentry$$0000000A          0x0800016e   Section        4  __rtentry2.o(.ARM.Collect$$rtentry$$0000000A)
    .ARM.Collect$$rtentry$$0000000C          0x08000172   Section        0  __rtentry2.o(.ARM.Collect$$rtentry$$0000000C)
    .ARM.Collect$$rtentry$$0000000D          0x08000172   Section        8  __rtentry2.o(.ARM.Collect$$rtentry$$0000000D)
    .ARM.Collect$$rtexit$$00000000           0x0800017a   Section        2  rtexit.o(.ARM.Collect$$rtexit$$00000000)
    .ARM.Collect$$rtexit$$00000002           0x0800017c   Section        0  rtexit2.o(.ARM.Collect$$rtexit$$00000002)
    .ARM.Collect$$rtexit$$00000003           0x0800017c   Section        4  rtexit2.o(.ARM.Collect$$rtexit$$00000003)
    .ARM.Collect$$rtexit$$00000004           0x08000180   Section        6  rtexit2.o(.ARM.Collect$$rtexit$$00000004)
    .text                                    0x08000188   Section       64  startup_stm32f10x_md.o(.text)
    .text                                    0x080001c8   Section        0  function.o(.text)
    .text                                    0x08001210   Section        0  main.o(.text)
    CAN_Filter_Config                        0x0800124f   Thumb Code   138  main.o(.text)
    .text                                    0x08001340   Section        0  stm32f10x_it.o(.text)
    .text                                    0x0800135c   Section        0  candata.o(.text)
    .text                                    0x08001858   Section        0  timirqhandler.o(.text)
    .text                                    0x080024f0   Section        0  gpioint.o(.text)
    .text                                    0x0800278c   Section        0  rccandnvic.o(.text)
    .text                                    0x080028a4   Section        0  misc.o(.text)
    .text                                    0x08002980   Section        0  stm32f10x_can.o(.text)
    CheckITStatus                            0x08003183   Thumb Code    18  stm32f10x_can.o(.text)
    .text                                    0x08003370   Section        0  stm32f10x_flash.o(.text)
    .text                                    0x0800392c   Section        0  stm32f10x_gpio.o(.text)
    .text                                    0x08003c88   Section        0  stm32f10x_iwdg.o(.text)
    .text                                    0x08003cc8   Section        0  stm32f10x_rcc.o(.text)
    .text                                    0x0800406c   Section        0  stm32f10x_tim.o(.text)
    TI4_Config                               0x08004513   Thumb Code   130  stm32f10x_tim.o(.text)
    TI3_Config                               0x080045a7   Thumb Code   122  stm32f10x_tim.o(.text)
    TI2_Config                               0x0800463b   Thumb Code   130  stm32f10x_tim.o(.text)
    TI1_Config                               0x080046cf   Thumb Code   108  stm32f10x_tim.o(.text)
    .text                                    0x08004e88   Section        0  system_stm32f10x.o(.text)
    SetSysClockTo72                          0x08004e89   Thumb Code   214  system_stm32f10x.o(.text)
    SetSysClock                              0x08004f5f   Thumb Code     8  system_stm32f10x.o(.text)
    .text                                    0x08005068   Section       68  rt_memclr.o(.text)
    .text                                    0x080050ac   Section        0  heapauxi.o(.text)
    .text                                    0x080050b2   Section       78  rt_memclr_w.o(.text)
    .text                                    0x08005100   Section       74  sys_stackheap_outer.o(.text)
    .text                                    0x0800514a   Section        0  exit.o(.text)
    .text                                    0x0800515c   Section        8  libspace.o(.text)
    .text                                    0x08005164   Section        0  sys_exit.o(.text)
    .text                                    0x08005170   Section        2  use_no_semi.o(.text)
    .text                                    0x08005172   Section        0  indicate_semi.o(.text)
    .data                                    0x20000000   Section       29  function.o(.data)
    .data                                    0x2000001e   Section       12  candata.o(.data)
    .data                                    0x2000002c   Section       40  timirqhandler.o(.data)
    .data                                    0x20000054   Section       20  stm32f10x_rcc.o(.data)
    APBAHBPrescTable                         0x20000054   Data          16  stm32f10x_rcc.o(.data)
    ADCPrescTable                            0x20000064   Data           4  stm32f10x_rcc.o(.data)
    .data                                    0x20000068   Section       20  system_stm32f10x.o(.data)
    .bss                                     0x2000007c   Section       96  function.o(.bss)
    .bss                                     0x200000dc   Section       16  timirqhandler.o(.bss)
    .bss                                     0x200000ec   Section       96  libspace.o(.bss)
    HEAP                                     0x20000150   Section      512  startup_stm32f10x_md.o(HEAP)
    Heap_Mem                                 0x20000150   Data         512  startup_stm32f10x_md.o(HEAP)
    STACK                                    0x20000350   Section     1024  startup_stm32f10x_md.o(STACK)
    Stack_Mem                                0x20000350   Data        1024  startup_stm32f10x_md.o(STACK)
    __initial_sp                             0x20000750   Data           0  startup_stm32f10x_md.o(STACK)

    Global Symbols

    Symbol Name                              Value     Ov Type        Size  Object(Section)

    BuildAttributes$$THM_ISAv4$P$D$K$B$S$PE$A:L22UL41UL21$X:L11$S22US41US21$IEEE1$IW$USESV6$~STKCKD$USESV7$~SHL$OSPACE$ROPI$EBA8$UX$STANDARDLIB$REQ8$PRES8$EABIv2 0x00000000   Number         0  anon$$obj.o ABSOLUTE
    __ARM_use_no_argv                        0x00000000   Number         0  main.o ABSOLUTE
    __ARM_exceptions_init                     - Undefined Weak Reference
    __alloca_initialize                       - Undefined Weak Reference
    __arm_preinit_                            - Undefined Weak Reference
    __cpp_initialize__aeabi_                  - Undefined Weak Reference
    __cxa_finalize                            - Undefined Weak Reference
    __rt_locale                               - Undefined Weak Reference
    __sigvec_lookup                           - Undefined Weak Reference
    _atexit_init                              - Undefined Weak Reference
    _call_atexit_fns                          - Undefined Weak Reference
    _clock_init                               - Undefined Weak Reference
    _fp_trap_init                             - Undefined Weak Reference
    _fp_trap_shutdown                         - Undefined Weak Reference
    _get_lc_collate                           - Undefined Weak Reference
    _get_lc_ctype                             - Undefined Weak Reference
    _get_lc_monetary                          - Undefined Weak Reference
    _get_lc_numeric                           - Undefined Weak Reference
    _get_lc_time                              - Undefined Weak Reference
    _getenv_init                              - Undefined Weak Reference
    _handle_redirection                       - Undefined Weak Reference
    _init_alloc                               - Undefined Weak Reference
    _init_user_alloc                          - Undefined Weak Reference
    _initio                                   - Undefined Weak Reference
    _rand_init                                - Undefined Weak Reference
    _signal_finish                            - Undefined Weak Reference
    _signal_init                              - Undefined Weak Reference
    _terminate_alloc                          - Undefined Weak Reference
    _terminate_user_alloc                     - Undefined Weak Reference
    _terminateio                              - Undefined Weak Reference
    __Vectors_Size                           0x000000ec   Number         0  startup_stm32f10x_md.o ABSOLUTE
    __Vectors                                0x08000000   Data           4  startup_stm32f10x_md.o(RESET)
    __Vectors_End                            0x080000ec   Data           0  startup_stm32f10x_md.o(RESET)
    __main                                   0x080000ed   Thumb Code     8  __main.o(!!!main)
    __scatterload                            0x080000f5   Thumb Code     0  __scatter.o(!!!scatter)
    __scatterload_rt2                        0x080000f5   Thumb Code    44  __scatter.o(!!!scatter)
    __scatterload_rt2_thumb_only             0x080000f5   Thumb Code     0  __scatter.o(!!!scatter)
    __scatterload_null                       0x08000103   Thumb Code     0  __scatter.o(!!!scatter)
    __scatterload_copy                       0x08000129   Thumb Code    26  __scatter_copy.o(!!handler_copy)
    __scatterload_zeroinit                   0x08000145   Thumb Code    28  __scatter_zi.o(!!handler_zi)
    __rt_lib_init                            0x08000161   Thumb Code     0  libinit.o(.ARM.Collect$$libinit$$00000000)
    __rt_lib_init_alloca_1                   0x08000163   Thumb Code     0  libinit2.o(.ARM.Collect$$libinit$$0000002E)
    __rt_lib_init_argv_1                     0x08000163   Thumb Code     0  libinit2.o(.ARM.Collect$$libinit$$0000002C)
    __rt_lib_init_atexit_1                   0x08000163   Thumb Code     0  libinit2.o(.ARM.Collect$$libinit$$0000001B)
    __rt_lib_init_clock_1                    0x08000163   Thumb Code     0  libinit2.o(.ARM.Collect$$libinit$$00000021)
    __rt_lib_init_cpp_1                      0x08000163   Thumb Code     0  libinit2.o(.ARM.Collect$$libinit$$00000032)
    __rt_lib_init_exceptions_1               0x08000163   Thumb Code     0  libinit2.o(.ARM.Collect$$libinit$$00000030)
    __rt_lib_init_fp_1                       0x08000163   Thumb Code     0  libinit2.o(.ARM.Collect$$libinit$$00000002)
    __rt_lib_init_fp_trap_1                  0x08000163   Thumb Code     0  libinit2.o(.ARM.Collect$$libinit$$0000001F)
    __rt_lib_init_getenv_1                   0x08000163   Thumb Code     0  libinit2.o(.ARM.Collect$$libinit$$00000023)
    __rt_lib_init_heap_1                     0x08000163   Thumb Code     0  libinit2.o(.ARM.Collect$$libinit$$0000000A)
    __rt_lib_init_lc_collate_1               0x08000163   Thumb Code     0  libinit2.o(.ARM.Collect$$libinit$$00000011)
    __rt_lib_init_lc_ctype_1                 0x08000163   Thumb Code     0  libinit2.o(.ARM.Collect$$libinit$$00000013)
    __rt_lib_init_lc_monetary_1              0x08000163   Thumb Code     0  libinit2.o(.ARM.Collect$$libinit$$00000015)
    __rt_lib_init_lc_numeric_1               0x08000163   Thumb Code     0  libinit2.o(.ARM.Collect$$libinit$$00000017)
    __rt_lib_init_lc_time_1                  0x08000163   Thumb Code     0  libinit2.o(.ARM.Collect$$libinit$$00000019)
    __rt_lib_init_preinit_1                  0x08000163   Thumb Code     0  libinit2.o(.ARM.Collect$$libinit$$00000004)
    __rt_lib_init_rand_1                     0x08000163   Thumb Code     0  libinit2.o(.ARM.Collect$$libinit$$0000000E)
    __rt_lib_init_return                     0x08000163   Thumb Code     0  libinit2.o(.ARM.Collect$$libinit$$00000033)
    __rt_lib_init_signal_1                   0x08000163   Thumb Code     0  libinit2.o(.ARM.Collect$$libinit$$0000001D)
    __rt_lib_init_stdio_1                    0x08000163   Thumb Code     0  libinit2.o(.ARM.Collect$$libinit$$00000025)
    __rt_lib_init_user_alloc_1               0x08000163   Thumb Code     0  libinit2.o(.ARM.Collect$$libinit$$0000000C)
    __rt_lib_shutdown                        0x08000165   Thumb Code     0  libshutdown.o(.ARM.Collect$$libshutdown$$00000000)
    __rt_lib_shutdown_cpp_1                  0x08000167   Thumb Code     0  libshutdown2.o(.ARM.Collect$$libshutdown$$00000002)
    __rt_lib_shutdown_fp_trap_1              0x08000167   Thumb Code     0  libshutdown2.o(.ARM.Collect$$libshutdown$$00000007)
    __rt_lib_shutdown_heap_1                 0x08000167   Thumb Code     0  libshutdown2.o(.ARM.Collect$$libshutdown$$0000000F)
    __rt_lib_shutdown_return                 0x08000167   Thumb Code     0  libshutdown2.o(.ARM.Collect$$libshutdown$$00000010)
    __rt_lib_shutdown_signal_1               0x08000167   Thumb Code     0  libshutdown2.o(.ARM.Collect$$libshutdown$$0000000A)
    __rt_lib_shutdown_stdio_1                0x08000167   Thumb Code     0  libshutdown2.o(.ARM.Collect$$libshutdown$$00000004)
    __rt_lib_shutdown_user_alloc_1           0x08000167   Thumb Code     0  libshutdown2.o(.ARM.Collect$$libshutdown$$0000000C)
    __rt_entry                               0x08000169   Thumb Code     0  __rtentry.o(.ARM.Collect$$rtentry$$00000000)
    __rt_entry_presh_1                       0x08000169   Thumb Code     0  __rtentry2.o(.ARM.Collect$$rtentry$$00000002)
    __rt_entry_sh                            0x08000169   Thumb Code     0  __rtentry4.o(.ARM.Collect$$rtentry$$00000004)
    __rt_entry_li                            0x0800016f   Thumb Code     0  __rtentry2.o(.ARM.Collect$$rtentry$$0000000A)
    __rt_entry_postsh_1                      0x0800016f   Thumb Code     0  __rtentry2.o(.ARM.Collect$$rtentry$$00000009)
    __rt_entry_main                          0x08000173   Thumb Code     0  __rtentry2.o(.ARM.Collect$$rtentry$$0000000D)
    __rt_entry_postli_1                      0x08000173   Thumb Code     0  __rtentry2.o(.ARM.Collect$$rtentry$$0000000C)
    __rt_exit                                0x0800017b   Thumb Code     0  rtexit.o(.ARM.Collect$$rtexit$$00000000)
    __rt_exit_ls                             0x0800017d   Thumb Code     0  rtexit2.o(.ARM.Collect$$rtexit$$00000003)
    __rt_exit_prels_1                        0x0800017d   Thumb Code     0  rtexit2.o(.ARM.Collect$$rtexit$$00000002)
    __rt_exit_exit                           0x08000181   Thumb Code     0  rtexit2.o(.ARM.Collect$$rtexit$$00000004)
    Reset_Handler                            0x08000189   Thumb Code     8  startup_stm32f10x_md.o(.text)
    ADC1_2_IRQHandler                        0x080001a3   Thumb Code     0  startup_stm32f10x_md.o(.text)
    CAN1_RX1_IRQHandler                      0x080001a3   Thumb Code     0  startup_stm32f10x_md.o(.text)
    CAN1_SCE_IRQHandler                      0x080001a3   Thumb Code     0  startup_stm32f10x_md.o(.text)
    DMA1_Channel1_IRQHandler                 0x080001a3   Thumb Code     0  startup_stm32f10x_md.o(.text)
    DMA1_Channel2_IRQHandler                 0x080001a3   Thumb Code     0  startup_stm32f10x_md.o(.text)
    DMA1_Channel3_IRQHandler                 0x080001a3   Thumb Code     0  startup_stm32f10x_md.o(.text)
    DMA1_Channel4_IRQHandler                 0x080001a3   Thumb Code     0  startup_stm32f10x_md.o(.text)
    DMA1_Channel5_IRQHandler                 0x080001a3   Thumb Code     0  startup_stm32f10x_md.o(.text)
    DMA1_Channel6_IRQHandler                 0x080001a3   Thumb Code     0  startup_stm32f10x_md.o(.text)
    DMA1_Channel7_IRQHandler                 0x080001a3   Thumb Code     0  startup_stm32f10x_md.o(.text)
    EXTI0_IRQHandler                         0x080001a3   Thumb Code     0  startup_stm32f10x_md.o(.text)
    EXTI15_10_IRQHandler                     0x080001a3   Thumb Code     0  startup_stm32f10x_md.o(.text)
    EXTI1_IRQHandler                         0x080001a3   Thumb Code     0  startup_stm32f10x_md.o(.text)
    EXTI2_IRQHandler                         0x080001a3   Thumb Code     0  startup_stm32f10x_md.o(.text)
    EXTI3_IRQHandler                         0x080001a3   Thumb Code     0  startup_stm32f10x_md.o(.text)
    EXTI4_IRQHandler                         0x080001a3   Thumb Code     0  startup_stm32f10x_md.o(.text)
    EXTI9_5_IRQHandler                       0x080001a3   Thumb Code     0  startup_stm32f10x_md.o(.text)
    FLASH_IRQHandler                         0x080001a3   Thumb Code     0  startup_stm32f10x_md.o(.text)
    I2C1_ER_IRQHandler                       0x080001a3   Thumb Code     0  startup_stm32f10x_md.o(.text)
    I2C1_EV_IRQHandler                       0x080001a3   Thumb Code     0  startup_stm32f10x_md.o(.text)
    I2C2_ER_IRQHandler                       0x080001a3   Thumb Code     0  startup_stm32f10x_md.o(.text)
    I2C2_EV_IRQHandler                       0x080001a3   Thumb Code     0  startup_stm32f10x_md.o(.text)
    PVD_IRQHandler                           0x080001a3   Thumb Code     0  startup_stm32f10x_md.o(.text)
    RCC_IRQHandler                           0x080001a3   Thumb Code     0  startup_stm32f10x_md.o(.text)
    RTCAlarm_IRQHandler                      0x080001a3   Thumb Code     0  startup_stm32f10x_md.o(.text)
    RTC_IRQHandler                           0x080001a3   Thumb Code     0  startup_stm32f10x_md.o(.text)
    SPI1_IRQHandler                          0x080001a3   Thumb Code     0  startup_stm32f10x_md.o(.text)
    SPI2_IRQHandler                          0x080001a3   Thumb Code     0  startup_stm32f10x_md.o(.text)
    TAMPER_IRQHandler                        0x080001a3   Thumb Code     0  startup_stm32f10x_md.o(.text)
    TIM1_BRK_IRQHandler                      0x080001a3   Thumb Code     0  startup_stm32f10x_md.o(.text)
    TIM1_CC_IRQHandler                       0x080001a3   Thumb Code     0  startup_stm32f10x_md.o(.text)
    TIM1_TRG_COM_IRQHandler                  0x080001a3   Thumb Code     0  startup_stm32f10x_md.o(.text)
    TIM1_UP_IRQHandler                       0x080001a3   Thumb Code     0  startup_stm32f10x_md.o(.text)
    USART1_IRQHandler                        0x080001a3   Thumb Code     0  startup_stm32f10x_md.o(.text)
    USART2_IRQHandler                        0x080001a3   Thumb Code     0  startup_stm32f10x_md.o(.text)
    USART3_IRQHandler                        0x080001a3   Thumb Code     0  startup_stm32f10x_md.o(.text)
    USBWakeUp_IRQHandler                     0x080001a3   Thumb Code     0  startup_stm32f10x_md.o(.text)
    USB_HP_CAN1_TX_IRQHandler                0x080001a3   Thumb Code     0  startup_stm32f10x_md.o(.text)
    WWDG_IRQHandler                          0x080001a3   Thumb Code     0  startup_stm32f10x_md.o(.text)
    __user_initial_stackheap                 0x080001a5   Thumb Code     0  startup_stm32f10x_md.o(.text)
    MAUS                                     0x080001c9   Thumb Code    38  function.o(.text)
    PASC                                     0x080001ef   Thumb Code   212  function.o(.text)
    WARN                                     0x080002c3   Thumb Code    60  function.o(.text)
    FATA                                     0x080002ff   Thumb Code    74  function.o(.text)
    LMPS                                     0x08000349   Thumb Code    64  function.o(.text)
    CSOR                                     0x08000389   Thumb Code   488  function.o(.text)
    FLSS                                     0x08000571   Thumb Code   540  function.o(.text)
    REMT                                     0x0800078d   Thumb Code    24  function.o(.text)
    KNMS                                     0x080007a5   Thumb Code   326  function.o(.text)
    KSPS                                     0x080008eb   Thumb Code    72  function.o(.text)
    KARS                                     0x08000933   Thumb Code    72  function.o(.text)
    KLAS                                     0x0800097b   Thumb Code    68  function.o(.text)
    KLBS                                     0x080009bf   Thumb Code    90  function.o(.text)
    KLCS                                     0x08000a19   Thumb Code    68  function.o(.text)
    KLDS                                     0x08000a5d   Thumb Code    68  function.o(.text)
    KLES                                     0x08000aa1   Thumb Code    68  function.o(.text)
    KLSS                                     0x08000ae5   Thumb Code    76  function.o(.text)
    Test                                     0x08000b31   Thumb Code    42  function.o(.text)
    LEDALL                                   0x08000b5b   Thumb Code   500  function.o(.text)
    GetSwitchMode                            0x08000d4f   Thumb Code    58  function.o(.text)
    MLMC                                     0x08000d89   Thumb Code    44  function.o(.text)
    MMAC                                     0x08000db5   Thumb Code    92  function.o(.text)
    MFSC                                     0x08000e11   Thumb Code    44  function.o(.text)
    MRTC                                     0x08000e3d   Thumb Code    42  function.o(.text)
    MAVS                                     0x08000e67   Thumb Code    28  function.o(.text)
    MKYC                                     0x08000e83   Thumb Code   202  function.o(.text)
    flashstor                                0x08000f4d   Thumb Code    36  function.o(.text)
    ReadFlashNBtye                           0x08000f71   Thumb Code    22  function.o(.text)
    ring                                     0x08000f87   Thumb Code    40  function.o(.text)
    ReadKeyboard                             0x08000faf   Thumb Code   224  function.o(.text)
    Read_KeyValue                            0x0800108f   Thumb Code   342  function.o(.text)
    myDelay                                  0x08001211   Thumb Code    28  main.o(.text)
    IWDG_INIT                                0x0800122d   Thumb Code    34  main.o(.text)
    main                                     0x080012d9   Thumb Code    86  main.o(.text)
    NMI_Handler                              0x08001341   Thumb Code     2  stm32f10x_it.o(.text)
    HardFault_Handler                        0x08001343   Thumb Code     4  stm32f10x_it.o(.text)
    MemManage_Handler                        0x08001347   Thumb Code     4  stm32f10x_it.o(.text)
    BusFault_Handler                         0x0800134b   Thumb Code     4  stm32f10x_it.o(.text)
    UsageFault_Handler                       0x0800134f   Thumb Code     4  stm32f10x_it.o(.text)
    SVC_Handler                              0x08001353   Thumb Code     2  stm32f10x_it.o(.text)
    DebugMon_Handler                         0x08001355   Thumb Code     2  stm32f10x_it.o(.text)
    PendSV_Handler                           0x08001357   Thumb Code     2  stm32f10x_it.o(.text)
    SysTick_Handler                          0x08001359   Thumb Code     2  stm32f10x_it.o(.text)
    CAN_Configuration                        0x0800135d   Thumb Code    90  candata.o(.text)
    Send_CAN_DataFrame_Single                0x080013b7   Thumb Code   262  candata.o(.text)
    Send_CAN_DataFrame_MAU                   0x080014bd   Thumb Code   404  candata.o(.text)
    Send_CAN_HeartbeatFrame                  0x08001651   Thumb Code    84  candata.o(.text)
    Receive_CAN_DataFrame                    0x080016a5   Thumb Code   256  candata.o(.text)
    USB_LP_CAN1_RX0_IRQHandler               0x080017a5   Thumb Code   156  candata.o(.text)
    TIM_Configuration                        0x08001859   Thumb Code   198  timirqhandler.o(.text)
    LEDStatusFresh                           0x0800191f   Thumb Code   396  timirqhandler.o(.text)
    GetLedStatus                             0x08001aab   Thumb Code   100  timirqhandler.o(.text)
    StatusLedFresh                           0x08001b0f   Thumb Code   300  timirqhandler.o(.text)
    NormalFresh                              0x08001c3b   Thumb Code    16  timirqhandler.o(.text)
    TIM2_IRQHandler                          0x08001c4b   Thumb Code   442  timirqhandler.o(.text)
    TIM3_IRQHandler                          0x08001e05   Thumb Code    74  timirqhandler.o(.text)
    TIM4_IRQHandler                          0x08001e4f   Thumb Code  1460  timirqhandler.o(.text)
    RUNLED                                   0x08002403   Thumb Code   120  timirqhandler.o(.text)
    GPIOInit                                 0x080024f1   Thumb Code   650  gpioint.o(.text)
    RCC_Configuration                        0x0800278d   Thumb Code   156  rccandnvic.o(.text)
    NVIC_Configuration                       0x08002829   Thumb Code   122  rccandnvic.o(.text)
    NVIC_PriorityGroupConfig                 0x080028a5   Thumb Code    10  misc.o(.text)
    NVIC_Init                                0x080028af   Thumb Code   100  misc.o(.text)
    NVIC_SetVectorTable                      0x08002913   Thumb Code    14  misc.o(.text)
    NVIC_SystemLPConfig                      0x08002921   Thumb Code    34  misc.o(.text)
    SysTick_CLKSourceConfig                  0x08002943   Thumb Code    40  misc.o(.text)
    CAN_DeInit                               0x08002981   Thumb Code    50  stm32f10x_can.o(.text)
    CAN_Init                                 0x080029b3   Thumb Code   276  stm32f10x_can.o(.text)
    CAN_FilterInit                           0x08002ac7   Thumb Code   258  stm32f10x_can.o(.text)
    CAN_StructInit                           0x08002bc9   Thumb Code    32  stm32f10x_can.o(.text)
    CAN_SlaveStartBank                       0x08002be9   Thumb Code    48  stm32f10x_can.o(.text)
    CAN_DBGFreeze                            0x08002c19   Thumb Code    22  stm32f10x_can.o(.text)
    CAN_TTComModeCmd                         0x08002c2f   Thumb Code   118  stm32f10x_can.o(.text)
    CAN_Transmit                             0x08002ca5   Thumb Code   304  stm32f10x_can.o(.text)
    CAN_TransmitStatus                       0x08002dd5   Thumb Code   138  stm32f10x_can.o(.text)
    CAN_CancelTransmit                       0x08002e5f   Thumb Code    48  stm32f10x_can.o(.text)
    CAN_Receive                              0x08002e8f   Thumb Code   240  stm32f10x_can.o(.text)
    CAN_FIFORelease                          0x08002f7f   Thumb Code    22  stm32f10x_can.o(.text)
    CAN_MessagePending                       0x08002f95   Thumb Code    30  stm32f10x_can.o(.text)
    CAN_OperatingModeRequest                 0x08002fb3   Thumb Code   162  stm32f10x_can.o(.text)
    CAN_Sleep                                0x08003055   Thumb Code    30  stm32f10x_can.o(.text)
    CAN_WakeUp                               0x08003073   Thumb Code    48  stm32f10x_can.o(.text)
    CAN_GetLastErrorCode                     0x080030a3   Thumb Code    12  stm32f10x_can.o(.text)
    CAN_GetReceiveErrorCounter               0x080030af   Thumb Code    10  stm32f10x_can.o(.text)
    CAN_GetLSBTransmitErrorCounter           0x080030b9   Thumb Code    12  stm32f10x_can.o(.text)
    CAN_ITConfig                             0x080030c5   Thumb Code    18  stm32f10x_can.o(.text)
    CAN_GetFlagStatus                        0x080030d7   Thumb Code   120  stm32f10x_can.o(.text)
    CAN_ClearFlag                            0x0800314f   Thumb Code    52  stm32f10x_can.o(.text)
    CAN_GetITStatus                          0x08003195   Thumb Code   310  stm32f10x_can.o(.text)
    CAN_ClearITPendingBit                    0x080032cb   Thumb Code   162  stm32f10x_can.o(.text)
    FLASH_SetLatency                         0x08003371   Thumb Code    18  stm32f10x_flash.o(.text)
    FLASH_HalfCycleAccessCmd                 0x08003383   Thumb Code    22  stm32f10x_flash.o(.text)
    FLASH_PrefetchBufferCmd                  0x08003399   Thumb Code    22  stm32f10x_flash.o(.text)
    FLASH_Unlock                             0x080033af   Thumb Code    12  stm32f10x_flash.o(.text)
    FLASH_UnlockBank1                        0x080033bb   Thumb Code    12  stm32f10x_flash.o(.text)
    FLASH_Lock                               0x080033c7   Thumb Code    14  stm32f10x_flash.o(.text)
    FLASH_LockBank1                          0x080033d5   Thumb Code    14  stm32f10x_flash.o(.text)
    FLASH_GetBank1Status                     0x080033e3   Thumb Code    48  stm32f10x_flash.o(.text)
    FLASH_WaitForLastOperation               0x08003413   Thumb Code    38  stm32f10x_flash.o(.text)
    FLASH_ErasePage                          0x08003439   Thumb Code    72  stm32f10x_flash.o(.text)
    FLASH_EraseAllPages                      0x08003481   Thumb Code    68  stm32f10x_flash.o(.text)
    FLASH_WaitForLastBank1Operation          0x080034c5   Thumb Code    38  stm32f10x_flash.o(.text)
    FLASH_EraseAllBank1Pages                 0x080034eb   Thumb Code    68  stm32f10x_flash.o(.text)
    FLASH_GetReadOutProtectionStatus         0x0800352f   Thumb Code    20  stm32f10x_flash.o(.text)
    FLASH_EraseOptionBytes                   0x08003543   Thumb Code   150  stm32f10x_flash.o(.text)
    FLASH_ProgramWord                        0x080035d9   Thumb Code   102  stm32f10x_flash.o(.text)
    FLASH_ProgramHalfWord                    0x0800363f   Thumb Code    60  stm32f10x_flash.o(.text)
    FLASH_ProgramOptionByteData              0x0800367b   Thumb Code    72  stm32f10x_flash.o(.text)
    FLASH_EnableWriteProtection              0x080036c3   Thumb Code   200  stm32f10x_flash.o(.text)
    FLASH_ReadOutProtection                  0x0800378b   Thumb Code   156  stm32f10x_flash.o(.text)
    FLASH_UserOptionByteConfig               0x08003827   Thumb Code    88  stm32f10x_flash.o(.text)
    FLASH_GetUserOptionByte                  0x0800387f   Thumb Code     8  stm32f10x_flash.o(.text)
    FLASH_GetWriteProtectionOptionByte       0x08003887   Thumb Code     6  stm32f10x_flash.o(.text)
    FLASH_GetPrefetchBufferStatus            0x0800388d   Thumb Code    20  stm32f10x_flash.o(.text)
    FLASH_ITConfig                           0x080038a1   Thumb Code    26  stm32f10x_flash.o(.text)
    FLASH_GetFlagStatus                      0x080038bb   Thumb Code    42  stm32f10x_flash.o(.text)
    FLASH_ClearFlag                          0x080038e5   Thumb Code     6  stm32f10x_flash.o(.text)
    FLASH_GetStatus                          0x080038eb   Thumb Code    48  stm32f10x_flash.o(.text)
    GPIO_DeInit                              0x0800392d   Thumb Code   172  stm32f10x_gpio.o(.text)
    GPIO_AFIODeInit                          0x080039d9   Thumb Code    20  stm32f10x_gpio.o(.text)
    GPIO_Init                                0x080039ed   Thumb Code   278  stm32f10x_gpio.o(.text)
    GPIO_StructInit                          0x08003b03   Thumb Code    16  stm32f10x_gpio.o(.text)
    GPIO_ReadInputDataBit                    0x08003b13   Thumb Code    18  stm32f10x_gpio.o(.text)
    GPIO_ReadInputData                       0x08003b25   Thumb Code     8  stm32f10x_gpio.o(.text)
    GPIO_ReadOutputDataBit                   0x08003b2d   Thumb Code    18  stm32f10x_gpio.o(.text)
    GPIO_ReadOutputData                      0x08003b3f   Thumb Code     8  stm32f10x_gpio.o(.text)
    GPIO_SetBits                             0x08003b47   Thumb Code     4  stm32f10x_gpio.o(.text)
    GPIO_ResetBits                           0x08003b4b   Thumb Code     4  stm32f10x_gpio.o(.text)
    GPIO_WriteBit                            0x08003b4f   Thumb Code    10  stm32f10x_gpio.o(.text)
    GPIO_Write                               0x08003b59   Thumb Code     4  stm32f10x_gpio.o(.text)
    GPIO_PinLockConfig                       0x08003b5d   Thumb Code    18  stm32f10x_gpio.o(.text)
    GPIO_EventOutputConfig                   0x08003b6f   Thumb Code    26  stm32f10x_gpio.o(.text)
    GPIO_EventOutputCmd                      0x08003b89   Thumb Code     6  stm32f10x_gpio.o(.text)
    GPIO_PinRemapConfig                      0x08003b8f   Thumb Code   138  stm32f10x_gpio.o(.text)
    GPIO_EXTILineConfig                      0x08003c19   Thumb Code    66  stm32f10x_gpio.o(.text)
    GPIO_ETH_MediaInterfaceConfig            0x08003c5b   Thumb Code     8  stm32f10x_gpio.o(.text)
    IWDG_WriteAccessCmd                      0x08003c89   Thumb Code     6  stm32f10x_iwdg.o(.text)
    IWDG_SetPrescaler                        0x08003c8f   Thumb Code     6  stm32f10x_iwdg.o(.text)
    IWDG_SetReload                           0x08003c95   Thumb Code     6  stm32f10x_iwdg.o(.text)
    IWDG_ReloadCounter                       0x08003c9b   Thumb Code    10  stm32f10x_iwdg.o(.text)
    IWDG_Enable                              0x08003ca5   Thumb Code    10  stm32f10x_iwdg.o(.text)
    IWDG_GetFlagStatus                       0x08003caf   Thumb Code    20  stm32f10x_iwdg.o(.text)
    RCC_DeInit                               0x08003cc9   Thumb Code    64  stm32f10x_rcc.o(.text)
    RCC_HSEConfig                            0x08003d09   Thumb Code    70  stm32f10x_rcc.o(.text)
    RCC_GetFlagStatus                        0x08003d4f   Thumb Code    56  stm32f10x_rcc.o(.text)
    RCC_WaitForHSEStartUp                    0x08003d87   Thumb Code    56  stm32f10x_rcc.o(.text)
    RCC_AdjustHSICalibrationValue            0x08003dbf   Thumb Code    20  stm32f10x_rcc.o(.text)
    RCC_HSICmd                               0x08003dd3   Thumb Code     6  stm32f10x_rcc.o(.text)
    RCC_PLLConfig                            0x08003dd9   Thumb Code    24  stm32f10x_rcc.o(.text)
    RCC_PLLCmd                               0x08003df1   Thumb Code     6  stm32f10x_rcc.o(.text)
    RCC_SYSCLKConfig                         0x08003df7   Thumb Code    18  stm32f10x_rcc.o(.text)
    RCC_GetSYSCLKSource                      0x08003e09   Thumb Code    10  stm32f10x_rcc.o(.text)
    RCC_HCLKConfig                           0x08003e13   Thumb Code    18  stm32f10x_rcc.o(.text)
    RCC_PCLK1Config                          0x08003e25   Thumb Code    18  stm32f10x_rcc.o(.text)
    RCC_PCLK2Config                          0x08003e37   Thumb Code    20  stm32f10x_rcc.o(.text)
    RCC_ITConfig                             0x08003e4b   Thumb Code    26  stm32f10x_rcc.o(.text)
    RCC_USBCLKConfig                         0x08003e65   Thumb Code     8  stm32f10x_rcc.o(.text)
    RCC_ADCCLKConfig                         0x08003e6d   Thumb Code    18  stm32f10x_rcc.o(.text)
    RCC_LSEConfig                            0x08003e7f   Thumb Code    50  stm32f10x_rcc.o(.text)
    RCC_LSICmd                               0x08003eb1   Thumb Code     6  stm32f10x_rcc.o(.text)
    RCC_RTCCLKConfig                         0x08003eb7   Thumb Code    12  stm32f10x_rcc.o(.text)
    RCC_RTCCLKCmd                            0x08003ec3   Thumb Code     8  stm32f10x_rcc.o(.text)
    RCC_GetClocksFreq                        0x08003ecb   Thumb Code   192  stm32f10x_rcc.o(.text)
    RCC_AHBPeriphClockCmd                    0x08003f8b   Thumb Code    26  stm32f10x_rcc.o(.text)
    RCC_APB2PeriphClockCmd                   0x08003fa5   Thumb Code    26  stm32f10x_rcc.o(.text)
    RCC_APB1PeriphClockCmd                   0x08003fbf   Thumb Code    26  stm32f10x_rcc.o(.text)
    RCC_APB2PeriphResetCmd                   0x08003fd9   Thumb Code    26  stm32f10x_rcc.o(.text)
    RCC_APB1PeriphResetCmd                   0x08003ff3   Thumb Code    26  stm32f10x_rcc.o(.text)
    RCC_BackupResetCmd                       0x0800400d   Thumb Code     8  stm32f10x_rcc.o(.text)
    RCC_ClockSecuritySystemCmd               0x08004015   Thumb Code     6  stm32f10x_rcc.o(.text)
    RCC_MCOConfig                            0x0800401b   Thumb Code     6  stm32f10x_rcc.o(.text)
    RCC_ClearFlag                            0x08004021   Thumb Code    14  stm32f10x_rcc.o(.text)
    RCC_GetITStatus                          0x0800402f   Thumb Code    20  stm32f10x_rcc.o(.text)
    RCC_ClearITPendingBit                    0x08004043   Thumb Code     6  stm32f10x_rcc.o(.text)
    TIM_DeInit                               0x0800406d   Thumb Code   424  stm32f10x_tim.o(.text)
    TIM_TimeBaseInit                         0x08004215   Thumb Code   122  stm32f10x_tim.o(.text)
    TIM_OC1Init                              0x0800428f   Thumb Code   132  stm32f10x_tim.o(.text)
    TIM_OC2Init                              0x08004313   Thumb Code   154  stm32f10x_tim.o(.text)
    TIM_OC3Init                              0x080043ad   Thumb Code   150  stm32f10x_tim.o(.text)
    TIM_OC4Init                              0x08004443   Thumb Code   182  stm32f10x_tim.o(.text)
    TIM_SetIC4Prescaler                      0x080044f9   Thumb Code    26  stm32f10x_tim.o(.text)
    TIM_SetIC3Prescaler                      0x08004595   Thumb Code    18  stm32f10x_tim.o(.text)
    TIM_SetIC2Prescaler                      0x08004621   Thumb Code    26  stm32f10x_tim.o(.text)
    TIM_SetIC1Prescaler                      0x080046bd   Thumb Code    18  stm32f10x_tim.o(.text)
    TIM_ICInit                               0x0800473b   Thumb Code   150  stm32f10x_tim.o(.text)
    TIM_PWMIConfig                           0x080047d1   Thumb Code   124  stm32f10x_tim.o(.text)
    TIM_BDTRConfig                           0x0800484d   Thumb Code    32  stm32f10x_tim.o(.text)
    TIM_TimeBaseStructInit                   0x0800486d   Thumb Code    18  stm32f10x_tim.o(.text)
    TIM_OCStructInit                         0x0800487f   Thumb Code    20  stm32f10x_tim.o(.text)
    TIM_ICStructInit                         0x08004893   Thumb Code    18  stm32f10x_tim.o(.text)
    TIM_BDTRStructInit                       0x080048a5   Thumb Code    40  stm32f10x_tim.o(.text)
    TIM_Cmd                                  0x080048cd   Thumb Code    24  stm32f10x_tim.o(.text)
    TIM_CtrlPWMOutputs                       0x080048e5   Thumb Code    30  stm32f10x_tim.o(.text)
    TIM_ITConfig                             0x08004903   Thumb Code    18  stm32f10x_tim.o(.text)
    TIM_GenerateEvent                        0x08004915   Thumb Code     4  stm32f10x_tim.o(.text)
    TIM_DMAConfig                            0x08004919   Thumb Code    10  stm32f10x_tim.o(.text)
    TIM_DMACmd                               0x08004923   Thumb Code    18  stm32f10x_tim.o(.text)
    TIM_InternalClockConfig                  0x08004935   Thumb Code    12  stm32f10x_tim.o(.text)
    TIM_SelectInputTrigger                   0x08004941   Thumb Code    18  stm32f10x_tim.o(.text)
    TIM_ITRxExternalClockConfig              0x08004953   Thumb Code    24  stm32f10x_tim.o(.text)
    TIM_TIxExternalClockConfig               0x0800496b   Thumb Code    62  stm32f10x_tim.o(.text)
    TIM_ETRConfig                            0x080049a9   Thumb Code    28  stm32f10x_tim.o(.text)
    TIM_ETRClockMode1Config                  0x080049c5   Thumb Code    54  stm32f10x_tim.o(.text)
    TIM_ETRClockMode2Config                  0x080049fb   Thumb Code    32  stm32f10x_tim.o(.text)
    TIM_PrescalerConfig                      0x08004a1b   Thumb Code     6  stm32f10x_tim.o(.text)
    TIM_CounterModeConfig                    0x08004a21   Thumb Code    18  stm32f10x_tim.o(.text)
    TIM_EncoderInterfaceConfig               0x08004a33   Thumb Code    66  stm32f10x_tim.o(.text)
    TIM_ForcedOC1Config                      0x08004a75   Thumb Code    18  stm32f10x_tim.o(.text)
    TIM_ForcedOC2Config                      0x08004a87   Thumb Code    26  stm32f10x_tim.o(.text)
    TIM_ForcedOC3Config                      0x08004aa1   Thumb Code    18  stm32f10x_tim.o(.text)
    TIM_ForcedOC4Config                      0x08004ab3   Thumb Code    26  stm32f10x_tim.o(.text)
    TIM_ARRPreloadConfig                     0x08004acd   Thumb Code    24  stm32f10x_tim.o(.text)
    TIM_SelectCOM                            0x08004ae5   Thumb Code    24  stm32f10x_tim.o(.text)
    TIM_SelectCCDMA                          0x08004afd   Thumb Code    24  stm32f10x_tim.o(.text)
    TIM_CCPreloadControl                     0x08004b15   Thumb Code    24  stm32f10x_tim.o(.text)
    TIM_OC1PreloadConfig                     0x08004b2d   Thumb Code    18  stm32f10x_tim.o(.text)
    TIM_OC2PreloadConfig                     0x08004b3f   Thumb Code    26  stm32f10x_tim.o(.text)
    TIM_OC3PreloadConfig                     0x08004b59   Thumb Code    18  stm32f10x_tim.o(.text)
    TIM_OC4PreloadConfig                     0x08004b6b   Thumb Code    26  stm32f10x_tim.o(.text)
    TIM_OC1FastConfig                        0x08004b85   Thumb Code    18  stm32f10x_tim.o(.text)
    TIM_OC2FastConfig                        0x08004b97   Thumb Code    26  stm32f10x_tim.o(.text)
    TIM_OC3FastConfig                        0x08004bb1   Thumb Code    18  stm32f10x_tim.o(.text)
    TIM_OC4FastConfig                        0x08004bc3   Thumb Code    26  stm32f10x_tim.o(.text)
    TIM_ClearOC1Ref                          0x08004bdd   Thumb Code    18  stm32f10x_tim.o(.text)
    TIM_ClearOC2Ref                          0x08004bef   Thumb Code    24  stm32f10x_tim.o(.text)
    TIM_ClearOC3Ref                          0x08004c07   Thumb Code    18  stm32f10x_tim.o(.text)
    TIM_ClearOC4Ref                          0x08004c19   Thumb Code    24  stm32f10x_tim.o(.text)
    TIM_OC1PolarityConfig                    0x08004c31   Thumb Code    18  stm32f10x_tim.o(.text)
    TIM_OC1NPolarityConfig                   0x08004c43   Thumb Code    18  stm32f10x_tim.o(.text)
    TIM_OC2PolarityConfig                    0x08004c55   Thumb Code    26  stm32f10x_tim.o(.text)
    TIM_OC2NPolarityConfig                   0x08004c6f   Thumb Code    26  stm32f10x_tim.o(.text)
    TIM_OC3PolarityConfig                    0x08004c89   Thumb Code    26  stm32f10x_tim.o(.text)
    TIM_OC3NPolarityConfig                   0x08004ca3   Thumb Code    26  stm32f10x_tim.o(.text)
    TIM_OC4PolarityConfig                    0x08004cbd   Thumb Code    26  stm32f10x_tim.o(.text)
    TIM_CCxCmd                               0x08004cd7   Thumb Code    30  stm32f10x_tim.o(.text)
    TIM_CCxNCmd                              0x08004cf5   Thumb Code    30  stm32f10x_tim.o(.text)
    TIM_SelectOCxM                           0x08004d13   Thumb Code    82  stm32f10x_tim.o(.text)
    TIM_UpdateDisableConfig                  0x08004d65   Thumb Code    24  stm32f10x_tim.o(.text)
    TIM_UpdateRequestConfig                  0x08004d7d   Thumb Code    24  stm32f10x_tim.o(.text)
    TIM_SelectHallSensor                     0x08004d95   Thumb Code    24  stm32f10x_tim.o(.text)
    TIM_SelectOnePulseMode                   0x08004dad   Thumb Code    18  stm32f10x_tim.o(.text)
    TIM_SelectOutputTrigger                  0x08004dbf   Thumb Code    18  stm32f10x_tim.o(.text)
    TIM_SelectSlaveMode                      0x08004dd1   Thumb Code    18  stm32f10x_tim.o(.text)
    TIM_SelectMasterSlaveMode                0x08004de3   Thumb Code    18  stm32f10x_tim.o(.text)
    TIM_SetCounter                           0x08004df5   Thumb Code     4  stm32f10x_tim.o(.text)
    TIM_SetAutoreload                        0x08004df9   Thumb Code     4  stm32f10x_tim.o(.text)
    TIM_SetCompare1                          0x08004dfd   Thumb Code     4  stm32f10x_tim.o(.text)
    TIM_SetCompare2                          0x08004e01   Thumb Code     4  stm32f10x_tim.o(.text)
    TIM_SetCompare3                          0x08004e05   Thumb Code     4  stm32f10x_tim.o(.text)
    TIM_SetCompare4                          0x08004e09   Thumb Code     6  stm32f10x_tim.o(.text)
    TIM_SetClockDivision                     0x08004e0f   Thumb Code    18  stm32f10x_tim.o(.text)
    TIM_GetCapture1                          0x08004e21   Thumb Code     6  stm32f10x_tim.o(.text)
    TIM_GetCapture2                          0x08004e27   Thumb Code     6  stm32f10x_tim.o(.text)
    TIM_GetCapture3                          0x08004e2d   Thumb Code     6  stm32f10x_tim.o(.text)
    TIM_GetCapture4                          0x08004e33   Thumb Code     8  stm32f10x_tim.o(.text)
    TIM_GetCounter                           0x08004e3b   Thumb Code     6  stm32f10x_tim.o(.text)
    TIM_GetPrescaler                         0x08004e41   Thumb Code     6  stm32f10x_tim.o(.text)
    TIM_GetFlagStatus                        0x08004e47   Thumb Code    18  stm32f10x_tim.o(.text)
    TIM_ClearFlag                            0x08004e59   Thumb Code     6  stm32f10x_tim.o(.text)
    TIM_GetITStatus                          0x08004e5f   Thumb Code    34  stm32f10x_tim.o(.text)
    TIM_ClearITPendingBit                    0x08004e81   Thumb Code     6  stm32f10x_tim.o(.text)
    SystemInit                               0x08004f67   Thumb Code    78  system_stm32f10x.o(.text)
    SystemCoreClockUpdate                    0x08004fb5   Thumb Code   142  system_stm32f10x.o(.text)
    __aeabi_memclr                           0x08005069   Thumb Code     0  rt_memclr.o(.text)
    __rt_memclr                              0x08005069   Thumb Code    68  rt_memclr.o(.text)
    _memset                                  0x0800506d   Thumb Code     0  rt_memclr.o(.text)
    __use_two_region_memory                  0x080050ad   Thumb Code     2  heapauxi.o(.text)
    __rt_heap_escrow$2region                 0x080050af   Thumb Code     2  heapauxi.o(.text)
    __rt_heap_expand$2region                 0x080050b1   Thumb Code     2  heapauxi.o(.text)
    __aeabi_memclr4                          0x080050b3   Thumb Code     0  rt_memclr_w.o(.text)
    __aeabi_memclr8                          0x080050b3   Thumb Code     0  rt_memclr_w.o(.text)
    __rt_memclr_w                            0x080050b3   Thumb Code    78  rt_memclr_w.o(.text)
    _memset_w                                0x080050b7   Thumb Code     0  rt_memclr_w.o(.text)
    __user_setup_stackheap                   0x08005101   Thumb Code    74  sys_stackheap_outer.o(.text)
    exit                                     0x0800514b   Thumb Code    18  exit.o(.text)
    __user_libspace                          0x0800515d   Thumb Code     8  libspace.o(.text)
    __user_perproc_libspace                  0x0800515d   Thumb Code     0  libspace.o(.text)
    __user_perthread_libspace                0x0800515d   Thumb Code     0  libspace.o(.text)
    _sys_exit                                0x08005165   Thumb Code     8  sys_exit.o(.text)
    __I$use$semihosting                      0x08005171   Thumb Code     0  use_no_semi.o(.text)
    __use_no_semihosting_swi                 0x08005171   Thumb Code     2  use_no_semi.o(.text)
    __semihosting_library_function           0x08005173   Thumb Code     0  indicate_semi.o(.text)
    Region$$Table$$Base                      0x08005174   Number         0  anon$$obj.o(Region$$Table)
    Region$$Table$$Limit                     0x08005194   Number         0  anon$$obj.o(Region$$Table)
    SwitchMode                               0x20000000   Data           4  function.o(.data)
    TestFlag                                 0x20000004   Data           1  function.o(.data)
    SendHeartbeatFlag                        0x20000005   Data           1  function.o(.data)
    ringflag                                 0x20000006   Data           1  function.o(.data)
    GetHeartbaet                             0x20000007   Data           1  function.o(.data)
    WarningErrFlag                           0x20000008   Data           1  function.o(.data)
    SeriousErrFlag                           0x20000009   Data           1  function.o(.data)
    ChannelSetFlag                           0x2000000a   Data           1  function.o(.data)
    MAUFunFlag                               0x2000000b   Data           1  function.o(.data)
    passwordFlag                             0x2000000c   Data           1  function.o(.data)
    password                                 0x2000000d   Data           1  function.o(.data)
    passwordchangeFlag                       0x2000000e   Data           1  function.o(.data)
    off_passwordFlag                         0x2000000f   Data           1  function.o(.data)
    KEYx                                     0x20000010   Data           1  function.o(.data)
    Keylednum                                0x20000011   Data           1  function.o(.data)
    passwordAddress                          0x20000012   Data           1  function.o(.data)
    flashvalue                               0x20000013   Data           1  function.o(.data)
    Keyled_state                             0x20000014   Data           1  function.o(.data)
    keylin                                   0x20000015   Data           8  function.o(.data)
    Rx_Message                               0x2000001e   Data           8  candata.o(.data)
    FuncNumber                               0x20000026   Data           2  candata.o(.data)
    CPUOFFLINEFLAG                           0x20000028   Data           1  candata.o(.data)
    GetHeartCnt                              0x20000029   Data           1  candata.o(.data)
    RunLedCount                              0x2000002c   Data           1  timirqhandler.o(.data)
    HeartsendCnt                             0x2000002d   Data           1  timirqhandler.o(.data)
    TestCnt                                  0x2000002e   Data           1  timirqhandler.o(.data)
    Convert_num                              0x2000002f   Data           1  timirqhandler.o(.data)
    ring_time                                0x20000030   Data           1  timirqhandler.o(.data)
    keylockflss                              0x20000031   Data           1  timirqhandler.o(.data)
    Keyfree_state                            0x20000032   Data           1  timirqhandler.o(.data)
    Ring_num                                 0x20000033   Data           1  timirqhandler.o(.data)
    KeyNumb                                  0x20000034   Data           1  timirqhandler.o(.data)
    TIMENumber                               0x20000038   Data           4  timirqhandler.o(.data)
    sw                                       0x2000003c   Data           4  timirqhandler.o(.data)
    CHn                                      0x20000040   Data           1  timirqhandler.o(.data)
    MLMCqudou                                0x20000041   Data           1  timirqhandler.o(.data)
    MLMCswitchflag                           0x20000042   Data           1  timirqhandler.o(.data)
    switchflag                               0x20000043   Data           1  timirqhandler.o(.data)
    Switchqudou                              0x20000044   Data           1  timirqhandler.o(.data)
    PWASSWORD_N                              0x20000045   Data           1  timirqhandler.o(.data)
    Freequdou                                0x20000046   Data           1  timirqhandler.o(.data)
    passwordvalue                            0x20000047   Data           1  timirqhandler.o(.data)
    Keyqudou                                 0x20000048   Data           1  timirqhandler.o(.data)
    Keyboardvalue                            0x20000049   Data           1  timirqhandler.o(.data)
    KeyValue                                 0x2000004a   Data           1  timirqhandler.o(.data)
    Keystate                                 0x2000004b   Data           1  timirqhandler.o(.data)
    KeyPush                                  0x2000004c   Data           1  timirqhandler.o(.data)
    x                                        0x2000004d   Data           1  timirqhandler.o(.data)
    y                                        0x2000004e   Data           1  timirqhandler.o(.data)
    oldstatus                                0x2000004f   Data           1  timirqhandler.o(.data)
    RUNledstatus                             0x20000050   Data           1  timirqhandler.o(.data)
    Offlinecount                             0x20000051   Data           1  timirqhandler.o(.data)
    keybeep                                  0x20000052   Data           1  timirqhandler.o(.data)
    forcetest                                0x20000053   Data           1  timirqhandler.o(.data)
    SystemCoreClock                          0x20000068   Data           4  system_stm32f10x.o(.data)
    AHBPrescTable                            0x2000006c   Data          16  system_stm32f10x.o(.data)
    Receive_Buf                              0x2000007c   Data          10  function.o(.bss)
    TxBuff                                   0x20000086   Data          10  function.o(.bss)
    Key_LED                                  0x20000090   Data          16  function.o(.bss)
    KEYLED                                   0x200000a0   Data          32  function.o(.bss)
    LEDStatus                                0x200000c0   Data          28  function.o(.bss)
    Led_Status                               0x200000dc   Data          16  timirqhandler.o(.bss)
    __libspace_start                         0x200000ec   Data          96  libspace.o(.bss)
    __temporary_stack_top$libspace           0x2000014c   Data           0  libspace.o(.bss)



==============================================================================

Memory Map of the image

  Image Entry point : 0x080000ed

  Load Region LR_IROM1 (Base: 0x08000000, Size: 0x00005210, Max: 0x00010000, ABSOLUTE)

    Execution Region ER_IROM1 (Base: 0x08000000, Size: 0x00005194, Max: 0x00010000, ABSOLUTE)

    Base Addr    Size         Type   Attr      Idx    E Section Name        Object

    0x08000000   0x000000ec   Data   RO            3    RESET               startup_stm32f10x_md.o
    0x080000ec   0x00000008   Code   RO          674  * !!!main             c_w.l(__main.o)
    0x080000f4   0x00000034   Code   RO          833    !!!scatter          c_w.l(__scatter.o)
    0x08000128   0x0000001a   Code   RO          835    !!handler_copy      c_w.l(__scatter_copy.o)
    0x08000142   0x00000002   PAD
    0x08000144   0x0000001c   Code   RO          837    !!handler_zi        c_w.l(__scatter_zi.o)
    0x08000160   0x00000002   Code   RO          703    .ARM.Collect$$libinit$$00000000  c_w.l(libinit.o)
    0x08000162   0x00000000   Code   RO          710    .ARM.Collect$$libinit$$00000002  c_w.l(libinit2.o)
    0x08000162   0x00000000   Code   RO          712    .ARM.Collect$$libinit$$00000004  c_w.l(libinit2.o)
    0x08000162   0x00000000   Code   RO          715    .ARM.Collect$$libinit$$0000000A  c_w.l(libinit2.o)
    0x08000162   0x00000000   Code   RO          717    .ARM.Collect$$libinit$$0000000C  c_w.l(libinit2.o)
    0x08000162   0x00000000   Code   RO          719    .ARM.Collect$$libinit$$0000000E  c_w.l(libinit2.o)
    0x08000162   0x00000000   Code   RO          722    .ARM.Collect$$libinit$$00000011  c_w.l(libinit2.o)
    0x08000162   0x00000000   Code   RO          724    .ARM.Collect$$libinit$$00000013  c_w.l(libinit2.o)
    0x08000162   0x00000000   Code   RO          726    .ARM.Collect$$libinit$$00000015  c_w.l(libinit2.o)
    0x08000162   0x00000000   Code   RO          728    .ARM.Collect$$libinit$$00000017  c_w.l(libinit2.o)
    0x08000162   0x00000000   Code   RO          730    .ARM.Collect$$libinit$$00000019  c_w.l(libinit2.o)
    0x08000162   0x00000000   Code   RO          732    .ARM.Collect$$libinit$$0000001B  c_w.l(libinit2.o)
    0x08000162   0x00000000   Code   RO          734    .ARM.Collect$$libinit$$0000001D  c_w.l(libinit2.o)
    0x08000162   0x00000000   Code   RO          736    .ARM.Collect$$libinit$$0000001F  c_w.l(libinit2.o)
    0x08000162   0x00000000   Code   RO          738    .ARM.Collect$$libinit$$00000021  c_w.l(libinit2.o)
    0x08000162   0x00000000   Code   RO          740    .ARM.Collect$$libinit$$00000023  c_w.l(libinit2.o)
    0x08000162   0x00000000   Code   RO          742    .ARM.Collect$$libinit$$00000025  c_w.l(libinit2.o)
    0x08000162   0x00000000   Code   RO          746    .ARM.Collect$$libinit$$0000002C  c_w.l(libinit2.o)
    0x08000162   0x00000000   Code   RO          748    .ARM.Collect$$libinit$$0000002E  c_w.l(libinit2.o)
    0x08000162   0x00000000   Code   RO          750    .ARM.Collect$$libinit$$00000030  c_w.l(libinit2.o)
    0x08000162   0x00000000   Code   RO          752    .ARM.Collect$$libinit$$00000032  c_w.l(libinit2.o)
    0x08000162   0x00000002   Code   RO          753    .ARM.Collect$$libinit$$00000033  c_w.l(libinit2.o)
    0x08000164   0x00000002   Code   RO          773    .ARM.Collect$$libshutdown$$00000000  c_w.l(libshutdown.o)
    0x08000166   0x00000000   Code   RO          786    .ARM.Collect$$libshutdown$$00000002  c_w.l(libshutdown2.o)
    0x08000166   0x00000000   Code   RO          788    .ARM.Collect$$libshutdown$$00000004  c_w.l(libshutdown2.o)
    0x08000166   0x00000000   Code   RO          791    .ARM.Collect$$libshutdown$$00000007  c_w.l(libshutdown2.o)
    0x08000166   0x00000000   Code   RO          794    .ARM.Collect$$libshutdown$$0000000A  c_w.l(libshutdown2.o)
    0x08000166   0x00000000   Code   RO          796    .ARM.Collect$$libshutdown$$0000000C  c_w.l(libshutdown2.o)
    0x08000166   0x00000000   Code   RO          799    .ARM.Collect$$libshutdown$$0000000F  c_w.l(libshutdown2.o)
    0x08000166   0x00000002   Code   RO          800    .ARM.Collect$$libshutdown$$00000010  c_w.l(libshutdown2.o)
    0x08000168   0x00000000   Code   RO          676    .ARM.Collect$$rtentry$$00000000  c_w.l(__rtentry.o)
    0x08000168   0x00000000   Code   RO          680    .ARM.Collect$$rtentry$$00000002  c_w.l(__rtentry2.o)
    0x08000168   0x00000006   Code   RO          692    .ARM.Collect$$rtentry$$00000004  c_w.l(__rtentry4.o)
    0x0800016e   0x00000000   Code   RO          682    .ARM.Collect$$rtentry$$00000009  c_w.l(__rtentry2.o)
    0x0800016e   0x00000004   Code   RO          683    .ARM.Collect$$rtentry$$0000000A  c_w.l(__rtentry2.o)
    0x08000172   0x00000000   Code   RO          685    .ARM.Collect$$rtentry$$0000000C  c_w.l(__rtentry2.o)
    0x08000172   0x00000008   Code   RO          686    .ARM.Collect$$rtentry$$0000000D  c_w.l(__rtentry2.o)
    0x0800017a   0x00000002   Code   RO          707    .ARM.Collect$$rtexit$$00000000  c_w.l(rtexit.o)
    0x0800017c   0x00000000   Code   RO          755    .ARM.Collect$$rtexit$$00000002  c_w.l(rtexit2.o)
    0x0800017c   0x00000004   Code   RO          756    .ARM.Collect$$rtexit$$00000003  c_w.l(rtexit2.o)
    0x08000180   0x00000006   Code   RO          757    .ARM.Collect$$rtexit$$00000004  c_w.l(rtexit2.o)
    0x08000186   0x00000002   PAD
    0x08000188   0x00000040   Code   RO            4    .text               startup_stm32f10x_md.o
    0x080001c8   0x00001048   Code   RO           13    .text               function.o
    0x08001210   0x00000130   Code   RO          164    .text               main.o
    0x08001340   0x0000001a   Code   RO          200    .text               stm32f10x_it.o
    0x0800135a   0x00000002   PAD
    0x0800135c   0x000004fc   Code   RO          257    .text               candata.o
    0x08001858   0x00000c98   Code   RO          289    .text               timirqhandler.o
    0x080024f0   0x0000029c   Code   RO          322    .text               gpioint.o
    0x0800278c   0x00000116   Code   RO          346    .text               rccandnvic.o
    0x080028a2   0x00000002   PAD
    0x080028a4   0x000000dc   Code   RO          370    .text               misc.o
    0x08002980   0x000009f0   Code   RO          418    .text               stm32f10x_can.o
    0x08003370   0x000005bc   Code   RO          466    .text               stm32f10x_flash.o
    0x0800392c   0x0000035c   Code   RO          490    .text               stm32f10x_gpio.o
    0x08003c88   0x00000040   Code   RO          514    .text               stm32f10x_iwdg.o
    0x08003cc8   0x000003a4   Code   RO          562    .text               stm32f10x_rcc.o
    0x0800406c   0x00000e1a   Code   RO          588    .text               stm32f10x_tim.o
    0x08004e86   0x00000002   PAD
    0x08004e88   0x000001e0   Code   RO          622    .text               system_stm32f10x.o
    0x08005068   0x00000044   Code   RO          670    .text               c_w.l(rt_memclr.o)
    0x080050ac   0x00000006   Code   RO          672    .text               c_w.l(heapauxi.o)
    0x080050b2   0x0000004e   Code   RO          677    .text               c_w.l(rt_memclr_w.o)
    0x08005100   0x0000004a   Code   RO          694    .text               c_w.l(sys_stackheap_outer.o)
    0x0800514a   0x00000012   Code   RO          696    .text               c_w.l(exit.o)
    0x0800515c   0x00000008   Code   RO          704    .text               c_w.l(libspace.o)
    0x08005164   0x0000000c   Code   RO          765    .text               c_w.l(sys_exit.o)
    0x08005170   0x00000002   Code   RO          776    .text               c_w.l(use_no_semi.o)
    0x08005172   0x00000000   Code   RO          778    .text               c_w.l(indicate_semi.o)
    0x08005172   0x00000002   PAD
    0x08005174   0x00000020   Data   RO          831    Region$$Table       anon$$obj.o


    Execution Region RW_IRAM1 (Base: 0x20000000, Size: 0x00000750, Max: 0x00005000, ABSOLUTE)

    Base Addr    Size         Type   Attr      Idx    E Section Name        Object

    0x20000000   0x0000001d   Data   RW           15    .data               function.o
    0x2000001d   0x00000001   PAD
    0x2000001e   0x0000000c   Data   RW          258    .data               candata.o
    0x2000002a   0x00000002   PAD
    0x2000002c   0x00000028   Data   RW          291    .data               timirqhandler.o
    0x20000054   0x00000014   Data   RW          563    .data               stm32f10x_rcc.o
    0x20000068   0x00000014   Data   RW          623    .data               system_stm32f10x.o
    0x2000007c   0x00000060   Zero   RW           14    .bss                function.o
    0x200000dc   0x00000010   Zero   RW          290    .bss                timirqhandler.o
    0x200000ec   0x00000060   Zero   RW          705    .bss                c_w.l(libspace.o)
    0x2000014c   0x00000004   PAD
    0x20000150   0x00000200   Zero   RW            2    HEAP                startup_stm32f10x_md.o
    0x20000350   0x00000400   Zero   RW            1    STACK               startup_stm32f10x_md.o


==============================================================================

Image component sizes


      Code (inc. data)   RO Data    RW Data    ZI Data      Debug   Object Name

      1276         70          0         12          0       3938   candata.o
      4168        204          0         29         96     273500   function.o
       668         18          0          0          0        895   gpioint.o
       304         18          0          0          0       1097   main.o
       220         22          0          0          0       1893   misc.o
       278          0          0          0          0        887   rccandnvic.o
        64         26        236          0       1536        856   startup_stm32f10x_md.o
      2544         38          0          0          0       8128   stm32f10x_can.o
      1468         34          0          0          0       8306   stm32f10x_flash.o
       860         38          0          0          0       5829   stm32f10x_gpio.o
        26          0          0          0          0       1278   stm32f10x_it.o
        64          6          0          0          0       1333   stm32f10x_iwdg.o
       932         36          0         20          0       9072   stm32f10x_rcc.o
      3610         88          0          0          0      22940   stm32f10x_tim.o
       480         38          0         20          0       2175   system_stm32f10x.o
      3224        316          0         40         16      10161   timirqhandler.o

    ----------------------------------------------------------------------
     20192        952        268        124       1648     352288   Object Totals
         0          0         32          0          0          0   (incl. Generated)
         6          0          0          3          0          0   (incl. Padding)

    ----------------------------------------------------------------------

      Code (inc. data)   RO Data    RW Data    ZI Data      Debug   Library Member Name

         8          0          0          0          0         68   __main.o
         0          0          0          0          0          0   __rtentry.o
        12          0          0          0          0          0   __rtentry2.o
         6          0          0          0          0          0   __rtentry4.o
        52          8          0          0          0          0   __scatter.o
        26          0          0          0          0          0   __scatter_copy.o
        28          0          0          0          0          0   __scatter_zi.o
        18          0          0          0          0         80   exit.o
         6          0          0          0          0        152   heapauxi.o
         0          0          0          0          0          0   indicate_semi.o
         2          0          0          0          0          0   libinit.o
         2          0          0          0          0          0   libinit2.o
         2          0          0          0          0          0   libshutdown.o
         2          0          0          0          0          0   libshutdown2.o
         8          4          0          0         96         68   libspace.o
        68          0          0          0          0         68   rt_memclr.o
        78          0          0          0          0         80   rt_memclr_w.o
         2          0          0          0          0          0   rtexit.o
        10          0          0          0          0          0   rtexit2.o
        12          4          0          0          0         68   sys_exit.o
        74          0          0          0          0         80   sys_stackheap_outer.o
         2          0          0          0          0         68   use_no_semi.o

    ----------------------------------------------------------------------
       424         16          0          0        100        732   Library Totals
         6          0          0          0          4          0   (incl. Padding)

    ----------------------------------------------------------------------

      Code (inc. data)   RO Data    RW Data    ZI Data      Debug   Library Name

       418         16          0          0         96        732   c_w.l

    ----------------------------------------------------------------------
       424         16          0          0        100        732   Library Totals

    ----------------------------------------------------------------------

==============================================================================


      Code (inc. data)   RO Data    RW Data    ZI Data      Debug   

     20616        968        268        124       1748     351404   Grand Totals
     20616        968        268        124       1748     351404   ELF Image Totals
     20616        968        268        124          0          0   ROM Totals

==============================================================================

    Total RO  Size (Code + RO Data)                20884 (  20.39kB)
    Total RW  Size (RW Data + ZI Data)              1872 (   1.83kB)
    Total ROM Size (Code + RO Data + RW Data)      21008 (  20.52kB)

==============================================================================

