Component: ARM Compiler 5.06 update 4 (build 422) Tool: armlink [4d35d2]

==============================================================================

Section Cross References

    startup_stm32f10x_md.o(STACK) refers (Special) to heapauxi.o(.text) for __use_two_region_memory
    startup_stm32f10x_md.o(HEAP) refers (Special) to heapauxi.o(.text) for __use_two_region_memory
    startup_stm32f10x_md.o(RESET) refers (Special) to heapauxi.o(.text) for __use_two_region_memory
    startup_stm32f10x_md.o(RESET) refers to startup_stm32f10x_md.o(STACK) for __initial_sp
    startup_stm32f10x_md.o(RESET) refers to startup_stm32f10x_md.o(.text) for Reset_Handler
    startup_stm32f10x_md.o(RESET) refers to stm32f10x_it.o(.text) for NMI_Handler
    startup_stm32f10x_md.o(RESET) refers to function.o(.text) for USB_LP_CAN1_RX0_IRQHandler
    startup_stm32f10x_md.o(.text) refers (Special) to heapauxi.o(.text) for __use_two_region_memory
    startup_stm32f10x_md.o(.text) refers to system_stm32f10x.o(.text) for SystemInit
    startup_stm32f10x_md.o(.text) refers to __main.o(!!!main) for __main
    startup_stm32f10x_md.o(.text) refers to startup_stm32f10x_md.o(HEAP) for Heap_Mem
    startup_stm32f10x_md.o(.text) refers to startup_stm32f10x_md.o(STACK) for Stack_Mem
    main.o(.text) refers to stm32f10x_rcc.o(.text) for RCC_DeInit
    main.o(.text) refers to stm32f10x_flash.o(.text) for FLASH_SetLatency
    main.o(.text) refers to stm32f10x_iwdg.o(.text) for IWDG_WriteAccessCmd
    main.o(.text) refers to stm32f10x_gpio.o(.text) for GPIO_Init
    main.o(.text) refers to stm32f10x_can.o(.text) for CAN_DeInit
    main.o(.text) refers to misc.o(.text) for NVIC_PriorityGroupConfig
    main.o(.text) refers to stm32f10x_tim.o(.text) for TIM_DeInit
    main.o(.text) refers to stm32f10x_exti.o(.text) for EXTI_Init
    main.o(.text) refers to system_stm32f10x.o(.text) for SystemInit
    main.o(.text) refers to delay.o(.text) for delay_init
    main.o(.text) refers to function.o(.text) for Cal_PDU_CANID
    main.o(.text) refers to function.o(.data) for PDU_CAN_ID
    function.o(.text) refers to stm32f10x_gpio.o(.text) for GPIO_ReadInputDataBit
    function.o(.text) refers to stm32f10x_can.o(.text) for CAN_Transmit
    function.o(.text) refers to function.o(.data) for PDU_CAN_ID
    function.o(.text) refers to function.o(.bss) for ADC_ConvertedValue
    function.o(.text) refers to rt_memclr_w.o(.text) for __aeabi_memclr4
    function.o(.text) refers to stm32f10x_adc.o(.text) for ADC_RegularChannelConfig
    function.o(.text) refers to stm32f10x_tim.o(.text) for TIM_Cmd
    delay.o(.text) refers to misc.o(.text) for SysTick_CLKSourceConfig
    delay.o(.text) refers to delay.o(.data) for fac_us
    stm32f10x_gpio.o(.text) refers to stm32f10x_rcc.o(.text) for RCC_APB2PeriphResetCmd
    stm32f10x_pwr.o(.text) refers to stm32f10x_rcc.o(.text) for RCC_APB1PeriphResetCmd
    stm32f10x_rcc.o(.text) refers to stm32f10x_rcc.o(.data) for APBAHBPrescTable
    stm32f10x_adc.o(.text) refers to stm32f10x_rcc.o(.text) for RCC_APB2PeriphResetCmd
    stm32f10x_can.o(.text) refers to stm32f10x_rcc.o(.text) for RCC_APB1PeriphResetCmd
    stm32f10x_tim.o(.text) refers to stm32f10x_rcc.o(.text) for RCC_APB2PeriphResetCmd
    system_stm32f10x.o(.text) refers to system_stm32f10x.o(.data) for SystemCoreClock
    __main.o(!!!main) refers to __rtentry.o(.ARM.Collect$$rtentry$$00000000) for __rt_entry
    __rtentry.o(.ARM.Collect$$rtentry$$00000000) refers (Special) to __rtentry2.o(.ARM.Collect$$rtentry$$0000000A) for __rt_entry_li
    __rtentry.o(.ARM.Collect$$rtentry$$00000000) refers (Special) to __rtentry2.o(.ARM.Collect$$rtentry$$0000000D) for __rt_entry_main
    __rtentry.o(.ARM.Collect$$rtentry$$00000000) refers (Special) to __rtentry2.o(.ARM.Collect$$rtentry$$0000000C) for __rt_entry_postli_1
    __rtentry.o(.ARM.Collect$$rtentry$$00000000) refers (Special) to __rtentry2.o(.ARM.Collect$$rtentry$$00000009) for __rt_entry_postsh_1
    __rtentry.o(.ARM.Collect$$rtentry$$00000000) refers (Special) to __rtentry2.o(.ARM.Collect$$rtentry$$00000002) for __rt_entry_presh_1
    __rtentry.o(.ARM.Collect$$rtentry$$00000000) refers (Special) to __rtentry4.o(.ARM.Collect$$rtentry$$00000004) for __rt_entry_sh
    __rtentry2.o(.ARM.Collect$$rtentry$$00000008) refers to boardinit2.o(.text) for _platform_post_stackheap_init
    __rtentry2.o(.ARM.Collect$$rtentry$$0000000A) refers to libinit.o(.ARM.Collect$$libinit$$00000000) for __rt_lib_init
    __rtentry2.o(.ARM.Collect$$rtentry$$0000000B) refers to boardinit3.o(.text) for _platform_post_lib_init
    __rtentry2.o(.ARM.Collect$$rtentry$$0000000D) refers to main.o(.text) for main
    __rtentry2.o(.ARM.Collect$$rtentry$$0000000D) refers to exit.o(.text) for exit
    __rtentry2.o(.ARM.exidx) refers to __rtentry2.o(.ARM.Collect$$rtentry$$00000001) for .ARM.Collect$$rtentry$$00000001
    __rtentry2.o(.ARM.exidx) refers to __rtentry2.o(.ARM.Collect$$rtentry$$00000008) for .ARM.Collect$$rtentry$$00000008
[...]
    libinit.o(.ARM.Collect$$libinit$$00000000) refers (Special) to libinit2.o(.ARM.Collect$$libinit$$0000000E) for __rt_lib_init_rand_1
    libinit.o(.ARM.Collect$$libinit$$00000000) refers (Special) to libinit2.o(.ARM.Collect$$libinit$$00000033) for __rt_lib_init_return
    libinit.o(.ARM.Collect$$libinit$$00000000) refers (Special) to libinit2.o(.ARM.Collect$$libinit$$0000001D) for __rt_lib_init_signal_1
    libinit.o(.ARM.Collect$$libinit$$00000000) refers (Special) to libinit2.o(.ARM.Collect$$libinit$$00000025) for __rt_lib_init_stdio_1
    libinit.o(.ARM.Collect$$libinit$$00000000) refers (Special) to libinit2.o(.ARM.Collect$$libinit$$0000000C) for __rt_lib_init_user_alloc_1
    libspace.o(.text) refers to libspace.o(.bss) for __libspace_start
    rtexit.o(.ARM.Collect$$rtexit$$00000000) refers (Special) to rtexit2.o(.ARM.Collect$$rtexit$$00000004) for __rt_exit_exit
    rtexit.o(.ARM.Collect$$rtexit$$00000000) refers (Special) to rtexit2.o(.ARM.Collect$$rtexit$$00000003) for __rt_exit_ls
    rtexit.o(.ARM.Collect$$rtexit$$00000000) refers (Special) to rtexit2.o(.ARM.Collect$$rtexit$$00000002) for __rt_exit_prels_1
    rtexit.o(.ARM.exidx) refers (Special) to rtexit2.o(.ARM.Collect$$rtexit$$00000004) for __rt_exit_exit
    rtexit.o(.ARM.exidx) refers (Special) to rtexit2.o(.ARM.Collect$$rtexit$$00000003) for __rt_exit_ls
    rtexit.o(.ARM.exidx) refers (Special) to rtexit2.o(.ARM.Collect$$rtexit$$00000002) for __rt_exit_prels_1
    rtexit.o(.ARM.exidx) refers to rtexit.o(.ARM.Collect$$rtexit$$00000000) for .ARM.Collect$$rtexit$$00000000
    libinit2.o(.ARM.Collect$$libinit$$00000010) refers to libinit2.o(.ARM.Collect$$libinit$$0000000F) for .ARM.Collect$$libinit$$0000000F
    libinit2.o(.ARM.Collect$$libinit$$00000012) refers to libinit2.o(.ARM.Collect$$libinit$$0000000F) for .ARM.Collect$$libinit$$0000000F
    libinit2.o(.ARM.Collect$$libinit$$00000014) refers to libinit2.o(.ARM.Collect$$libinit$$0000000F) for .ARM.Collect$$libinit$$0000000F
    libinit2.o(.ARM.Collect$$libinit$$00000016) refers to libinit2.o(.ARM.Collect$$libinit$$0000000F) for .ARM.Collect$$libinit$$0000000F
    libinit2.o(.ARM.Collect$$libinit$$00000018) refers to libinit2.o(.ARM.Collect$$libinit$$0000000F) for .ARM.Collect$$libinit$$0000000F
    libinit2.o(.ARM.Collect$$libinit$$00000026) refers to argv_veneer.o(.emb_text) for __ARM_argv_veneer
    libinit2.o(.ARM.Collect$$libinit$$00000027) refers to argv_veneer.o(.emb_text) for __ARM_argv_veneer
    rtexit2.o(.ARM.Collect$$rtexit$$00000003) refers to libshutdown.o(.ARM.Collect$$libshutdown$$00000000) for __rt_lib_shutdown
    rtexit2.o(.ARM.Collect$$rtexit$$00000004) refers to sys_exit.o(.text) for _sys_exit
    rtexit2.o(.ARM.exidx) refers to rtexit2.o(.ARM.Collect$$rtexit$$00000001) for .ARM.Collect$$rtexit$$00000001
    rtexit2.o(.ARM.exidx) refers to rtexit2.o(.ARM.Collect$$rtexit$$00000003) for .ARM.Collect$$rtexit$$00000003
    rtexit2.o(.ARM.exidx) refers to rtexit2.o(.ARM.Collect$$rtexit$$00000004) for .ARM.Collect$$rtexit$$00000004
    argv_veneer.o(.emb_text) refers to no_argv.o(.text) for __ARM_get_argv
    sys_exit.o(.text) refers (Special) to use_no_semi.o(.text) for __I$use$semihosting
    sys_exit.o(.text) refers (Special) to indicate_semi.o(.text) for __semihosting_library_function
    _get_argv_nomalloc.o(.text) refers (Special) to hrguard.o(.text) for __heap_region$guard
    _get_argv_nomalloc.o(.text) refers to defsig_rtmem_outer.o(.text) for __rt_SIGRTMEM
    _get_argv_nomalloc.o(.text) refers to sys_command.o(.text) for _sys_command_string
    libshutdown.o(.ARM.Collect$$libshutdown$$00000000) refers (Special) to libshutdown2.o(.ARM.Collect$$libshutdown$$00000002) for __rt_lib_shutdown_cpp_1
    libshutdown.o(.ARM.Collect$$libshutdown$$00000000) refers (Special) to libshutdown2.o(.ARM.Collect$$libshutdown$$00000007) for __rt_lib_shutdown_fp_trap_1
    libshutdown.o(.ARM.Collect$$libshutdown$$00000000) refers (Special) to libshutdown2.o(.ARM.Collect$$libshutdown$$0000000F) for __rt_lib_shutdown_heap_1
    libshutdown.o(.ARM.Collect$$libshutdown$$00000000) refers (Special) to libshutdown2.o(.ARM.Collect$$libshutdown$$00000010) for __rt_lib_shutdown_return
    libshutdown.o(.ARM.Collect$$libshutdown$$00000000) refers (Special) to libshutdown2.o(.ARM.Collect$$libshutdown$$0000000A) for __rt_lib_shutdown_signal_1
    libshutdown.o(.ARM.Collect$$libshutdown$$00000000) refers (Special) to libshutdown2.o(.ARM.Collect$$libshutdown$$00000004) for __rt_lib_shutdown_stdio_1
    libshutdown.o(.ARM.Collect$$libshutdown$$00000000) refers (Special) to libshutdown2.o(.ARM.Collect$$libshutdown$$0000000C) for __rt_lib_shutdown_user_alloc_1
    sys_command.o(.text) refers (Special) to use_no_semi.o(.text) for __I$use$semihosting
    sys_command.o(.text) refers (Special) to indicate_semi.o(.text) for __semihosting_library_function
    defsig_rtmem_outer.o(.text) refers to defsig_rtmem_inner.o(.text) for __rt_SIGRTMEM_inner
    defsig_rtmem_outer.o(.text) refers to defsig_exit.o(.text) for __sig_exit
    defsig_rtmem_formal.o(.text) refers to rt_raise.o(.text) for __rt_raise
    rt_raise.o(.text) refers to __raise.o(.text) for __raise
    rt_raise.o(.text) refers to sys_exit.o(.text) for _sys_exit
    defsig_exit.o(.text) refers to sys_exit.o(.text) for _sys_exit
    defsig_rtmem_inner.o(.text) refers to defsig_general.o(.text) for __default_signal_display
    __raise.o(.text) refers to defsig.o(CL$$defsig) for __default_signal_handler
    defsig_general.o(.text) refers to sys_wrch.o(.text) for _ttywrch
    sys_wrch.o(.text) refers (Special) to use_no_semi.o(.text) for __I$use$semihosting
    sys_wrch.o(.text) refers (Special) to indicate_semi.o(.text) for __semihosting_library_function
    defsig.o(CL$$defsig) refers to defsig_rtmem_inner.o(.text) for __rt_SIGRTMEM_inner
    defsig_abrt_inner.o(.text) refers to defsig_general.o(.text) for __default_signal_display
    defsig_fpe_inner.o(.text) refers to defsig_general.o(.text) for __default_signal_display
    defsig_rtred_inner.o(.text) refers to defsig_general.o(.text) for __default_signal_display
    defsig_stak_inner.o(.text) refers to defsig_general.o(.text) for __default_signal_display
    defsig_pvfn_inner.o(.text) refers to defsig_general.o(.text) for __default_signal_display
    defsig_cppl_inner.o(.text) refers to defsig_general.o(.text) for __default_signal_display
    defsig_segv_inner.o(.text) refers to defsig_general.o(.text) for __default_signal_display
    defsig_other.o(.text) refers to defsig_general.o(.text) for __default_signal_display


==============================================================================

Removing Unused input sections from the image.

    Removing main.o(.rev16_text), (4 bytes).
    Removing main.o(.revsh_text), (4 bytes).
    Removing main.o(.rrx_text), (6 bytes).
    Removing stm32f10x_it.o(.rev16_text), (4 bytes).
    Removing stm32f10x_it.o(.revsh_text), (4 bytes).
    Removing stm32f10x_it.o(.rrx_text), (6 bytes).
    Removing function.o(.rev16_text), (4 bytes).
    Removing function.o(.revsh_text), (4 bytes).
    Removing function.o(.rrx_text), (6 bytes).
    Removing delay.o(.rev16_text), (4 bytes).
    Removing delay.o(.revsh_text), (4 bytes).
    Removing delay.o(.rrx_text), (6 bytes).
    Removing misc.o(.rev16_text), (4 bytes).
    Removing misc.o(.revsh_text), (4 bytes).
    Removing misc.o(.rrx_text), (6 bytes).
    Removing stm32f10x_gpio.o(.rev16_text), (4 bytes).
    Removing stm32f10x_gpio.o(.revsh_text), (4 bytes).
    Removing stm32f10x_gpio.o(.rrx_text), (6 bytes).
    Removing stm32f10x_iwdg.o(.rev16_text), (4 bytes).
    Removing stm32f10x_iwdg.o(.revsh_text), (4 bytes).
    Removing stm32f10x_iwdg.o(.rrx_text), (6 bytes).
    Removing stm32f10x_pwr.o(.rev16_text), (4 bytes).
    Removing stm32f10x_pwr.o(.revsh_text), (4 bytes).
    Removing stm32f10x_pwr.o(.rrx_text), (6 bytes).
    Removing stm32f10x_pwr.o(.text), (204 bytes).
    Removing stm32f10x_rcc.o(.rev16_text), (4 bytes).
    Removing stm32f10x_rcc.o(.revsh_text), (4 bytes).
    Removing stm32f10x_rcc.o(.rrx_text), (6 bytes).
    Removing stm32f10x_adc.o(.rev16_text), (4 bytes).
    Removing stm32f10x_adc.o(.revsh_text), (4 bytes).
    Removing stm32f10x_adc.o(.rrx_text), (6 bytes).
    Removing stm32f10x_can.o(.rev16_text), (4 bytes).
    Removing stm32f10x_can.o(.revsh_text), (4 bytes).
    Removing stm32f10x_can.o(.rrx_text), (6 bytes).
    Removing stm32f10x_dma.o(.rev16_text), (4 bytes).
    Removing stm32f10x_dma.o(.revsh_text), (4 bytes).
    Removing stm32f10x_dma.o(.rrx_text), (6 bytes).
    Removing stm32f10x_dma.o(.text), (596 bytes).
    Removing stm32f10x_tim.o(.rev16_text), (4 bytes).
    Removing stm32f10x_tim.o(.revsh_text), (4 bytes).
    Removing stm32f10x_tim.o(.rrx_text), (6 bytes).
    Removing stm32f10x_flash.o(.rev16_text), (4 bytes).
    Removing stm32f10x_flash.o(.revsh_text), (4 bytes).
    Removing stm32f10x_flash.o(.rrx_text), (6 bytes).
    Removing stm32f10x_exti.o(.rev16_text), (4 bytes).
    Removing stm32f10x_exti.o(.revsh_text), (4 bytes).
    Removing stm32f10x_exti.o(.rrx_text), (6 bytes).
    Removing core_cm3.o(.emb_text), (32 bytes).
    Removing system_stm32f10x.o(.rev16_text), (4 bytes).
    Removing system_stm32f10x.o(.revsh_text), (4 bytes).
    Removing system_stm32f10x.o(.rrx_text), (6 bytes).

51 unused section(s) (total 1056 bytes) removed from the image.

==============================================================================

Image Symbol Table

    Local Symbols

    Symbol Name                              Value     Ov Type        Size  Object(Section)

    ../clib/angel/boardlib.s                 0x00000000   Number         0  boardinit2.o ABSOLUTE
    ../clib/angel/boardlib.s                 0x00000000   Number         0  boardinit1.o ABSOLUTE
    ../clib/angel/boardlib.s                 0x00000000   Number         0  boardshut.o ABSOLUTE
    ../clib/angel/boardlib.s                 0x00000000   Number         0  boardinit3.o ABSOLUTE
    ../clib/angel/handlers.s                 0x00000000   Number         0  __scatter_copy.o ABSOLUTE
    ../clib/angel/handlers.s                 0x00000000   Number         0  __scatter_zi.o ABSOLUTE
    ../clib/angel/kernel.s                   0x00000000   Number         0  rtexit.o ABSOLUTE
    ../clib/angel/kernel.s                   0x00000000   Number         0  __rtentry4.o ABSOLUTE
    ../clib/angel/kernel.s                   0x00000000   Number         0  __rtentry2.o ABSOLUTE
    ../clib/angel/kernel.s                   0x00000000   Number         0  rtexit2.o ABSOLUTE
    ../clib/angel/kernel.s                   0x00000000   Number         0  __rtentry.o ABSOLUTE
    ../clib/angel/rt.s                       0x00000000   Number         0  rt_raise.o ABSOLUTE
    ../clib/angel/scatter.s                  0x00000000   Number         0  __scatter.o ABSOLUTE
    ../clib/angel/startup.s                  0x00000000   Number         0  __main.o ABSOLUTE
    ../clib/angel/sys.s                      0x00000000   Number         0  libspace.o ABSOLUTE
    ../clib/angel/sys.s                      0x00000000   Number         0  indicate_semi.o ABSOLUTE
    ../clib/angel/sys.s                      0x00000000   Number         0  use_no_semi.o ABSOLUTE
    ../clib/angel/sys.s                      0x00000000   Number         0  sys_stackheap_outer.o ABSOLUTE
    ../clib/angel/sysapp.c                   0x00000000   Number         0  sys_command.o ABSOLUTE
    ../clib/angel/sysapp.c                   0x00000000   Number         0  sys_wrch.o ABSOLUTE
    ../clib/angel/sysapp.c                   0x00000000   Number         0  sys_exit.o ABSOLUTE
    ../clib/armsys.c                         0x00000000   Number         0  no_argv.o ABSOLUTE
    ../clib/armsys.c                         0x00000000   Number         0  argv_veneer.o ABSOLUTE
    ../clib/armsys.c                         0x00000000   Number         0  argv_veneer.o ABSOLUTE
    ../clib/armsys.c                         0x00000000   Number         0  _get_argv_nomalloc.o ABSOLUTE
    ../clib/heapalloc.c                      0x00000000   Number         0  hrguard.o ABSOLUTE
    ../clib/heapaux.c                        0x00000000   Number         0  heapauxi.o ABSOLUTE
    ../clib/libinit.s                        0x00000000   Number         0  libinit2.o ABSOLUTE
    ../clib/libinit.s                        0x00000000   Number         0  libinit.o ABSOLUTE
    ../clib/libinit.s                        0x00000000   Number         0  libshutdown2.o ABSOLUTE
    ../clib/libinit.s                        0x00000000   Number         0  libshutdown.o ABSOLUTE
    ../clib/memcpset.s                       0x00000000   Number         0  rt_memclr_w.o ABSOLUTE
    ../clib/signal.c                         0x00000000   Number         0  defsig_stak_inner.o ABSOLUTE
    ../clib/signal.c                         0x00000000   Number         0  defsig_rtmem_outer.o ABSOLUTE
    ../clib/signal.c                         0x00000000   Number         0  defsig_other.o ABSOLUTE
    ../clib/signal.c                         0x00000000   Number         0  defsig_segv_inner.o ABSOLUTE
    ../clib/signal.c                         0x00000000   Number         0  __raise.o ABSOLUTE
    ../clib/signal.c                         0x00000000   Number         0  defsig_cppl_inner.o ABSOLUTE
    ../clib/signal.c                         0x00000000   Number         0  defsig_pvfn_inner.o ABSOLUTE
    ../clib/signal.c                         0x00000000   Number         0  defsig_rtred_inner.o ABSOLUTE
    ../clib/signal.c                         0x00000000   Number         0  defsig_fpe_inner.o ABSOLUTE
    ../clib/signal.c                         0x00000000   Number         0  defsig_abrt_inner.o ABSOLUTE
    ../clib/signal.c                         0x00000000   Number         0  defsig_general.o ABSOLUTE
    ../clib/signal.c                         0x00000000   Number         0  defsig_rtmem_inner.o ABSOLUTE
    ../clib/signal.c                         0x00000000   Number         0  defsig_exit.o ABSOLUTE
    ../clib/signal.c                         0x00000000   Number         0  defsig_rtmem_formal.o ABSOLUTE
    ../clib/signal.s                         0x00000000   Number         0  defsig.o ABSOLUTE
    ../clib/stdlib.c                         0x00000000   Number         0  exit.o ABSOLUTE
    ../fplib/fpinit.s                        0x00000000   Number         0  fpinit.o ABSOLUTE
    CMSIS\CoreSupport\core_cm3.c             0x00000000   Number         0  core_cm3.o ABSOLUTE
    CMSIS\DeviceSupport\ST\STM32F10x\system_stm32f10x.c 0x00000000   Number         0  system_stm32f10x.o ABSOLUTE
    CMSIS\\CoreSupport\\core_cm3.c           0x00000000   Number         0  core_cm3.o ABSOLUTE
    CMSIS\\DeviceSupport\\ST\\STM32F10x\\system_stm32f10x.c 0x00000000   Number         0  system_stm32f10x.o ABSOLUTE
    FWlib\\src\\misc.c                       0x00000000   Number         0  misc.o ABSOLUTE
    FWlib\\src\\stm32f10x_adc.c              0x00000000   Number         0  stm32f10x_adc.o ABSOLUTE
    FWlib\\src\\stm32f10x_can.c              0x00000000   Number         0  stm32f10x_can.o ABSOLUTE
    FWlib\\src\\stm32f10x_dma.c              0x00000000   Number         0  stm32f10x_dma.o ABSOLUTE
    FWlib\\src\\stm32f10x_exti.c             0x00000000   Number         0  stm32f10x_exti.o ABSOLUTE
    FWlib\\src\\stm32f10x_flash.c            0x00000000   Number         0  stm32f10x_flash.o ABSOLUTE
    FWlib\\src\\stm32f10x_gpio.c             0x00000000   Number         0  stm32f10x_gpio.o ABSOLUTE
    FWlib\\src\\stm32f10x_iwdg.c             0x00000000   Number         0  stm32f10x_iwdg.o ABSOLUTE
    FWlib\\src\\stm32f10x_pwr.c              0x00000000   Number         0  stm32f10x_pwr.o ABSOLUTE
    FWlib\\src\\stm32f10x_rcc.c              0x00000000   Number         0  stm32f10x_rcc.o ABSOLUTE
    FWlib\\src\\stm32f10x_tim.c              0x00000000   Number         0  stm32f10x_tim.o ABSOLUTE
    FWlib\src\misc.c                         0x00000000   Number         0  misc.o ABSOLUTE
    FWlib\src\stm32f10x_adc.c                0x00000000   Number         0  stm32f10x_adc.o ABSOLUTE
    FWlib\src\stm32f10x_can.c                0x00000000   Number         0  stm32f10x_can.o ABSOLUTE
    FWlib\src\stm32f10x_dma.c                0x00000000   Number         0  stm32f10x_dma.o ABSOLUTE
    FWlib\src\stm32f10x_exti.c               0x00000000   Number         0  stm32f10x_exti.o ABSOLUTE
    FWlib\src\stm32f10x_flash.c              0x00000000   Number         0  stm32f10x_flash.o ABSOLUTE
    FWlib\src\stm32f10x_gpio.c               0x00000000   Number         0  stm32f10x_gpio.o ABSOLUTE
    FWlib\src\stm32f10x_iwdg.c               0x00000000   Number         0  stm32f10x_iwdg.o ABSOLUTE
    FWlib\src\stm32f10x_pwr.c                0x00000000   Number         0  stm32f10x_pwr.o ABSOLUTE
    FWlib\src\stm32f10x_rcc.c                0x00000000   Number         0  stm32f10x_rcc.o ABSOLUTE
    FWlib\src\stm32f10x_tim.c                0x00000000   Number         0  stm32f10x_tim.o ABSOLUTE
    STARTCODE\startup_stm32f10x_md.s         0x00000000   Number         0  startup_stm32f10x_md.o ABSOLUTE
    USER\\delay.c                            0x00000000   Number         0  delay.o ABSOLUTE
    USER\\function.c                         0x00000000   Number         0  function.o ABSOLUTE
    USER\\main.c                             0x00000000   Number         0  main.o ABSOLUTE
    USER\\stm32f10x_it.c                     0x00000000   Number         0  stm32f10x_it.o ABSOLUTE
    USER\delay.c                             0x00000000   Number         0  delay.o ABSOLUTE
    USER\function.c                          0x00000000   Number         0  function.o ABSOLUTE
    USER\main.c                              0x00000000   Number         0  main.o ABSOLUTE
    USER\stm32f10x_it.c                      0x00000000   Number         0  stm32f10x_it.o ABSOLUTE
    dc.s                                     0x00000000   Number         0  dc.o ABSOLUTE
    RESET                                    0x08000000   Section      236  startup_stm32f10x_md.o(RESET)
    !!!main                                  0x080000ec   Section        8  __main.o(!!!main)
    !!!scatter                               0x080000f4   Section       52  __scatter.o(!!!scatter)
    !!handler_copy                           0x08000128   Section       26  __scatter_copy.o(!!handler_copy)
    !!handler_zi                             0x08000144   Section       28  __scatter_zi.o(!!handler_zi)
    .ARM.Collect$$libinit$$00000000          0x08000160   Section        2  libinit.o(.ARM.Collect$$libinit$$00000000)
    .ARM.Collect$$libinit$$00000002          0x08000162   Section        0  libinit2.o(.ARM.Collect$$libinit$$00000002)
    .ARM.Collect$$libinit$$00000004          0x08000162   Section        0  libinit2.o(.ARM.Collect$$libinit$$00000004)
    .ARM.Collect$$libinit$$0000000A          0x08000162   Section        0  libinit2.o(.ARM.Collect$$libinit$$0000000A)
    .ARM.Collect$$libinit$$0000000C          0x08000162   Section        0  libinit2.o(.ARM.Collect$$libinit$$0000000C)
    .ARM.Collect$$libinit$$0000000E          0x08000162   Section        0  libinit2.o(.ARM.Collect$$libinit$$0000000E)
    .ARM.Collect$$libinit$$00000011          0x08000162   Section        0  libinit2.o(.ARM.Collect$$libinit$$00000011)
    .ARM.Collect$$libinit$$00000013          0x08000162   Section        0  libinit2.o(.ARM.Collect$$libinit$$00000013)
    .ARM.Collect$$libinit$$00000015          0x08000162   Section        0  libinit2.o(.ARM.Collect$$libinit$$00000015)
    .ARM.Collect$$libinit$$00000017          0x08000162   Section        0  libinit2.o(.ARM.Collect$$libinit$$00000017)
    .ARM.Collect$$libinit$$00000019          0x08000162   Section        0  libinit2.o(.ARM.Collect$$libinit$$00000019)
    .ARM.Collect$$libinit$$0000001B          0x08000162   Section        0  libinit2.o(.ARM.Collect$$libinit$$0000001B)
    .ARM.Collect$$libinit$$0000001D          0x08000162   Section        0  libinit2.o(.ARM.Collect$$libinit$$0000001D)
    .ARM.Collect$$libinit$$0000001F          0x08000162   Section        0  libinit2.o(.ARM.Collect$$libinit$$0000001F)
    .ARM.Collect$$libinit$$00000021          0x08000162   Section        0  libinit2.o(.ARM.Collect$$libinit$$00000021)
    .ARM.Collect$$libinit$$00000023          0x08000162   Section        0  libinit2.o(.ARM.Collect$$libinit$$00000023)
    .ARM.Collect$$libinit$$00000025          0x08000162   Section        0  libinit2.o(.ARM.Collect$$libinit$$00000025)
    .ARM.Collect$$libinit$$0000002C          0x08000162   Section        0  libinit2.o(.ARM.Collect$$libinit$$0000002C)
    .ARM.Collect$$libinit$$0000002E          0x08000162   Section        0  libinit2.o(.ARM.Collect$$libinit$$0000002E)
    .ARM.Collect$$libinit$$00000030          0x08000162   Section        0  libinit2.o(.ARM.Collect$$libinit$$00000030)
    .ARM.Collect$$libinit$$00000032          0x08000162   Section        0  libinit2.o(.ARM.Collect$$libinit$$00000032)
    .ARM.Collect$$libinit$$00000033          0x08000162   Section        2  libinit2.o(.ARM.Collect$$libinit$$00000033)
    .ARM.Collect$$libshutdown$$00000000      0x08000164   Section        2  libshutdown.o(.ARM.Collect$$libshutdown$$00000000)
    .ARM.Collect$$libshutdown$$00000002      0x08000166   Section        0  libshutdown2.o(.ARM.Collect$$libshutdown$$00000002)
    .ARM.Collect$$libshutdown$$00000004      0x08000166   Section        0  libshutdown2.o(.ARM.Collect$$libshutdown$$00000004)
    .ARM.Collect$$libshutdown$$00000007      0x08000166   Section        0  libshutdown2.o(.ARM.Collect$$libshutdown$$00000007)
    .ARM.Collect$$libshutdown$$0000000A      0x08000166   Section        0  libshutdown2.o(.ARM.Collect$$libshutdown$$0000000A)
    .ARM.Collect$$libshutdown$$0000000C      0x08000166   Section        0  libshutdown2.o(.ARM.Collect$$libshutdown$$0000000C)
    .ARM.Collect$$libshutdown$$0000000F      0x08000166   Section        0  libshutdown2.o(.ARM.Collect$$libshutdown$$0000000F)
    .ARM.Collect$$libshutdown$$00000010      0x08000166   Section        2  libshutdown2.o(.ARM.Collect$$libshutdown$$00000010)
    .ARM.Collect$$rtentry$$00000000          0x08000168   Section        0  __rtentry.o(.ARM.Collect$$rtentry$$00000000)
    .ARM.Collect$$rtentry$$00000002          0x08000168   Section        0  __rtentry2.o(.ARM.Collect$$rtentry$$00000002)
    .ARM.Collect$$rtentry$$00000004          0x08000168   Section        6  __rtentry4.o(.ARM.Collect$$rtentry$$00000004)
    .ARM.Collect$$rtentry$$00000009          0x0800016e   Section        0  __rtentry2.o(.ARM.Collect$$rtentry$$00000009)
    .ARM.Collect$$rtentry$$0000000A          0x0800016e   Section        4  __rtentry2.o(.ARM.Collect$$rtentry$$0000000A)
    .ARM.Collect$$rtentry$$0000000C          0x08000172   Section        0  __rtentry2.o(.ARM.Collect$$rtentry$$0000000C)
    .ARM.Collect$$rtentry$$0000000D          0x08000172   Section        8  __rtentry2.o(.ARM.Collect$$rtentry$$0000000D)
    .ARM.Collect$$rtexit$$00000000           0x0800017a   Section        2  rtexit.o(.ARM.Collect$$rtexit$$00000000)
    .ARM.Collect$$rtexit$$00000002           0x0800017c   Section        0  rtexit2.o(.ARM.Collect$$rtexit$$00000002)
    .ARM.Collect$$rtexit$$00000003           0x0800017c   Section        4  rtexit2.o(.ARM.Collect$$rtexit$$00000003)
    .ARM.Collect$$rtexit$$00000004           0x08000180   Section        6  rtexit2.o(.ARM.Collect$$rtexit$$00000004)
    .text                                    0x08000188   Section       64  startup_stm32f10x_md.o(.text)
    .text                                    0x080001c8   Section        0  main.o(.text)
    CAN_Filter_Config                        0x08000429   Thumb Code   144  main.o(.text)
    .text                                    0x080006a4   Section        0  stm32f10x_it.o(.text)
    .text                                    0x080006c0   Section        0  function.o(.text)
    .text                                    0x08002a04   Section        0  delay.o(.text)
    .text                                    0x08002ab0   Section        0  misc.o(.text)
    .text                                    0x08002b8c   Section        0  stm32f10x_gpio.o(.text)
    .text                                    0x08002ee8   Section        0  stm32f10x_iwdg.o(.text)
    .text                                    0x08002f28   Section        0  stm32f10x_rcc.o(.text)
    .text                                    0x080032cc   Section        0  stm32f10x_adc.o(.text)
    .text                                    0x0800371c   Section        0  stm32f10x_can.o(.text)
    CheckITStatus                            0x08003f1f   Thumb Code    18  stm32f10x_can.o(.text)
    .text                                    0x0800410c   Section        0  stm32f10x_tim.o(.text)
    TI4_Config                               0x080045b3   Thumb Code   130  stm32f10x_tim.o(.text)
    TI3_Config                               0x08004647   Thumb Code   122  stm32f10x_tim.o(.text)
    TI2_Config                               0x080046db   Thumb Code   130  stm32f10x_tim.o(.text)
    TI1_Config                               0x0800476f   Thumb Code   108  stm32f10x_tim.o(.text)
    .text                                    0x08004f28   Section        0  stm32f10x_flash.o(.text)
    .text                                    0x080054e4   Section        0  stm32f10x_exti.o(.text)
    .text                                    0x08005600   Section        0  system_stm32f10x.o(.text)
    SetSysClockTo72                          0x08005601   Thumb Code   214  system_stm32f10x.o(.text)
    SetSysClock                              0x080056d7   Thumb Code     8  system_stm32f10x.o(.text)
    .text                                    0x080057e0   Section       78  rt_memclr_w.o(.text)
    .text                                    0x0800582e   Section        0  heapauxi.o(.text)
    .text                                    0x08005834   Section       74  sys_stackheap_outer.o(.text)
    .text                                    0x0800587e   Section        0  exit.o(.text)
    .text                                    0x08005890   Section        8  libspace.o(.text)
    .text                                    0x08005898   Section        0  sys_exit.o(.text)
    .text                                    0x080058a4   Section        2  use_no_semi.o(.text)
    .text                                    0x080058a6   Section        0  indicate_semi.o(.text)
    .data                                    0x20000000   Section      120  function.o(.data)
    HeartbeatCnt                             0x20000050   Data           1  function.o(.data)
    CMDgetCnt                                0x20000051   Data           1  function.o(.data)
    HeartgetCnt                              0x20000052   Data           1  function.o(.data)
    CPUofflineFlag                           0x20000053   Data           1  function.o(.data)
    HeartOffline                             0x20000054   Data           1  function.o(.data)
    SignalSetFlag                            0x20000055   Data           1  function.o(.data)
    .data                                    0x20000078   Section        4  delay.o(.data)
    fac_us                                   0x20000078   Data           1  delay.o(.data)
    fac_ms                                   0x2000007a   Data           2  delay.o(.data)
    .data                                    0x2000007c   Section       20  stm32f10x_rcc.o(.data)
    APBAHBPrescTable                         0x2000007c   Data          16  stm32f10x_rcc.o(.data)
    ADCPrescTable                            0x2000008c   Data           4  stm32f10x_rcc.o(.data)
    .data                                    0x20000090   Section       20  system_stm32f10x.o(.data)
    .bss                                     0x200000a4   Section     9897  function.o(.bss)
    Receive_Buf                              0x200000cc   Data          10  function.o(.bss)
    .bss                                     0x20002750   Section       96  libspace.o(.bss)
    HEAP                                     0x200027b0   Section      512  startup_stm32f10x_md.o(HEAP)
    Heap_Mem                                 0x200027b0   Data         512  startup_stm32f10x_md.o(HEAP)
    STACK                                    0x200029b0   Section     1024  startup_stm32f10x_md.o(STACK)
    Stack_Mem                                0x200029b0   Data        1024  startup_stm32f10x_md.o(STACK)
    __initial_sp                             0x20002db0   Data           0  startup_stm32f10x_md.o(STACK)

    Global Symbols

    Symbol Name                              Value     Ov Type        Size  Object(Section)

    BuildAttributes$$THM_ISAv4$P$D$K$B$S$PE$A:L22UL41UL21$X:L11$S22US41US21$IEEE1$IW$USESV6$~STKCKD$USESV7$~SHL$OSPACE$ROPI$EBA8$UX$STANDARDLIB$REQ8$PRES8$EABIv2 0x00000000   Number         0  anon$$obj.o ABSOLUTE
    __ARM_use_no_argv                        0x00000000   Number         0  main.o ABSOLUTE
    __ARM_exceptions_init                     - Undefined Weak Reference
    __alloca_initialize                       - Undefined Weak Reference
    __arm_preinit_                            - Undefined Weak Reference
    __cpp_initialize__aeabi_                  - Undefined Weak Reference
    __cxa_finalize                            - Undefined Weak Reference
    __rt_locale                               - Undefined Weak Reference
    __sigvec_lookup                           - Undefined Weak Reference
    _atexit_init                              - Undefined Weak Reference
    _call_atexit_fns                          - Undefined Weak Reference
    _clock_init                               - Undefined Weak Reference
    _fp_trap_init                             - Undefined Weak Reference
    _fp_trap_shutdown                         - Undefined Weak Reference
    _get_lc_collate                           - Undefined Weak Reference
    _get_lc_ctype                             - Undefined Weak Reference
    _get_lc_monetary                          - Undefined Weak Reference
    _get_lc_numeric                           - Undefined Weak Reference
    _get_lc_time                              - Undefined Weak Reference
    _getenv_init                              - Undefined Weak Reference
    _handle_redirection                       - Undefined Weak Reference
    _init_alloc                               - Undefined Weak Reference
    _init_user_alloc                          - Undefined Weak Reference
    _initio                                   - Undefined Weak Reference
    _rand_init                                - Undefined Weak Reference
    _signal_finish                            - Undefined Weak Reference
    _signal_init                              - Undefined Weak Reference
    _terminate_alloc                          - Undefined Weak Reference
    _terminate_user_alloc                     - Undefined Weak Reference
    _terminateio                              - Undefined Weak Reference
    __Vectors_Size                           0x000000ec   Number         0  startup_stm32f10x_md.o ABSOLUTE
    __Vectors                                0x08000000   Data           4  startup_stm32f10x_md.o(RESET)
    __Vectors_End                            0x080000ec   Data           0  startup_stm32f10x_md.o(RESET)
    __main                                   0x080000ed   Thumb Code     8  __main.o(!!!main)
    __scatterload                            0x080000f5   Thumb Code     0  __scatter.o(!!!scatter)
    __scatterload_rt2                        0x080000f5   Thumb Code    44  __scatter.o(!!!scatter)
    __scatterload_rt2_thumb_only             0x080000f5   Thumb Code     0  __scatter.o(!!!scatter)
    __scatterload_null                       0x08000103   Thumb Code     0  __scatter.o(!!!scatter)
    __scatterload_copy                       0x08000129   Thumb Code    26  __scatter_copy.o(!!handler_copy)
    __scatterload_zeroinit                   0x08000145   Thumb Code    28  __scatter_zi.o(!!handler_zi)
    __rt_lib_init                            0x08000161   Thumb Code     0  libinit.o(.ARM.Collect$$libinit$$00000000)
    __rt_lib_init_alloca_1                   0x08000163   Thumb Code     0  libinit2.o(.ARM.Collect$$libinit$$0000002E)
    __rt_lib_init_argv_1                     0x08000163   Thumb Code     0  libinit2.o(.ARM.Collect$$libinit$$0000002C)
    __rt_lib_init_atexit_1                   0x08000163   Thumb Code     0  libinit2.o(.ARM.Collect$$libinit$$0000001B)
    __rt_lib_init_clock_1                    0x08000163   Thumb Code     0  libinit2.o(.ARM.Collect$$libinit$$00000021)
    __rt_lib_init_cpp_1                      0x08000163   Thumb Code     0  libinit2.o(.ARM.Collect$$libinit$$00000032)
    __rt_lib_init_exceptions_1               0x08000163   Thumb Code     0  libinit2.o(.ARM.Collect$$libinit$$00000030)
    __rt_lib_init_fp_1                       0x08000163   Thumb Code     0  libinit2.o(.ARM.Collect$$libinit$$00000002)
    __rt_lib_init_fp_trap_1                  0x08000163   Thumb Code     0  libinit2.o(.ARM.Collect$$libinit$$0000001F)
    __rt_lib_init_getenv_1                   0x08000163   Thumb Code     0  libinit2.o(.ARM.Collect$$libinit$$00000023)
    __rt_lib_init_heap_1                     0x08000163   Thumb Code     0  libinit2.o(.ARM.Collect$$libinit$$0000000A)
    __rt_lib_init_lc_collate_1               0x08000163   Thumb Code     0  libinit2.o(.ARM.Collect$$libinit$$00000011)
    __rt_lib_init_lc_ctype_1                 0x08000163   Thumb Code     0  libinit2.o(.ARM.Collect$$libinit$$00000013)
    __rt_lib_init_lc_monetary_1              0x08000163   Thumb Code     0  libinit2.o(.ARM.Collect$$libinit$$00000015)
    __rt_lib_init_lc_numeric_1               0x08000163   Thumb Code     0  libinit2.o(.ARM.Collect$$libinit$$00000017)
    __rt_lib_init_lc_time_1                  0x08000163   Thumb Code     0  libinit2.o(.ARM.Collect$$libinit$$00000019)
    __rt_lib_init_preinit_1                  0x08000163   Thumb Code     0  libinit2.o(.ARM.Collect$$libinit$$00000004)
    __rt_lib_init_rand_1                     0x08000163   Thumb Code     0  libinit2.o(.ARM.Collect$$libinit$$0000000E)
    __rt_lib_init_return                     0x08000163   Thumb Code     0  libinit2.o(.ARM.Collect$$libinit$$00000033)
    __rt_lib_init_signal_1                   0x08000163   Thumb Code     0  libinit2.o(.ARM.Collect$$libinit$$0000001D)
    __rt_lib_init_stdio_1                    0x08000163   Thumb Code     0  libinit2.o(.ARM.Collect$$libinit$$00000025)
    __rt_lib_init_user_alloc_1               0x08000163   Thumb Code     0  libinit2.o(.ARM.Collect$$libinit$$0000000C)
    __rt_lib_shutdown                        0x08000165   Thumb Code     0  libshutdown.o(.ARM.Collect$$libshutdown$$00000000)
    __rt_lib_shutdown_cpp_1                  0x08000167   Thumb Code     0  libshutdown2.o(.ARM.Collect$$libshutdown$$00000002)
    __rt_lib_shutdown_fp_trap_1              0x08000167   Thumb Code     0  libshutdown2.o(.ARM.Collect$$libshutdown$$00000007)
    __rt_lib_shutdown_heap_1                 0x08000167   Thumb Code     0  libshutdown2.o(.ARM.Collect$$libshutdown$$0000000F)
    __rt_lib_shutdown_return                 0x08000167   Thumb Code     0  libshutdown2.o(.ARM.Collect$$libshutdown$$00000010)
    __rt_lib_shutdown_signal_1               0x08000167   Thumb Code     0  libshutdown2.o(.ARM.Collect$$libshutdown$$0000000A)
    __rt_lib_shutdown_stdio_1                0x08000167   Thumb Code     0  libshutdown2.o(.ARM.Collect$$libshutdown$$00000004)
    __rt_lib_shutdown_user_alloc_1           0x08000167   Thumb Code     0  libshutdown2.o(.ARM.Collect$$libshutdown$$0000000C)
    __rt_entry                               0x08000169   Thumb Code     0  __rtentry.o(.ARM.Collect$$rtentry$$00000000)
    __rt_entry_presh_1                       0x08000169   Thumb Code     0  __rtentry2.o(.ARM.Collect$$rtentry$$00000002)
    __rt_entry_sh                            0x08000169   Thumb Code     0  __rtentry4.o(.ARM.Collect$$rtentry$$00000004)
    __rt_entry_li                            0x0800016f   Thumb Code     0  __rtentry2.o(.ARM.Collect$$rtentry$$0000000A)
    __rt_entry_postsh_1                      0x0800016f   Thumb Code     0  __rtentry2.o(.ARM.Collect$$rtentry$$00000009)
    __rt_entry_main                          0x08000173   Thumb Code     0  __rtentry2.o(.ARM.Collect$$rtentry$$0000000D)
    __rt_entry_postli_1                      0x08000173   Thumb Code     0  __rtentry2.o(.ARM.Collect$$rtentry$$0000000C)
    __rt_exit                                0x0800017b   Thumb Code     0  rtexit.o(.ARM.Collect$$rtexit$$00000000)
    __rt_exit_ls                             0x0800017d   Thumb Code     0  rtexit2.o(.ARM.Collect$$rtexit$$00000003)
    __rt_exit_prels_1                        0x0800017d   Thumb Code     0  rtexit2.o(.ARM.Collect$$rtexit$$00000002)
    __rt_exit_exit                           0x08000181   Thumb Code     0  rtexit2.o(.ARM.Collect$$rtexit$$00000004)
    Reset_Handler                            0x08000189   Thumb Code     8  startup_stm32f10x_md.o(.text)
    ADC1_2_IRQHandler                        0x080001a3   Thumb Code     0  startup_stm32f10x_md.o(.text)
    CAN1_RX1_IRQHandler                      0x080001a3   Thumb Code     0  startup_stm32f10x_md.o(.text)
    CAN1_SCE_IRQHandler                      0x080001a3   Thumb Code     0  startup_stm32f10x_md.o(.text)
    DMA1_Channel1_IRQHandler                 0x080001a3   Thumb Code     0  startup_stm32f10x_md.o(.text)
    DMA1_Channel2_IRQHandler                 0x080001a3   Thumb Code     0  startup_stm32f10x_md.o(.text)
    DMA1_Channel3_IRQHandler                 0x080001a3   Thumb Code     0  startup_stm32f10x_md.o(.text)
    DMA1_Channel4_IRQHandler                 0x080001a3   Thumb Code     0  startup_stm32f10x_md.o(.text)
    DMA1_Channel5_IRQHandler                 0x080001a3   Thumb Code     0  startup_stm32f10x_md.o(.text)
    DMA1_Channel6_IRQHandler                 0x080001a3   Thumb Code     0  startup_stm32f10x_md.o(.text)
    DMA1_Channel7_IRQHandler                 0x080001a3   Thumb Code     0  startup_stm32f10x_md.o(.text)
    EXTI0_IRQHandler                         0x080001a3   Thumb Code     0  startup_stm32f10x_md.o(.text)
    EXTI15_10_IRQHandler                     0x080001a3   Thumb Code     0  startup_stm32f10x_md.o(.text)
    EXTI1_IRQHandler                         0x080001a3   Thumb Code     0  startup_stm32f10x_md.o(.text)
    EXTI2_IRQHandler                         0x080001a3   Thumb Code     0  startup_stm32f10x_md.o(.text)
    EXTI3_IRQHandler                         0x080001a3   Thumb Code     0  startup_stm32f10x_md.o(.text)
    EXTI4_IRQHandler                         0x080001a3   Thumb Code     0  startup_stm32f10x_md.o(.text)
    EXTI9_5_IRQHandler                       0x080001a3   Thumb Code     0  startup_stm32f10x_md.o(.text)
    FLASH_IRQHandler                         0x080001a3   Thumb Code     0  startup_stm32f10x_md.o(.text)
    I2C1_ER_IRQHandler                       0x080001a3   Thumb Code     0  startup_stm32f10x_md.o(.text)
    I2C1_EV_IRQHandler                       0x080001a3   Thumb Code     0  startup_stm32f10x_md.o(.text)
    I2C2_ER_IRQHandler                       0x080001a3   Thumb Code     0  startup_stm32f10x_md.o(.text)
    I2C2_EV_IRQHandler                       0x080001a3   Thumb Code     0  startup_stm32f10x_md.o(.text)
    PVD_IRQHandler                           0x080001a3   Thumb Code     0  startup_stm32f10x_md.o(.text)
    RCC_IRQHandler                           0x080001a3   Thumb Code     0  startup_stm32f10x_md.o(.text)
    RTCAlarm_IRQHandler                      0x080001a3   Thumb Code     0  startup_stm32f10x_md.o(.text)
    RTC_IRQHandler                           0x080001a3   Thumb Code     0  startup_stm32f10x_md.o(.text)
    SPI1_IRQHandler                          0x080001a3   Thumb Code     0  startup_stm32f10x_md.o(.text)
    SPI2_IRQHandler                          0x080001a3   Thumb Code     0  startup_stm32f10x_md.o(.text)
    TAMPER_IRQHandler                        0x080001a3   Thumb Code     0  startup_stm32f10x_md.o(.text)
    TIM1_BRK_IRQHandler                      0x080001a3   Thumb Code     0  startup_stm32f10x_md.o(.text)
    TIM1_CC_IRQHandler                       0x080001a3   Thumb Code     0  startup_stm32f10x_md.o(.text)
    TIM1_TRG_COM_IRQHandler                  0x080001a3   Thumb Code     0  startup_stm32f10x_md.o(.text)
    TIM1_UP_IRQHandler                       0x080001a3   Thumb Code     0  startup_stm32f10x_md.o(.text)
    USART1_IRQHandler                        0x080001a3   Thumb Code     0  startup_stm32f10x_md.o(.text)
    USART2_IRQHandler                        0x080001a3   Thumb Code     0  startup_stm32f10x_md.o(.text)
    USART3_IRQHandler                        0x080001a3   Thumb Code     0  startup_stm32f10x_md.o(.text)
    USBWakeUp_IRQHandler                     0x080001a3   Thumb Code     0  startup_stm32f10x_md.o(.text)
    USB_HP_CAN1_TX_IRQHandler                0x080001a3   Thumb Code     0  startup_stm32f10x_md.o(.text)
    WWDG_IRQHandler                          0x080001a3   Thumb Code     0  startup_stm32f10x_md.o(.text)
    __user_initial_stackheap                 0x080001a5   Thumb Code     0  startup_stm32f10x_md.o(.text)
    RCC_Configuration                        0x080001c9   Thumb Code   164  main.o(.text)
    IWDG_INIT                                0x0800026d   Thumb Code    30  main.o(.text)
    GPIOInit                                 0x0800028b   Thumb Code   324  main.o(.text)
    CAN_Configuration                        0x080003cf   Thumb Code    90  main.o(.text)
    NVIC_Configuration                       0x080004b9   Thumb Code   122  main.o(.text)
    TIM_Configuration                        0x08000533   Thumb Code   192  main.o(.text)
    Exti_Configuration                       0x080005f3   Thumb Code    42  main.o(.text)
    main                                     0x0800061d   Thumb Code    94  main.o(.text)
    NMI_Handler                              0x080006a5   Thumb Code     2  stm32f10x_it.o(.text)
    HardFault_Handler                        0x080006a7   Thumb Code     4  stm32f10x_it.o(.text)
    MemManage_Handler                        0x080006ab   Thumb Code     4  stm32f10x_it.o(.text)
    BusFault_Handler                         0x080006af   Thumb Code     4  stm32f10x_it.o(.text)
    UsageFault_Handler                       0x080006b3   Thumb Code     4  stm32f10x_it.o(.text)
    SVC_Handler                              0x080006b7   Thumb Code     2  stm32f10x_it.o(.text)
    DebugMon_Handler                         0x080006b9   Thumb Code     2  stm32f10x_it.o(.text)
    PendSV_Handler                           0x080006bb   Thumb Code     2  stm32f10x_it.o(.text)
    SysTick_Handler                          0x080006bd   Thumb Code     2  stm32f10x_it.o(.text)
    Cal_PDU_CANID                            0x080006c1   Thumb Code   104  function.o(.text)
    Send_CAN_DataFrame_PDU_S                 0x08000729   Thumb Code   170  function.o(.text)
    Send_CAN_DataFrame_PDU                   0x080007d3   Thumb Code   434  function.o(.text)
    Send_CAN_HeartbeatFrame                  0x08000985   Thumb Code    88  function.o(.text)
    ReadADCAverageValue                      0x080009dd   Thumb Code    28  function.o(.text)
    SFlash                                   0x080009f9   Thumb Code   750  function.o(.text)
    SPulse                                   0x08000ce7   Thumb Code    16  function.o(.text)
    Receive_CAN_DataFrame                    0x08000cf7   Thumb Code    76  function.o(.text)
    SignalSet                                0x08000d43   Thumb Code   914  function.o(.text)
    ChannelSet                               0x080010d5   Thumb Code   360  function.o(.text)
    ChannelAlloff                            0x0800123d   Thumb Code   114  function.o(.text)
    GetChannelVoltageStatus                  0x080012af   Thumb Code   402  function.o(.text)
    sqrt_16                                  0x08001441   Thumb Code    64  function.o(.text)
    square_sum_average                       0x08001481   Thumb Code    54  function.o(.text)
    LightStatusCheck_Status                  0x080014b7   Thumb Code  1994  function.o(.text)
    Get_Adc                                  0x08001c81   Thumb Code   180  function.o(.text)
    Cal_Curr_average                         0x08001d35   Thumb Code   124  function.o(.text)
    RUNLED_FLASH                             0x08001db1   Thumb Code    56  function.o(.text)
    Get_Flashstatus                          0x08001de9   Thumb Code    90  function.o(.text)
    USB_LP_CAN1_RX0_IRQHandler               0x08001e43   Thumb Code   480  function.o(.text)
    TIM2_IRQHandler                          0x08002023   Thumb Code   830  function.o(.text)
    TIM3_IRQHandler                          0x08002361   Thumb Code   312  function.o(.text)
    TIM4_IRQHandler                          0x08002499   Thumb Code   614  function.o(.text)
    Get_Flash_CurrentValue                   0x080026ff   Thumb Code   736  function.o(.text)
    delay_init                               0x08002a05   Thumb Code    52  delay.o(.text)
    delay_ms                                 0x08002a39   Thumb Code    56  delay.o(.text)
    delay_us                                 0x08002a71   Thumb Code    56  delay.o(.text)
    NVIC_PriorityGroupConfig                 0x08002ab1   Thumb Code    10  misc.o(.text)
    NVIC_Init                                0x08002abb   Thumb Code   100  misc.o(.text)
    NVIC_SetVectorTable                      0x08002b1f   Thumb Code    14  misc.o(.text)
    NVIC_SystemLPConfig                      0x08002b2d   Thumb Code    34  misc.o(.text)
    SysTick_CLKSourceConfig                  0x08002b4f   Thumb Code    40  misc.o(.text)
    GPIO_DeInit                              0x08002b8d   Thumb Code   172  stm32f10x_gpio.o(.text)
    GPIO_AFIODeInit                          0x08002c39   Thumb Code    20  stm32f10x_gpio.o(.text)
    GPIO_Init                                0x08002c4d   Thumb Code   278  stm32f10x_gpio.o(.text)
    GPIO_StructInit                          0x08002d63   Thumb Code    16  stm32f10x_gpio.o(.text)
    GPIO_ReadInputDataBit                    0x08002d73   Thumb Code    18  stm32f10x_gpio.o(.text)
    GPIO_ReadInputData                       0x08002d85   Thumb Code     8  stm32f10x_gpio.o(.text)
    GPIO_ReadOutputDataBit                   0x08002d8d   Thumb Code    18  stm32f10x_gpio.o(.text)
    GPIO_ReadOutputData                      0x08002d9f   Thumb Code     8  stm32f10x_gpio.o(.text)
    GPIO_SetBits                             0x08002da7   Thumb Code     4  stm32f10x_gpio.o(.text)
    GPIO_ResetBits                           0x08002dab   Thumb Code     4  stm32f10x_gpio.o(.text)
    GPIO_WriteBit                            0x08002daf   Thumb Code    10  stm32f10x_gpio.o(.text)
    GPIO_Write                               0x08002db9   Thumb Code     4  stm32f10x_gpio.o(.text)
    GPIO_PinLockConfig                       0x08002dbd   Thumb Code    18  stm32f10x_gpio.o(.text)
    GPIO_EventOutputConfig                   0x08002dcf   Thumb Code    26  stm32f10x_gpio.o(.text)
    GPIO_EventOutputCmd                      0x08002de9   Thumb Code     6  stm32f10x_gpio.o(.text)
    GPIO_PinRemapConfig                      0x08002def   Thumb Code   138  stm32f10x_gpio.o(.text)
    GPIO_EXTILineConfig                      0x08002e79   Thumb Code    66  stm32f10x_gpio.o(.text)
    GPIO_ETH_MediaInterfaceConfig            0x08002ebb   Thumb Code     8  stm32f10x_gpio.o(.text)
    IWDG_WriteAccessCmd                      0x08002ee9   Thumb Code     6  stm32f10x_iwdg.o(.text)
    IWDG_SetPrescaler                        0x08002eef   Thumb Code     6  stm32f10x_iwdg.o(.text)
    IWDG_SetReload                           0x08002ef5   Thumb Code     6  stm32f10x_iwdg.o(.text)
    IWDG_ReloadCounter                       0x08002efb   Thumb Code    10  stm32f10x_iwdg.o(.text)
    IWDG_Enable                              0x08002f05   Thumb Code    10  stm32f10x_iwdg.o(.text)
    IWDG_GetFlagStatus                       0x08002f0f   Thumb Code    20  stm32f10x_iwdg.o(.text)
    RCC_DeInit                               0x08002f29   Thumb Code    64  stm32f10x_rcc.o(.text)
    RCC_HSEConfig                            0x08002f69   Thumb Code    70  stm32f10x_rcc.o(.text)
    RCC_GetFlagStatus                        0x08002faf   Thumb Code    56  stm32f10x_rcc.o(.text)
    RCC_WaitForHSEStartUp                    0x08002fe7   Thumb Code    56  stm32f10x_rcc.o(.text)
    RCC_AdjustHSICalibrationValue            0x0800301f   Thumb Code    20  stm32f10x_rcc.o(.text)
    RCC_HSICmd                               0x08003033   Thumb Code     6  stm32f10x_rcc.o(.text)
    RCC_PLLConfig                            0x08003039   Thumb Code    24  stm32f10x_rcc.o(.text)
    RCC_PLLCmd                               0x08003051   Thumb Code     6  stm32f10x_rcc.o(.text)
    RCC_SYSCLKConfig                         0x08003057   Thumb Code    18  stm32f10x_rcc.o(.text)
    RCC_GetSYSCLKSource                      0x08003069   Thumb Code    10  stm32f10x_rcc.o(.text)
    RCC_HCLKConfig                           0x08003073   Thumb Code    18  stm32f10x_rcc.o(.text)
    RCC_PCLK1Config                          0x08003085   Thumb Code    18  stm32f10x_rcc.o(.text)
    RCC_PCLK2Config                          0x08003097   Thumb Code    20  stm32f10x_rcc.o(.text)
    RCC_ITConfig                             0x080030ab   Thumb Code    26  stm32f10x_rcc.o(.text)
    RCC_USBCLKConfig                         0x080030c5   Thumb Code     8  stm32f10x_rcc.o(.text)
    RCC_ADCCLKConfig                         0x080030cd   Thumb Code    18  stm32f10x_rcc.o(.text)
    RCC_LSEConfig                            0x080030df   Thumb Code    50  stm32f10x_rcc.o(.text)
    RCC_LSICmd                               0x08003111   Thumb Code     6  stm32f10x_rcc.o(.text)
    RCC_RTCCLKConfig                         0x08003117   Thumb Code    12  stm32f10x_rcc.o(.text)
    RCC_RTCCLKCmd                            0x08003123   Thumb Code     8  stm32f10x_rcc.o(.text)
    RCC_GetClocksFreq                        0x0800312b   Thumb Code   192  stm32f10x_rcc.o(.text)
    RCC_AHBPeriphClockCmd                    0x080031eb   Thumb Code    26  stm32f10x_rcc.o(.text)
    RCC_APB2PeriphClockCmd                   0x08003205   Thumb Code    26  stm32f10x_rcc.o(.text)
    RCC_APB1PeriphClockCmd                   0x0800321f   Thumb Code    26  stm32f10x_rcc.o(.text)
    RCC_APB2PeriphResetCmd                   0x08003239   Thumb Code    26  stm32f10x_rcc.o(.text)
    RCC_APB1PeriphResetCmd                   0x08003253   Thumb Code    26  stm32f10x_rcc.o(.text)
    RCC_BackupResetCmd                       0x0800326d   Thumb Code     8  stm32f10x_rcc.o(.text)
    RCC_ClockSecuritySystemCmd               0x08003275   Thumb Code     6  stm32f10x_rcc.o(.text)
    RCC_MCOConfig                            0x0800327b   Thumb Code     6  stm32f10x_rcc.o(.text)
    RCC_ClearFlag                            0x08003281   Thumb Code    14  stm32f10x_rcc.o(.text)
    RCC_GetITStatus                          0x0800328f   Thumb Code    20  stm32f10x_rcc.o(.text)
    RCC_ClearITPendingBit                    0x080032a3   Thumb Code     6  stm32f10x_rcc.o(.text)
    ADC_DeInit                               0x080032cd   Thumb Code    78  stm32f10x_adc.o(.text)
    ADC_Init                                 0x0800331b   Thumb Code    70  stm32f10x_adc.o(.text)
    ADC_StructInit                           0x08003361   Thumb Code    18  stm32f10x_adc.o(.text)
    ADC_Cmd                                  0x08003373   Thumb Code    22  stm32f10x_adc.o(.text)
    ADC_DMACmd                               0x08003389   Thumb Code    22  stm32f10x_adc.o(.text)
    ADC_ITConfig                             0x0800339f   Thumb Code    24  stm32f10x_adc.o(.text)
    ADC_ResetCalibration                     0x080033b7   Thumb Code    10  stm32f10x_adc.o(.text)
    ADC_GetResetCalibrationStatus            0x080033c1   Thumb Code    20  stm32f10x_adc.o(.text)
    ADC_StartCalibration                     0x080033d5   Thumb Code    10  stm32f10x_adc.o(.text)
    ADC_GetCalibrationStatus                 0x080033df   Thumb Code    20  stm32f10x_adc.o(.text)
    ADC_SoftwareStartConvCmd                 0x080033f3   Thumb Code    22  stm32f10x_adc.o(.text)
    ADC_GetSoftwareStartConvStatus           0x08003409   Thumb Code    20  stm32f10x_adc.o(.text)
    ADC_DiscModeChannelCountConfig           0x0800341d   Thumb Code    24  stm32f10x_adc.o(.text)
    ADC_DiscModeCmd                          0x08003435   Thumb Code    22  stm32f10x_adc.o(.text)
    ADC_RegularChannelConfig                 0x0800344b   Thumb Code   184  stm32f10x_adc.o(.text)
    ADC_ExternalTrigConvCmd                  0x08003503   Thumb Code    22  stm32f10x_adc.o(.text)
    ADC_GetConversionValue                   0x08003519   Thumb Code     8  stm32f10x_adc.o(.text)
    ADC_GetDualModeConversionValue           0x08003521   Thumb Code     8  stm32f10x_adc.o(.text)
    ADC_AutoInjectedConvCmd                  0x08003529   Thumb Code    22  stm32f10x_adc.o(.text)
    ADC_InjectedDiscModeCmd                  0x0800353f   Thumb Code    22  stm32f10x_adc.o(.text)
    ADC_ExternalTrigInjectedConvConfig       0x08003555   Thumb Code    16  stm32f10x_adc.o(.text)
    ADC_ExternalTrigInjectedConvCmd          0x08003565   Thumb Code    22  stm32f10x_adc.o(.text)
    ADC_SoftwareStartInjectedConvCmd         0x0800357b   Thumb Code    22  stm32f10x_adc.o(.text)
    ADC_GetSoftwareStartInjectedConvCmdStatus 0x08003591   Thumb Code    20  stm32f10x_adc.o(.text)
    ADC_InjectedChannelConfig                0x080035a5   Thumb Code   130  stm32f10x_adc.o(.text)
    ADC_InjectedSequencerLengthConfig        0x08003627   Thumb Code    24  stm32f10x_adc.o(.text)
    ADC_SetInjectedOffset                    0x0800363f   Thumb Code    20  stm32f10x_adc.o(.text)
    ADC_GetInjectedConversionValue           0x08003653   Thumb Code    28  stm32f10x_adc.o(.text)
    ADC_AnalogWatchdogCmd                    0x0800366f   Thumb Code    16  stm32f10x_adc.o(.text)
    ADC_AnalogWatchdogThresholdsConfig       0x0800367f   Thumb Code     6  stm32f10x_adc.o(.text)
    ADC_AnalogWatchdogSingleChannelConfig    0x08003685   Thumb Code    16  stm32f10x_adc.o(.text)
    ADC_TempSensorVrefintCmd                 0x08003695   Thumb Code    64  stm32f10x_adc.o(.text)
    ADC_GetFlagStatus                        0x080036d5   Thumb Code    18  stm32f10x_adc.o(.text)
    ADC_ClearFlag                            0x080036e7   Thumb Code     6  stm32f10x_adc.o(.text)
    ADC_GetITStatus                          0x080036ed   Thumb Code    36  stm32f10x_adc.o(.text)
    ADC_ClearITPendingBit                    0x08003711   Thumb Code    10  stm32f10x_adc.o(.text)
    CAN_DeInit                               0x0800371d   Thumb Code    50  stm32f10x_can.o(.text)
    CAN_Init                                 0x0800374f   Thumb Code   276  stm32f10x_can.o(.text)
    CAN_FilterInit                           0x08003863   Thumb Code   258  stm32f10x_can.o(.text)
    CAN_StructInit                           0x08003965   Thumb Code    32  stm32f10x_can.o(.text)
    CAN_SlaveStartBank                       0x08003985   Thumb Code    48  stm32f10x_can.o(.text)
    CAN_DBGFreeze                            0x080039b5   Thumb Code    22  stm32f10x_can.o(.text)
    CAN_TTComModeCmd                         0x080039cb   Thumb Code   118  stm32f10x_can.o(.text)
    CAN_Transmit                             0x08003a41   Thumb Code   304  stm32f10x_can.o(.text)
    CAN_TransmitStatus                       0x08003b71   Thumb Code   138  stm32f10x_can.o(.text)
    CAN_CancelTransmit                       0x08003bfb   Thumb Code    48  stm32f10x_can.o(.text)
    CAN_Receive                              0x08003c2b   Thumb Code   240  stm32f10x_can.o(.text)
    CAN_FIFORelease                          0x08003d1b   Thumb Code    22  stm32f10x_can.o(.text)
    CAN_MessagePending                       0x08003d31   Thumb Code    30  stm32f10x_can.o(.text)
    CAN_OperatingModeRequest                 0x08003d4f   Thumb Code   162  stm32f10x_can.o(.text)
    CAN_Sleep                                0x08003df1   Thumb Code    30  stm32f10x_can.o(.text)
    CAN_WakeUp                               0x08003e0f   Thumb Code    48  stm32f10x_can.o(.text)
    CAN_GetLastErrorCode                     0x08003e3f   Thumb Code    12  stm32f10x_can.o(.text)
    CAN_GetReceiveErrorCounter               0x08003e4b   Thumb Code    10  stm32f10x_can.o(.text)
    CAN_GetLSBTransmitErrorCounter           0x08003e55   Thumb Code    12  stm32f10x_can.o(.text)
    CAN_ITConfig                             0x08003e61   Thumb Code    18  stm32f10x_can.o(.text)
    CAN_GetFlagStatus                        0x08003e73   Thumb Code   120  stm32f10x_can.o(.text)
    CAN_ClearFlag                            0x08003eeb   Thumb Code    52  stm32f10x_can.o(.text)
    CAN_GetITStatus                          0x08003f31   Thumb Code   310  stm32f10x_can.o(.text)
    CAN_ClearITPendingBit                    0x08004067   Thumb Code   162  stm32f10x_can.o(.text)
    TIM_DeInit                               0x0800410d   Thumb Code   424  stm32f10x_tim.o(.text)
    TIM_TimeBaseInit                         0x080042b5   Thumb Code   122  stm32f10x_tim.o(.text)
    TIM_OC1Init                              0x0800432f   Thumb Code   132  stm32f10x_tim.o(.text)
    TIM_OC2Init                              0x080043b3   Thumb Code   154  stm32f10x_tim.o(.text)
    TIM_OC3Init                              0x0800444d   Thumb Code   150  stm32f10x_tim.o(.text)
    TIM_OC4Init                              0x080044e3   Thumb Code   182  stm32f10x_tim.o(.text)
    TIM_SetIC4Prescaler                      0x08004599   Thumb Code    26  stm32f10x_tim.o(.text)
    TIM_SetIC3Prescaler                      0x08004635   Thumb Code    18  stm32f10x_tim.o(.text)
    TIM_SetIC2Prescaler                      0x080046c1   Thumb Code    26  stm32f10x_tim.o(.text)
    TIM_SetIC1Prescaler                      0x0800475d   Thumb Code    18  stm32f10x_tim.o(.text)
    TIM_ICInit                               0x080047db   Thumb Code   150  stm32f10x_tim.o(.text)
    TIM_PWMIConfig                           0x08004871   Thumb Code   124  stm32f10x_tim.o(.text)
    TIM_BDTRConfig                           0x080048ed   Thumb Code    32  stm32f10x_tim.o(.text)
    TIM_TimeBaseStructInit                   0x0800490d   Thumb Code    18  stm32f10x_tim.o(.text)
    TIM_OCStructInit                         0x0800491f   Thumb Code    20  stm32f10x_tim.o(.text)
    TIM_ICStructInit                         0x08004933   Thumb Code    18  stm32f10x_tim.o(.text)
    TIM_BDTRStructInit                       0x08004945   Thumb Code    40  stm32f10x_tim.o(.text)
    TIM_Cmd                                  0x0800496d   Thumb Code    24  stm32f10x_tim.o(.text)
    TIM_CtrlPWMOutputs                       0x08004985   Thumb Code    30  stm32f10x_tim.o(.text)
    TIM_ITConfig                             0x080049a3   Thumb Code    18  stm32f10x_tim.o(.text)
    TIM_GenerateEvent                        0x080049b5   Thumb Code     4  stm32f10x_tim.o(.text)
    TIM_DMAConfig                            0x080049b9   Thumb Code    10  stm32f10x_tim.o(.text)
    TIM_DMACmd                               0x080049c3   Thumb Code    18  stm32f10x_tim.o(.text)
    TIM_InternalClockConfig                  0x080049d5   Thumb Code    12  stm32f10x_tim.o(.text)
    TIM_SelectInputTrigger                   0x080049e1   Thumb Code    18  stm32f10x_tim.o(.text)
    TIM_ITRxExternalClockConfig              0x080049f3   Thumb Code    24  stm32f10x_tim.o(.text)
    TIM_TIxExternalClockConfig               0x08004a0b   Thumb Code    62  stm32f10x_tim.o(.text)
    TIM_ETRConfig                            0x08004a49   Thumb Code    28  stm32f10x_tim.o(.text)
    TIM_ETRClockMode1Config                  0x08004a65   Thumb Code    54  stm32f10x_tim.o(.text)
    TIM_ETRClockMode2Config                  0x08004a9b   Thumb Code    32  stm32f10x_tim.o(.text)
    TIM_PrescalerConfig                      0x08004abb   Thumb Code     6  stm32f10x_tim.o(.text)
    TIM_CounterModeConfig                    0x08004ac1   Thumb Code    18  stm32f10x_tim.o(.text)
    TIM_EncoderInterfaceConfig               0x08004ad3   Thumb Code    66  stm32f10x_tim.o(.text)
    TIM_ForcedOC1Config                      0x08004b15   Thumb Code    18  stm32f10x_tim.o(.text)
    TIM_ForcedOC2Config                      0x08004b27   Thumb Code    26  stm32f10x_tim.o(.text)
    TIM_ForcedOC3Config                      0x08004b41   Thumb Code    18  stm32f10x_tim.o(.text)
    TIM_ForcedOC4Config                      0x08004b53   Thumb Code    26  stm32f10x_tim.o(.text)
    TIM_ARRPreloadConfig                     0x08004b6d   Thumb Code    24  stm32f10x_tim.o(.text)
    TIM_SelectCOM                            0x08004b85   Thumb Code    24  stm32f10x_tim.o(.text)
    TIM_SelectCCDMA                          0x08004b9d   Thumb Code    24  stm32f10x_tim.o(.text)
    TIM_CCPreloadControl                     0x08004bb5   Thumb Code    24  stm32f10x_tim.o(.text)
    TIM_OC1PreloadConfig                     0x08004bcd   Thumb Code    18  stm32f10x_tim.o(.text)
    TIM_OC2PreloadConfig                     0x08004bdf   Thumb Code    26  stm32f10x_tim.o(.text)
    TIM_OC3PreloadConfig                     0x08004bf9   Thumb Code    18  stm32f10x_tim.o(.text)
    TIM_OC4PreloadConfig                     0x08004c0b   Thumb Code    26  stm32f10x_tim.o(.text)
    TIM_OC1FastConfig                        0x08004c25   Thumb Code    18  stm32f10x_tim.o(.text)
    TIM_OC2FastConfig                        0x08004c37   Thumb Code    26  stm32f10x_tim.o(.text)
    TIM_OC3FastConfig                        0x08004c51   Thumb Code    18  stm32f10x_tim.o(.text)
    TIM_OC4FastConfig                        0x08004c63   Thumb Code    26  stm32f10x_tim.o(.text)
    TIM_ClearOC1Ref                          0x08004c7d   Thumb Code    18  stm32f10x_tim.o(.text)
    TIM_ClearOC2Ref                          0x08004c8f   Thumb Code    24  stm32f10x_tim.o(.text)
    TIM_ClearOC3Ref                          0x08004ca7   Thumb Code    18  stm32f10x_tim.o(.text)
    TIM_ClearOC4Ref                          0x08004cb9   Thumb Code    24  stm32f10x_tim.o(.text)
    TIM_OC1PolarityConfig                    0x08004cd1   Thumb Code    18  stm32f10x_tim.o(.text)
    TIM_OC1NPolarityConfig                   0x08004ce3   Thumb Code    18  stm32f10x_tim.o(.text)
    TIM_OC2PolarityConfig                    0x08004cf5   Thumb Code    26  stm32f10x_tim.o(.text)
    TIM_OC2NPolarityConfig                   0x08004d0f   Thumb Code    26  stm32f10x_tim.o(.text)
    TIM_OC3PolarityConfig                    0x08004d29   Thumb Code    26  stm32f10x_tim.o(.text)
    TIM_OC3NPolarityConfig                   0x08004d43   Thumb Code    26  stm32f10x_tim.o(.text)
    TIM_OC4PolarityConfig                    0x08004d5d   Thumb Code    26  stm32f10x_tim.o(.text)
    TIM_CCxCmd                               0x08004d77   Thumb Code    30  stm32f10x_tim.o(.text)
    TIM_CCxNCmd                              0x08004d95   Thumb Code    30  stm32f10x_tim.o(.text)
    TIM_SelectOCxM                           0x08004db3   Thumb Code    82  stm32f10x_tim.o(.text)
    TIM_UpdateDisableConfig                  0x08004e05   Thumb Code    24  stm32f10x_tim.o(.text)
    TIM_UpdateRequestConfig                  0x08004e1d   Thumb Code    24  stm32f10x_tim.o(.text)
    TIM_SelectHallSensor                     0x08004e35   Thumb Code    24  stm32f10x_tim.o(.text)
    TIM_SelectOnePulseMode                   0x08004e4d   Thumb Code    18  stm32f10x_tim.o(.text)
    TIM_SelectOutputTrigger                  0x08004e5f   Thumb Code    18  stm32f10x_tim.o(.text)
    TIM_SelectSlaveMode                      0x08004e71   Thumb Code    18  stm32f10x_tim.o(.text)
    TIM_SelectMasterSlaveMode                0x08004e83   Thumb Code    18  stm32f10x_tim.o(.text)
    TIM_SetCounter                           0x08004e95   Thumb Code     4  stm32f10x_tim.o(.text)
    TIM_SetAutoreload                        0x08004e99   Thumb Code     4  stm32f10x_tim.o(.text)
    TIM_SetCompare1                          0x08004e9d   Thumb Code     4  stm32f10x_tim.o(.text)
    TIM_SetCompare2                          0x08004ea1   Thumb Code     4  stm32f10x_tim.o(.text)
    TIM_SetCompare3                          0x08004ea5   Thumb Code     4  stm32f10x_tim.o(.text)
    TIM_SetCompare4                          0x08004ea9   Thumb Code     6  stm32f10x_tim.o(.text)
    TIM_SetClockDivision                     0x08004eaf   Thumb Code    18  stm32f10x_tim.o(.text)
    TIM_GetCapture1                          0x08004ec1   Thumb Code     6  stm32f10x_tim.o(.text)
    TIM_GetCapture2                          0x08004ec7   Thumb Code     6  stm32f10x_tim.o(.text)
    TIM_GetCapture3                          0x08004ecd   Thumb Code     6  stm32f10x_tim.o(.text)
    TIM_GetCapture4                          0x08004ed3   Thumb Code     8  stm32f10x_tim.o(.text)
    TIM_GetCounter                           0x08004edb   Thumb Code     6  stm32f10x_tim.o(.text)
    TIM_GetPrescaler                         0x08004ee1   Thumb Code     6  stm32f10x_tim.o(.text)
    TIM_GetFlagStatus                        0x08004ee7   Thumb Code    18  stm32f10x_tim.o(.text)
    TIM_ClearFlag                            0x08004ef9   Thumb Code     6  stm32f10x_tim.o(.text)
    TIM_GetITStatus                          0x08004eff   Thumb Code    34  stm32f10x_tim.o(.text)
    TIM_ClearITPendingBit                    0x08004f21   Thumb Code     6  stm32f10x_tim.o(.text)
    FLASH_SetLatency                         0x08004f29   Thumb Code    18  stm32f10x_flash.o(.text)
    FLASH_HalfCycleAccessCmd                 0x08004f3b   Thumb Code    22  stm32f10x_flash.o(.text)
    FLASH_PrefetchBufferCmd                  0x08004f51   Thumb Code    22  stm32f10x_flash.o(.text)
    FLASH_Unlock                             0x08004f67   Thumb Code    12  stm32f10x_flash.o(.text)
    FLASH_UnlockBank1                        0x08004f73   Thumb Code    12  stm32f10x_flash.o(.text)
    FLASH_Lock                               0x08004f7f   Thumb Code    14  stm32f10x_flash.o(.text)
    FLASH_LockBank1                          0x08004f8d   Thumb Code    14  stm32f10x_flash.o(.text)
    FLASH_GetBank1Status                     0x08004f9b   Thumb Code    48  stm32f10x_flash.o(.text)
    FLASH_WaitForLastOperation               0x08004fcb   Thumb Code    38  stm32f10x_flash.o(.text)
    FLASH_ErasePage                          0x08004ff1   Thumb Code    72  stm32f10x_flash.o(.text)
    FLASH_EraseAllPages                      0x08005039   Thumb Code    68  stm32f10x_flash.o(.text)
    FLASH_WaitForLastBank1Operation          0x0800507d   Thumb Code    38  stm32f10x_flash.o(.text)
    FLASH_EraseAllBank1Pages                 0x080050a3   Thumb Code    68  stm32f10x_flash.o(.text)
    FLASH_GetReadOutProtectionStatus         0x080050e7   Thumb Code    20  stm32f10x_flash.o(.text)
    FLASH_EraseOptionBytes                   0x080050fb   Thumb Code   150  stm32f10x_flash.o(.text)
    FLASH_ProgramWord                        0x08005191   Thumb Code   102  stm32f10x_flash.o(.text)
    FLASH_ProgramHalfWord                    0x080051f7   Thumb Code    60  stm32f10x_flash.o(.text)
    FLASH_ProgramOptionByteData              0x08005233   Thumb Code    72  stm32f10x_flash.o(.text)
    FLASH_EnableWriteProtection              0x0800527b   Thumb Code   200  stm32f10x_flash.o(.text)
    FLASH_ReadOutProtection                  0x08005343   Thumb Code   156  stm32f10x_flash.o(.text)
    FLASH_UserOptionByteConfig               0x080053df   Thumb Code    88  stm32f10x_flash.o(.text)
    FLASH_GetUserOptionByte                  0x08005437   Thumb Code     8  stm32f10x_flash.o(.text)
    FLASH_GetWriteProtectionOptionByte       0x0800543f   Thumb Code     6  stm32f10x_flash.o(.text)
    FLASH_GetPrefetchBufferStatus            0x08005445   Thumb Code    20  stm32f10x_flash.o(.text)
    FLASH_ITConfig                           0x08005459   Thumb Code    26  stm32f10x_flash.o(.text)
    FLASH_GetFlagStatus                      0x08005473   Thumb Code    42  stm32f10x_flash.o(.text)
    FLASH_ClearFlag                          0x0800549d   Thumb Code     6  stm32f10x_flash.o(.text)
    FLASH_GetStatus                          0x080054a3   Thumb Code    48  stm32f10x_flash.o(.text)
    EXTI_DeInit                              0x080054e5   Thumb Code    28  stm32f10x_exti.o(.text)
    EXTI_Init                                0x08005501   Thumb Code   142  stm32f10x_exti.o(.text)
    EXTI_StructInit                          0x0800558f   Thumb Code    16  stm32f10x_exti.o(.text)
    EXTI_GenerateSWInterrupt                 0x0800559f   Thumb Code    16  stm32f10x_exti.o(.text)
    EXTI_GetFlagStatus                       0x080055af   Thumb Code    22  stm32f10x_exti.o(.text)
    EXTI_ClearFlag                           0x080055c5   Thumb Code     8  stm32f10x_exti.o(.text)
    EXTI_GetITStatus                         0x080055cd   Thumb Code    34  stm32f10x_exti.o(.text)
    EXTI_ClearITPendingBit                   0x080055ef   Thumb Code     8  stm32f10x_exti.o(.text)
    SystemInit                               0x080056df   Thumb Code    78  system_stm32f10x.o(.text)
    SystemCoreClockUpdate                    0x0800572d   Thumb Code   142  system_stm32f10x.o(.text)
    __aeabi_memclr4                          0x080057e1   Thumb Code     0  rt_memclr_w.o(.text)
    __aeabi_memclr8                          0x080057e1   Thumb Code     0  rt_memclr_w.o(.text)
    __rt_memclr_w                            0x080057e1   Thumb Code    78  rt_memclr_w.o(.text)
    _memset_w                                0x080057e5   Thumb Code     0  rt_memclr_w.o(.text)
    __use_two_region_memory                  0x0800582f   Thumb Code     2  heapauxi.o(.text)
    __rt_heap_escrow$2region                 0x08005831   Thumb Code     2  heapauxi.o(.text)
    __rt_heap_expand$2region                 0x08005833   Thumb Code     2  heapauxi.o(.text)
    __user_setup_stackheap                   0x08005835   Thumb Code    74  sys_stackheap_outer.o(.text)
    exit                                     0x0800587f   Thumb Code    18  exit.o(.text)
    __user_libspace                          0x08005891   Thumb Code     8  libspace.o(.text)
    __user_perproc_libspace                  0x08005891   Thumb Code     0  libspace.o(.text)
    __user_perthread_libspace                0x08005891   Thumb Code     0  libspace.o(.text)
    _sys_exit                                0x08005899   Thumb Code     8  sys_exit.o(.text)
    __I$use$semihosting                      0x080058a5   Thumb Code     0  use_no_semi.o(.text)
    __use_no_semihosting_swi                 0x080058a5   Thumb Code     2  use_no_semi.o(.text)
    __semihosting_library_function           0x080058a7   Thumb Code     0  indicate_semi.o(.text)
    Region$$Table$$Base                      0x080058a8   Number         0  anon$$obj.o(Region$$Table)
    Region$$Table$$Limit                     0x080058c8   Number         0  anon$$obj.o(Region$$Table)
    DutyCount                                0x20000000   Data           1  function.o(.data)
    PaluseCount                              0x20000001   Data           1  function.o(.data)
    RunLedCount                              0x20000002   Data           1  function.o(.data)
    HeartsendCnt                             0x20000003   Data           1  function.o(.data)
    Paluseflag                               0x20000004   Data           1  function.o(.data)
    nchannel                                 0x20000005   Data           1  function.o(.data)
    ADC_ConvertCount                         0x20000006   Data           1  function.o(.data)
    PDU_CAN_ID                               0x20000007   Data           1  function.o(.data)
    GetHeartbaet                             0x20000008   Data           1  function.o(.data)
    InitializedFlag                          0x20000009   Data           1  function.o(.data)
    CMDgetFlag                               0x2000000a   Data           1  function.o(.data)
    SendHeartbeatFlag                        0x2000000b   Data           1  function.o(.data)
    CalAverageFlag                           0x2000000c   Data           1  function.o(.data)
    SystemStatusFlag                         0x2000000d   Data           1  function.o(.data)
    Rx_Message                               0x2000000e   Data           8  function.o(.data)
    FuncNumber                               0x20000016   Data           2  function.o(.data)
    Sendlatestflag                           0x20000018   Data           1  function.o(.data)
    Allowcheckflag                           0x20000019   Data           1  function.o(.data)
    C_Flashget1                              0x2000001a   Data           1  function.o(.data)
    C_Flashget2                              0x2000001b   Data           1  function.o(.data)
    C_Flashget3                              0x2000001c   Data           1  function.o(.data)
    C_Flashget4                              0x2000001d   Data           1  function.o(.data)
    HeartlostCnt                             0x2000001e   Data           1  function.o(.data)
    PSstatus                                 0x2000001f   Data           1  function.o(.data)
    SenddataCnt                              0x20000020   Data           1  function.o(.data)
    Statustemp                               0x20000021   Data           1  function.o(.data)
    Allowcurrgetflag                         0x20000022   Data           1  function.o(.data)
    Convert_num                              0x20000023   Data           1  function.o(.data)
    ADCValue1                                0x20000024   Data           4  function.o(.data)
    ADCValue2                                0x20000028   Data           4  function.o(.data)
    ADCValue3                                0x2000002c   Data           4  function.o(.data)
    ADCValue4                                0x20000030   Data           4  function.o(.data)
    Average_Current1temp                     0x20000034   Data           2  function.o(.data)
    Average_Current2temp                     0x20000036   Data           2  function.o(.data)
    Average_Current3temp                     0x20000038   Data           2  function.o(.data)
    Average_Current4temp                     0x2000003a   Data           2  function.o(.data)
    CurrentValue1                            0x2000003c   Data           2  function.o(.data)
    CurrentValue2                            0x2000003e   Data           2  function.o(.data)
    CurrentValue3                            0x20000040   Data           2  function.o(.data)
    CurrentValue4                            0x20000042   Data           2  function.o(.data)
    s_CurrentValue1                          0x20000044   Data           2  function.o(.data)
    s_CurrentValue2                          0x20000046   Data           2  function.o(.data)
    s_CurrentValue3                          0x20000048   Data           2  function.o(.data)
    s_CurrentValue4                          0x2000004a   Data           2  function.o(.data)
    s_CurrentCnt1                            0x2000004c   Data           1  function.o(.data)
    s_CurrentCnt2                            0x2000004d   Data           1  function.o(.data)
    s_CurrentCnt3                            0x2000004e   Data           1  function.o(.data)
    s_CurrentCnt4                            0x2000004f   Data           1  function.o(.data)
    FlashCnt1                                0x20000056   Data           2  function.o(.data)
    FlashCnt2                                0x20000058   Data           2  function.o(.data)
    FlashCnt3                                0x2000005a   Data           2  function.o(.data)
    FlashCnt4                                0x2000005c   Data           2  function.o(.data)
    Flash_current1                           0x2000005e   Data           2  function.o(.data)
    Flash_current2                           0x20000060   Data           2  function.o(.data)
    Flash_current3                           0x20000062   Data           2  function.o(.data)
    Flash_current4                           0x20000064   Data           2  function.o(.data)
    Flash_current1temp                       0x20000066   Data           2  function.o(.data)
    Flash_current2temp                       0x20000068   Data           2  function.o(.data)
    Flash_current3temp                       0x2000006a   Data           2  function.o(.data)
    Flash_current4temp                       0x2000006c   Data           2  function.o(.data)
    Flash_current1Cnt                        0x2000006e   Data           1  function.o(.data)
    Flash_current2Cnt                        0x2000006f   Data           1  function.o(.data)
    Flash_current3Cnt                        0x20000070   Data           1  function.o(.data)
    Flash_current4Cnt                        0x20000071   Data           1  function.o(.data)
    SendFlashcurr1                           0x20000072   Data           1  function.o(.data)
    SendFlashcurr2                           0x20000073   Data           1  function.o(.data)
    SendFlashcurr3                           0x20000074   Data           1  function.o(.data)
    SendFlashcurr4                           0x20000075   Data           1  function.o(.data)
    receivecmdCnt                            0x20000076   Data           1  function.o(.data)
    cmdtimecnt                               0x20000077   Data           1  function.o(.data)
    SystemCoreClock                          0x20000090   Data           4  system_stm32f10x.o(.data)
    AHBPrescTable                            0x20000094   Data          16  system_stm32f10x.o(.data)
    SignalCon                                0x200000a4   Data          12  function.o(.bss)
    TxBuff                                   0x200000b0   Data          11  function.o(.bss)
    ADC_ConvertedValue                       0x200000bc   Data          16  function.o(.bss)
    ChannelVoltage                           0x200000d6   Data          12  function.o(.bss)
    Current1                                 0x200000e4   Data         400  function.o(.bss)
    Current2                                 0x20000274   Data         400  function.o(.bss)
    Current3                                 0x20000404   Data         400  function.o(.bss)
    Current4                                 0x20000594   Data         400  function.o(.bss)
    Currenttemp1                             0x20000724   Data        2000  function.o(.bss)
    Currenttemp2                             0x20000ef4   Data        2000  function.o(.bss)
    Currenttemp3                             0x200016c4   Data        2000  function.o(.bss)
    Currenttemp4                             0x20001e94   Data        2000  function.o(.bss)
    Average_Current1                         0x20002664   Data          10  function.o(.bss)
    Average_Current2                         0x2000266e   Data          10  function.o(.bss)
    Average_Current3                         0x20002678   Data          10  function.o(.bss)
    Average_Current4                         0x20002682   Data          10  function.o(.bss)
    Flashflag                                0x2000268c   Data          12  function.o(.bss)
    CH_1                                     0x20002698   Data          13  function.o(.bss)
    CH_2                                     0x200026a5   Data          16  function.o(.bss)
    CH_3                                     0x200026b5   Data          16  function.o(.bss)
    CH_4                                     0x200026c5   Data          16  function.o(.bss)
    test                                     0x200026d5   Data         100  function.o(.bss)
    CMDtime                                  0x20002739   Data          20  function.o(.bss)
    __libspace_start                         0x20002750   Data          96  libspace.o(.bss)
    __temporary_stack_top$libspace           0x200027b0   Data           0  libspace.o(.bss)



==============================================================================

Memory Map of the image

  Image Entry point : 0x08000189

  Load Region LR_1 (Base: 0x08000000, Size: 0x0000596c, Max: 0xffffffff, ABSOLUTE)

    Execution Region ER_RO (Base: 0x08000000, Size: 0x000058c8, Max: 0xffffffff, ABSOLUTE)

    Base Addr    Size         Type   Attr      Idx    E Section Name        Object

    0x08000000   0x000000ec   Data   RO            3    RESET               startup_stm32f10x_md.o
    0x080000ec   0x00000008   Code   RO          560  * !!!main             c_w.l(__main.o)
    0x080000f4   0x00000034   Code   RO          717    !!!scatter          c_w.l(__scatter.o)
    0x08000128   0x0000001a   Code   RO          719    !!handler_copy      c_w.l(__scatter_copy.o)
    0x08000142   0x00000002   PAD
    0x08000144   0x0000001c   Code   RO          721    !!handler_zi        c_w.l(__scatter_zi.o)
    0x08000160   0x00000002   Code   RO          587    .ARM.Collect$$libinit$$00000000  c_w.l(libinit.o)
    0x08000162   0x00000000   Code   RO          594    .ARM.Collect$$libinit$$00000002  c_w.l(libinit2.o)
    0x08000162   0x00000000   Code   RO          596    .ARM.Collect$$libinit$$00000004  c_w.l(libinit2.o)
    0x08000162   0x00000000   Code   RO          599    .ARM.Collect$$libinit$$0000000A  c_w.l(libinit2.o)
    0x08000162   0x00000000   Code   RO          601    .ARM.Collect$$libinit$$0000000C  c_w.l(libinit2.o)
    0x08000162   0x00000000   Code   RO          603    .ARM.Collect$$libinit$$0000000E  c_w.l(libinit2.o)
    0x08000162   0x00000000   Code   RO          606    .ARM.Collect$$libinit$$00000011  c_w.l(libinit2.o)
    0x08000162   0x00000000   Code   RO          608    .ARM.Collect$$libinit$$00000013  c_w.l(libinit2.o)
    0x08000162   0x00000000   Code   RO          610    .ARM.Collect$$libinit$$00000015  c_w.l(libinit2.o)
    0x08000162   0x00000000   Code   RO          612    .ARM.Collect$$libinit$$00000017  c_w.l(libinit2.o)
    0x08000162   0x00000000   Code   RO          614    .ARM.Collect$$libinit$$00000019  c_w.l(libinit2.o)
    0x08000162   0x00000000   Code   RO          616    .ARM.Collect$$libinit$$0000001B  c_w.l(libinit2.o)
    0x08000162   0x00000000   Code   RO          618    .ARM.Collect$$libinit$$0000001D  c_w.l(libinit2.o)
    0x08000162   0x00000000   Code   RO          620    .ARM.Collect$$libinit$$0000001F  c_w.l(libinit2.o)
    0x08000162   0x00000000   Code   RO          622    .ARM.Collect$$libinit$$00000021  c_w.l(libinit2.o)
    0x08000162   0x00000000   Code   RO          624    .ARM.Collect$$libinit$$00000023  c_w.l(libinit2.o)
    0x08000162   0x00000000   Code   RO          626    .ARM.Collect$$libinit$$00000025  c_w.l(libinit2.o)
    0x08000162   0x00000000   Code   RO          630    .ARM.Collect$$libinit$$0000002C  c_w.l(libinit2.o)
    0x08000162   0x00000000   Code   RO          632    .ARM.Collect$$libinit$$0000002E  c_w.l(libinit2.o)
    0x08000162   0x00000000   Code   RO          634    .ARM.Collect$$libinit$$00000030  c_w.l(libinit2.o)
    0x08000162   0x00000000   Code   RO          636    .ARM.Collect$$libinit$$00000032  c_w.l(libinit2.o)
    0x08000162   0x00000002   Code   RO          637    .ARM.Collect$$libinit$$00000033  c_w.l(libinit2.o)
    0x08000164   0x00000002   Code   RO          657    .ARM.Collect$$libshutdown$$00000000  c_w.l(libshutdown.o)
    0x08000166   0x00000000   Code   RO          670    .ARM.Collect$$libshutdown$$00000002  c_w.l(libshutdown2.o)
    0x08000166   0x00000000   Code   RO          672    .ARM.Collect$$libshutdown$$00000004  c_w.l(libshutdown2.o)
    0x08000166   0x00000000   Code   RO          675    .ARM.Collect$$libshutdown$$00000007  c_w.l(libshutdown2.o)
    0x08000166   0x00000000   Code   RO          678    .ARM.Collect$$libshutdown$$0000000A  c_w.l(libshutdown2.o)
    0x08000166   0x00000000   Code   RO          680    .ARM.Collect$$libshutdown$$0000000C  c_w.l(libshutdown2.o)
    0x08000166   0x00000000   Code   RO          683    .ARM.Collect$$libshutdown$$0000000F  c_w.l(libshutdown2.o)
    0x08000166   0x00000002   Code   RO          684    .ARM.Collect$$libshutdown$$00000010  c_w.l(libshutdown2.o)
    0x08000168   0x00000000   Code   RO          562    .ARM.Collect$$rtentry$$00000000  c_w.l(__rtentry.o)
    0x08000168   0x00000000   Code   RO          564    .ARM.Collect$$rtentry$$00000002  c_w.l(__rtentry2.o)
    0x08000168   0x00000006   Code   RO          576    .ARM.Collect$$rtentry$$00000004  c_w.l(__rtentry4.o)
    0x0800016e   0x00000000   Code   RO          566    .ARM.Collect$$rtentry$$00000009  c_w.l(__rtentry2.o)
    0x0800016e   0x00000004   Code   RO          567    .ARM.Collect$$rtentry$$0000000A  c_w.l(__rtentry2.o)
    0x08000172   0x00000000   Code   RO          569    .ARM.Collect$$rtentry$$0000000C  c_w.l(__rtentry2.o)
    0x08000172   0x00000008   Code   RO          570    .ARM.Collect$$rtentry$$0000000D  c_w.l(__rtentry2.o)
    0x0800017a   0x00000002   Code   RO          591    .ARM.Collect$$rtexit$$00000000  c_w.l(rtexit.o)
    0x0800017c   0x00000000   Code   RO          639    .ARM.Collect$$rtexit$$00000002  c_w.l(rtexit2.o)
    0x0800017c   0x00000004   Code   RO          640    .ARM.Collect$$rtexit$$00000003  c_w.l(rtexit2.o)
    0x08000180   0x00000006   Code   RO          641    .ARM.Collect$$rtexit$$00000004  c_w.l(rtexit2.o)
    0x08000186   0x00000002   PAD
    0x08000188   0x00000040   Code   RO            4  * .text               startup_stm32f10x_md.o
    0x080001c8   0x000004dc   Code   RO           13    .text               main.o
    0x080006a4   0x0000001a   Code   RO          148    .text               stm32f10x_it.o
    0x080006be   0x00000002   PAD
    0x080006c0   0x00002344   Code   RO          175    .text               function.o
    0x08002a04   0x000000ac   Code   RO          206    .text               delay.o
    0x08002ab0   0x000000dc   Code   RO          232    .text               misc.o
    0x08002b8c   0x0000035c   Code   RO          256    .text               stm32f10x_gpio.o
    0x08002ee8   0x00000040   Code   RO          280    .text               stm32f10x_iwdg.o
    0x08002f28   0x000003a4   Code   RO          328    .text               stm32f10x_rcc.o
    0x080032cc   0x0000044e   Code   RO          354    .text               stm32f10x_adc.o
    0x0800371a   0x00000002   PAD
    0x0800371c   0x000009f0   Code   RO          378    .text               stm32f10x_can.o
    0x0800410c   0x00000e1a   Code   RO          426    .text               stm32f10x_tim.o
    0x08004f26   0x00000002   PAD
    0x08004f28   0x000005bc   Code   RO          450    .text               stm32f10x_flash.o
    0x080054e4   0x0000011c   Code   RO          474    .text               stm32f10x_exti.o
    0x08005600   0x000001e0   Code   RO          508    .text               system_stm32f10x.o
    0x080057e0   0x0000004e   Code   RO          556    .text               c_w.l(rt_memclr_w.o)
    0x0800582e   0x00000006   Code   RO          558    .text               c_w.l(heapauxi.o)
    0x08005834   0x0000004a   Code   RO          578    .text               c_w.l(sys_stackheap_outer.o)
    0x0800587e   0x00000012   Code   RO          580    .text               c_w.l(exit.o)
    0x08005890   0x00000008   Code   RO          588    .text               c_w.l(libspace.o)
    0x08005898   0x0000000c   Code   RO          649    .text               c_w.l(sys_exit.o)
    0x080058a4   0x00000002   Code   RO          660    .text               c_w.l(use_no_semi.o)
    0x080058a6   0x00000000   Code   RO          662    .text               c_w.l(indicate_semi.o)
    0x080058a6   0x00000002   PAD
    0x080058a8   0x00000020   Data   RO          715    Region$$Table       anon$$obj.o


    Execution Region ER_RW (Base: 0x20000000, Size: 0x000000a4, Max: 0xffffffff, ABSOLUTE)

    Base Addr    Size         Type   Attr      Idx    E Section Name        Object

    0x20000000   0x00000078   Data   RW          177    .data               function.o
    0x20000078   0x00000004   Data   RW          207    .data               delay.o
    0x2000007c   0x00000014   Data   RW          329    .data               stm32f10x_rcc.o
    0x20000090   0x00000014   Data   RW          509    .data               system_stm32f10x.o


    Execution Region ER_ZI (Base: 0x200000a4, Size: 0x00002d0c, Max: 0xffffffff, ABSOLUTE)

    Base Addr    Size         Type   Attr      Idx    E Section Name        Object

    0x200000a4   0x000026a9   Zero   RW          176    .bss                function.o
    0x2000274d   0x00000003   PAD
    0x20002750   0x00000060   Zero   RW          589    .bss                c_w.l(libspace.o)
    0x200027b0   0x00000200   Zero   RW            2    HEAP                startup_stm32f10x_md.o
    0x200029b0   0x00000400   Zero   RW            1    STACK               startup_stm32f10x_md.o


==============================================================================

Image component sizes


      Code (inc. data)   RO Data    RW Data    ZI Data      Debug   Object Name

       172          8          0          4          0        987   delay.o
      9028        722          0        120       9897      19538   function.o
      1244         42          0          0          0     273586   main.o
       220         22          0          0          0       1677   misc.o
        64         26        236          0       1536        804   startup_stm32f10x_md.o
      1102         26          0          0          0      10913   stm32f10x_adc.o
      2544         38          0          0          0       7904   stm32f10x_can.o
       284         10          0          0          0       2131   stm32f10x_exti.o
      1468         34          0          0          0       8086   stm32f10x_flash.o
       860         38          0          0          0       5609   stm32f10x_gpio.o
        26          0          0          0          0       1170   stm32f10x_it.o
        64          6          0          0          0       1221   stm32f10x_iwdg.o
       932         36          0         20          0       8744   stm32f10x_rcc.o
      3610         88          0          0          0      22716   stm32f10x_tim.o
       480         38          0         20          0       1839   system_stm32f10x.o

    ----------------------------------------------------------------------
     22104       1134        268        164      11436     366925   Object Totals
         0          0         32          0          0          0   (incl. Generated)
         6          0          0          0          3          0   (incl. Padding)

    ----------------------------------------------------------------------

      Code (inc. data)   RO Data    RW Data    ZI Data      Debug   Library Member Name

         8          0          0          0          0         68   __main.o
         0          0          0          0          0          0   __rtentry.o
        12          0          0          0          0          0   __rtentry2.o
         6          0          0          0          0          0   __rtentry4.o
        52          8          0          0          0          0   __scatter.o
        26          0          0          0          0          0   __scatter_copy.o
        28          0          0          0          0          0   __scatter_zi.o
        18          0          0          0          0         80   exit.o
         6          0          0          0          0        152   heapauxi.o
         0          0          0          0          0          0   indicate_semi.o
         2          0          0          0          0          0   libinit.o
         2          0          0          0          0          0   libinit2.o
         2          0          0          0          0          0   libshutdown.o
         2          0          0          0          0          0   libshutdown2.o
         8          4          0          0         96         68   libspace.o
        78          0          0          0          0         80   rt_memclr_w.o
         2          0          0          0          0          0   rtexit.o
        10          0          0          0          0          0   rtexit2.o
        12          4          0          0          0         68   sys_exit.o
        74          0          0          0          0         80   sys_stackheap_outer.o
         2          0          0          0          0         68   use_no_semi.o

    ----------------------------------------------------------------------
       356         16          0          0         96        664   Library Totals
         6          0          0          0          0          0   (incl. Padding)

    ----------------------------------------------------------------------

      Code (inc. data)   RO Data    RW Data    ZI Data      Debug   Library Name

       350         16          0          0         96        664   c_w.l

    ----------------------------------------------------------------------
       356         16          0          0         96        664   Library Totals

    ----------------------------------------------------------------------

==============================================================================


      Code (inc. data)   RO Data    RW Data    ZI Data      Debug   

     22460       1150        268        164      11532     365817   Grand Totals
     22460       1150        268        164      11532     365817   ELF Image Totals
     22460       1150        268        164          0          0   ROM Totals

==============================================================================

    Total RO  Size (Code + RO Data)                22728 (  22.20kB)
    Total RW  Size (RW Data + ZI Data)             11696 (  11.42kB)
    Total ROM Size (Code + RO Data + RW Data)      22892 (  22.36kB)

==============================================================================

